          <idle>-0       [024] d.h..  1941.486152: local_apic_timer_interrupt: ffffffffa3a3e860 hrtimer_interrupt+0x0/0x380
          <idle>-0       [024] d....  1941.486164: sched_switch: prev_comm=swapper/24 prev_pid=0 prev_prio=120 prev_state=R ==> next_comm=kcompactd0 next_pid=316 next_prio=120
      kcompactd0-316     [024] d....  1941.486171: clockevents_program_event: seting clock event using lapic_next_deadline+0x0/0x50 with delta 503976860      kcompactd0-316     [024] d....  1941.486175: sched_switch: prev_comm=kcompactd0 prev_pid=316 prev_prio=120 prev_state=S ==> next_comm=swapper/24 next_pid=0 next_prio=120
          <idle>-0       [024] d.h..  1941.990155: local_apic_timer_interrupt: ffffffffa3a3e860 hrtimer_interrupt+0x0/0x380
          <idle>-0       [024] d....  1941.990166: sched_switch: prev_comm=swapper/24 prev_pid=0 prev_prio=120 prev_state=R ==> next_comm=kcompactd0 next_pid=316 next_prio=120
      kcompactd0-316     [024] d....  1941.990173: clockevents_program_event: seting clock event using lapic_next_deadline+0x0/0x50 with delta 503974673      kcompactd0-316     [024] d....  1941.990176: sched_switch: prev_comm=kcompactd0 prev_pid=316 prev_prio=120 prev_state=S ==> next_comm=swapper/24 next_pid=0 next_prio=120
          <idle>-0       [024] d.h..  1942.494152: local_apic_timer_interrupt: ffffffffa3a3e860 hrtimer_interrupt+0x0/0x380
          <idle>-0       [024] dN...  1942.494165: clockevents_program_event: seting clock event using lapic_next_deadline+0x0/0x50 with delta 231540          <idle>-0       [024] d....  1942.494169: sched_switch: prev_comm=swapper/24 prev_pid=0 prev_prio=120 prev_state=R ==> next_comm=kworker/24:1 next_pid=358 next_prio=120
    kworker/24:1-358     [024] d....  1942.494201: sched_switch: prev_comm=kworker/24:1 prev_pid=358 prev_prio=120 prev_state=I ==> next_comm=kcompactd0 next_pid=316 next_prio=120
      kcompactd0-316     [024] d....  1942.494204: sched_switch: prev_comm=kcompactd0 prev_pid=316 prev_prio=120 prev_state=S ==> next_comm=swapper/24 next_pid=0 next_prio=120
          <idle>-0       [024] d.h..  1942.494399: local_apic_timer_interrupt: ffffffffa3a3e860 hrtimer_interrupt+0x0/0x380
          <idle>-0       [024] d.h..  1942.494402: clockevents_program_event: seting clock event using lapic_next_deadline+0x0/0x50 with delta 995033          <idle>-0       [024] d.h..  1942.495399: local_apic_timer_interrupt: ffffffffa3a3e860 hrtimer_interrupt+0x0/0x380
          <idle>-0       [024] d.h..  1942.495401: clockevents_program_event: seting clock event using lapic_next_deadline+0x0/0x50 with delta 995419          <idle>-0       [024] d....  1942.495406: clockevents_program_event: seting clock event using lapic_next_deadline+0x0/0x50 with delta 502741173          <idle>-0       [024] d.h..  1942.998152: local_apic_timer_interrupt: ffffffffa3a3e860 hrtimer_interrupt+0x0/0x380
          <idle>-0       [024] d....  1942.998162: sched_switch: prev_comm=swapper/24 prev_pid=0 prev_prio=120 prev_state=R ==> next_comm=kcompactd0 next_pid=316 next_prio=120
      kcompactd0-316     [024] d....  1942.998170: clockevents_program_event: seting clock event using lapic_next_deadline+0x0/0x50 with delta 503977384      kcompactd0-316     [024] d....  1942.998174: sched_switch: prev_comm=kcompactd0 prev_pid=316 prev_prio=120 prev_state=S ==> next_comm=swapper/24 next_pid=0 next_prio=120
          <idle>-0       [024] d.h..  1943.502152: local_apic_timer_interrupt: ffffffffa3a3e860 hrtimer_interrupt+0x0/0x380
          <idle>-0       [024] d....  1943.502164: sched_switch: prev_comm=swapper/24 prev_pid=0 prev_prio=120 prev_state=R ==> next_comm=kcompactd0 next_pid=316 next_prio=120
      kcompactd0-316     [024] d....  1943.502170: clockevents_program_event: seting clock event using lapic_next_deadline+0x0/0x50 with delta 503976480      kcompactd0-316     [024] d....  1943.502174: sched_switch: prev_comm=kcompactd0 prev_pid=316 prev_prio=120 prev_state=S ==> next_comm=swapper/24 next_pid=0 next_prio=120
          <idle>-0       [024] d.h..  1944.006151: local_apic_timer_interrupt: ffffffffa3a3e860 hrtimer_interrupt+0x0/0x380
          <idle>-0       [024] d....  1944.006162: sched_switch: prev_comm=swapper/24 prev_pid=0 prev_prio=120 prev_state=R ==> next_comm=kcompactd0 next_pid=316 next_prio=120
      kcompactd0-316     [024] d....  1944.006169: clockevents_program_event: seting clock event using lapic_next_deadline+0x0/0x50 with delta 503977012      kcompactd0-316     [024] d....  1944.006173: sched_switch: prev_comm=kcompactd0 prev_pid=316 prev_prio=120 prev_state=S ==> next_comm=swapper/24 next_pid=0 next_prio=120
          <idle>-0       [024] d.h..  1944.510150: local_apic_timer_interrupt: ffffffffa3a3e860 hrtimer_interrupt+0x0/0x380
          <idle>-0       [024] d....  1944.510161: sched_switch: prev_comm=swapper/24 prev_pid=0 prev_prio=120 prev_state=R ==> next_comm=kcompactd0 next_pid=316 next_prio=120
      kcompactd0-316     [024] d....  1944.510168: clockevents_program_event: seting clock event using lapic_next_deadline+0x0/0x50 with delta 503977889      kcompactd0-316     [024] d....  1944.510172: sched_switch: prev_comm=kcompactd0 prev_pid=316 prev_prio=120 prev_state=S ==> next_comm=swapper/24 next_pid=0 next_prio=120
          <idle>-0       [024] d.h..  1945.014157: local_apic_timer_interrupt: ffffffffa3a3e860 hrtimer_interrupt+0x0/0x380
          <idle>-0       [024] dN...  1945.014170: clockevents_program_event: seting clock event using lapic_next_deadline+0x0/0x50 with delta 225781          <idle>-0       [024] d....  1945.014174: sched_switch: prev_comm=swapper/24 prev_pid=0 prev_prio=120 prev_state=R ==> next_comm=kworker/24:1 next_pid=358 next_prio=120
    kworker/24:1-358     [024] d....  1945.014179: sched_switch: prev_comm=kworker/24:1 prev_pid=358 prev_prio=120 prev_state=I ==> next_comm=kcompactd0 next_pid=316 next_prio=120
      kcompactd0-316     [024] d....  1945.014183: sched_switch: prev_comm=kcompactd0 prev_pid=316 prev_prio=120 prev_state=S ==> next_comm=swapper/24 next_pid=0 next_prio=120
          <idle>-0       [024] d....  1945.014209: clockevents_program_event: seting clock event using lapic_next_deadline+0x0/0x50 with delta 503936705          <idle>-0       [024] d.h..  1945.518149: local_apic_timer_interrupt: ffffffffa3a3e860 hrtimer_interrupt+0x0/0x380
          <idle>-0       [024] d....  1945.518164: sched_switch: prev_comm=swapper/24 prev_pid=0 prev_prio=120 prev_state=R ==> next_comm=kcompactd0 next_pid=316 next_prio=120
      kcompactd0-316     [024] d....  1945.518171: clockevents_program_event: seting clock event using lapic_next_deadline+0x0/0x50 with delta 503974751      kcompactd0-316     [024] d....  1945.518175: sched_switch: prev_comm=kcompactd0 prev_pid=316 prev_prio=120 prev_state=S ==> next_comm=swapper/24 next_pid=0 next_prio=120
          <idle>-0       [024] d.h..  1946.022150: local_apic_timer_interrupt: ffffffffa3a3e860 hrtimer_interrupt+0x0/0x380
          <idle>-0       [024] d....  1946.022161: sched_switch: prev_comm=swapper/24 prev_pid=0 prev_prio=120 prev_state=R ==> next_comm=kcompactd0 next_pid=316 next_prio=120
      kcompactd0-316     [024] d....  1946.022167: clockevents_program_event: seting clock event using lapic_next_deadline+0x0/0x50 with delta 503978356      kcompactd0-316     [024] d....  1946.022170: sched_switch: prev_comm=kcompactd0 prev_pid=316 prev_prio=120 prev_state=S ==> next_comm=swapper/24 next_pid=0 next_prio=120
          <idle>-0       [024] d.h..  1946.526149: local_apic_timer_interrupt: ffffffffa3a3e860 hrtimer_interrupt+0x0/0x380
          <idle>-0       [024] d....  1946.526160: sched_switch: prev_comm=swapper/24 prev_pid=0 prev_prio=120 prev_state=R ==> next_comm=kcompactd0 next_pid=316 next_prio=120
      kcompactd0-316     [024] d....  1946.526166: clockevents_program_event: seting clock event using lapic_next_deadline+0x0/0x50 with delta 503978983      kcompactd0-316     [024] d....  1946.526169: sched_switch: prev_comm=kcompactd0 prev_pid=316 prev_prio=120 prev_state=S ==> next_comm=swapper/24 next_pid=0 next_prio=120
          <idle>-0       [024] d.h..  1947.030150: local_apic_timer_interrupt: ffffffffa3a3e860 hrtimer_interrupt+0x0/0x380
          <idle>-0       [024] d....  1947.030161: sched_switch: prev_comm=swapper/24 prev_pid=0 prev_prio=120 prev_state=R ==> next_comm=kcompactd0 next_pid=316 next_prio=120
      kcompactd0-316     [024] d....  1947.030168: clockevents_program_event: seting clock event using lapic_next_deadline+0x0/0x50 with delta 503977422      kcompactd0-316     [024] d....  1947.030172: sched_switch: prev_comm=kcompactd0 prev_pid=316 prev_prio=120 prev_state=S ==> next_comm=swapper/24 next_pid=0 next_prio=120
          <idle>-0       [024] d.h..  1947.534149: local_apic_timer_interrupt: ffffffffa3a3e860 hrtimer_interrupt+0x0/0x380
          <idle>-0       [024] dN...  1947.534163: clockevents_program_event: seting clock event using lapic_next_deadline+0x0/0x50 with delta 231851          <idle>-0       [024] d....  1947.534166: sched_switch: prev_comm=swapper/24 prev_pid=0 prev_prio=120 prev_state=R ==> next_comm=kworker/24:1 next_pid=358 next_prio=120
    kworker/24:1-358     [024] d....  1947.534210: sched_switch: prev_comm=kworker/24:1 prev_pid=358 prev_prio=120 prev_state=I ==> next_comm=kcompactd0 next_pid=316 next_prio=120
      kcompactd0-316     [024] d....  1947.534214: sched_switch: prev_comm=kcompactd0 prev_pid=316 prev_prio=120 prev_state=S ==> next_comm=swapper/24 next_pid=0 next_prio=120
          <idle>-0       [024] d....  1947.534217: clockevents_program_event: seting clock event using lapic_next_deadline+0x0/0x50 with delta 503928009          <idle>-0       [024] d.h..  1948.038150: local_apic_timer_interrupt: ffffffffa3a3e860 hrtimer_interrupt+0x0/0x380
          <idle>-0       [024] d....  1948.038161: sched_switch: prev_comm=swapper/24 prev_pid=0 prev_prio=120 prev_state=R ==> next_comm=kcompactd0 next_pid=316 next_prio=120
      kcompactd0-316     [024] d....  1948.038170: clockevents_program_event: seting clock event using lapic_next_deadline+0x0/0x50 with delta 503976638      kcompactd0-316     [024] d....  1948.038173: sched_switch: prev_comm=kcompactd0 prev_pid=316 prev_prio=120 prev_state=S ==> next_comm=swapper/24 next_pid=0 next_prio=120
          <idle>-0       [024] d.h..  1948.542150: local_apic_timer_interrupt: ffffffffa3a3e860 hrtimer_interrupt+0x0/0x380
          <idle>-0       [024] d....  1948.542161: sched_switch: prev_comm=swapper/24 prev_pid=0 prev_prio=120 prev_state=R ==> next_comm=kcompactd0 next_pid=316 next_prio=120
      kcompactd0-316     [024] d....  1948.542168: clockevents_program_event: seting clock event using lapic_next_deadline+0x0/0x50 with delta 503976585      kcompactd0-316     [024] d....  1948.542172: sched_switch: prev_comm=kcompactd0 prev_pid=316 prev_prio=120 prev_state=S ==> next_comm=swapper/24 next_pid=0 next_prio=120
          <idle>-0       [024] d.h..  1949.046149: local_apic_timer_interrupt: ffffffffa3a3e860 hrtimer_interrupt+0x0/0x380
          <idle>-0       [024] d....  1949.046160: sched_switch: prev_comm=swapper/24 prev_pid=0 prev_prio=120 prev_state=R ==> next_comm=kcompactd0 next_pid=316 next_prio=120
      kcompactd0-316     [024] d....  1949.046165: clockevents_program_event: seting clock event using lapic_next_deadline+0x0/0x50 with delta 503979209      kcompactd0-316     [024] d....  1949.046170: sched_switch: prev_comm=kcompactd0 prev_pid=316 prev_prio=120 prev_state=S ==> next_comm=swapper/24 next_pid=0 next_prio=120
          <idle>-0       [024] d.h..  1949.550157: local_apic_timer_interrupt: ffffffffa3a3e860 hrtimer_interrupt+0x0/0x380
          <idle>-0       [024] d....  1949.550167: sched_switch: prev_comm=swapper/24 prev_pid=0 prev_prio=120 prev_state=R ==> next_comm=kcompactd0 next_pid=316 next_prio=120
      kcompactd0-316     [024] d....  1949.550174: clockevents_program_event: seting clock event using lapic_next_deadline+0x0/0x50 with delta 503969885      kcompactd0-316     [024] d....  1949.550178: sched_switch: prev_comm=kcompactd0 prev_pid=316 prev_prio=120 prev_state=S ==> next_comm=swapper/24 next_pid=0 next_prio=120
          <idle>-0       [024] d.h..  1950.054149: local_apic_timer_interrupt: ffffffffa3a3e860 hrtimer_interrupt+0x0/0x380
          <idle>-0       [024] dN...  1950.054162: clockevents_program_event: seting clock event using lapic_next_deadline+0x0/0x50 with delta 231517          <idle>-0       [024] d....  1950.054166: sched_switch: prev_comm=swapper/24 prev_pid=0 prev_prio=120 prev_state=R ==> next_comm=kworker/24:1 next_pid=358 next_prio=120
    kworker/24:1-358     [024] d....  1950.054195: sched_switch: prev_comm=kworker/24:1 prev_pid=358 prev_prio=120 prev_state=I ==> next_comm=kcompactd0 next_pid=316 next_prio=120
      kcompactd0-316     [024] d....  1950.054199: sched_switch: prev_comm=kcompactd0 prev_pid=316 prev_prio=120 prev_state=S ==> next_comm=swapper/24 next_pid=0 next_prio=120
          <idle>-0       [024] d....  1950.054202: clockevents_program_event: seting clock event using lapic_next_deadline+0x0/0x50 with delta 503941524          <idle>-0       [024] d.h..  1950.558147: local_apic_timer_interrupt: ffffffffa3a3e860 hrtimer_interrupt+0x0/0x380
          <idle>-0       [024] d....  1950.558158: sched_switch: prev_comm=swapper/24 prev_pid=0 prev_prio=120 prev_state=R ==> next_comm=kcompactd0 next_pid=316 next_prio=120
      kcompactd0-316     [024] d....  1950.558165: clockevents_program_event: seting clock event using lapic_next_deadline+0x0/0x50 with delta 503978487      kcompactd0-316     [024] d....  1950.558169: sched_switch: prev_comm=kcompactd0 prev_pid=316 prev_prio=120 prev_state=S ==> next_comm=swapper/24 next_pid=0 next_prio=120
          <idle>-0       [024] d.h..  1951.062148: local_apic_timer_interrupt: ffffffffa3a3e860 hrtimer_interrupt+0x0/0x380
          <idle>-0       [024] d....  1951.062168: sched_switch: prev_comm=swapper/24 prev_pid=0 prev_prio=120 prev_state=R ==> next_comm=kcompactd0 next_pid=316 next_prio=120
      kcompactd0-316     [024] d....  1951.062173: clockevents_program_event: seting clock event using lapic_next_deadline+0x0/0x50 with delta 503970231      kcompactd0-316     [024] d....  1951.062176: sched_switch: prev_comm=kcompactd0 prev_pid=316 prev_prio=120 prev_state=S ==> next_comm=swapper/24 next_pid=0 next_prio=120
          <idle>-0       [024] d.h..  1951.566155: local_apic_timer_interrupt: ffffffffa3a3e860 hrtimer_interrupt+0x0/0x380
          <idle>-0       [024] d....  1951.566166: sched_switch: prev_comm=swapper/24 prev_pid=0 prev_prio=120 prev_state=R ==> next_comm=kcompactd0 next_pid=316 next_prio=120
      kcompactd0-316     [024] d....  1951.566173: clockevents_program_event: seting clock event using lapic_next_deadline+0x0/0x50 with delta 503970398      kcompactd0-316     [024] d....  1951.566177: sched_switch: prev_comm=kcompactd0 prev_pid=316 prev_prio=120 prev_state=S ==> next_comm=swapper/24 next_pid=0 next_prio=120
          <idle>-0       [024] d.h..  1952.070151: local_apic_timer_interrupt: ffffffffa3a3e860 hrtimer_interrupt+0x0/0x380
          <idle>-0       [024] dN...  1952.070165: clockevents_program_event: seting clock event using lapic_next_deadline+0x0/0x50 with delta 227320          <idle>-0       [024] d....  1952.070169: sched_switch: prev_comm=swapper/24 prev_pid=0 prev_prio=120 prev_state=R ==> next_comm=kworker/24:1 next_pid=358 next_prio=120
    kworker/24:1-358     [024] d....  1952.070208: sched_switch: prev_comm=kworker/24:1 prev_pid=358 prev_prio=120 prev_state=I ==> next_comm=kcompactd0 next_pid=316 next_prio=120
      kcompactd0-316     [024] d....  1952.070212: sched_switch: prev_comm=kcompactd0 prev_pid=316 prev_prio=120 prev_state=S ==> next_comm=swapper/24 next_pid=0 next_prio=120
          <idle>-0       [024] d....  1952.070216: clockevents_program_event: seting clock event using lapic_next_deadline+0x0/0x50 with delta 503926825          <idle>-0       [024] d.h..  1952.574146: local_apic_timer_interrupt: ffffffffa3a3e860 hrtimer_interrupt+0x0/0x380
          <idle>-0       [024] d....  1952.574154: sched_switch: prev_comm=swapper/24 prev_pid=0 prev_prio=120 prev_state=R ==> next_comm=kcompactd0 next_pid=316 next_prio=120
      kcompactd0-316     [024] d....  1952.574160: clockevents_program_event: seting clock event using lapic_next_deadline+0x0/0x50 with delta 503982441      kcompactd0-316     [024] d....  1952.574163: sched_switch: prev_comm=kcompactd0 prev_pid=316 prev_prio=120 prev_state=S ==> next_comm=swapper/24 next_pid=0 next_prio=120
          <idle>-0       [024] d.h..  1953.078147: local_apic_timer_interrupt: ffffffffa3a3e860 hrtimer_interrupt+0x0/0x380
          <idle>-0       [024] d....  1953.078160: sched_switch: prev_comm=swapper/24 prev_pid=0 prev_prio=120 prev_state=R ==> next_comm=kcompactd0 next_pid=316 next_prio=120
      kcompactd0-316     [024] d....  1953.078169: clockevents_program_event: seting clock event using lapic_next_deadline+0x0/0x50 with delta 503973795      kcompactd0-316     [024] d....  1953.078173: sched_switch: prev_comm=kcompactd0 prev_pid=316 prev_prio=120 prev_state=S ==> next_comm=swapper/24 next_pid=0 next_prio=120
          <idle>-0       [024] d.h..  1953.582147: local_apic_timer_interrupt: ffffffffa3a3e860 hrtimer_interrupt+0x0/0x380
          <idle>-0       [024] d....  1953.582157: sched_switch: prev_comm=swapper/24 prev_pid=0 prev_prio=120 prev_state=R ==> next_comm=kcompactd0 next_pid=316 next_prio=120
      kcompactd0-316     [024] d....  1953.582164: clockevents_program_event: seting clock event using lapic_next_deadline+0x0/0x50 with delta 503978390      kcompactd0-316     [024] d....  1953.582167: sched_switch: prev_comm=kcompactd0 prev_pid=316 prev_prio=120 prev_state=S ==> next_comm=swapper/24 next_pid=0 next_prio=120
          <idle>-0       [024] d.h..  1954.086153: local_apic_timer_interrupt: ffffffffa3a3e860 hrtimer_interrupt+0x0/0x380
          <idle>-0       [024] dN...  1954.086166: clockevents_program_event: seting clock event using lapic_next_deadline+0x0/0x50 with delta 226005          <idle>-0       [024] d....  1954.086169: sched_switch: prev_comm=swapper/24 prev_pid=0 prev_prio=120 prev_state=R ==> next_comm=kworker/24:1 next_pid=358 next_prio=120
    kworker/24:1-358     [024] d....  1954.086208: sched_switch: prev_comm=kworker/24:1 prev_pid=358 prev_prio=120 prev_state=I ==> next_comm=kcompactd0 next_pid=316 next_prio=120
      kcompactd0-316     [024] d....  1954.086212: sched_switch: prev_comm=kcompactd0 prev_pid=316 prev_prio=120 prev_state=S ==> next_comm=swapper/24 next_pid=0 next_prio=120
          <idle>-0       [024] d....  1954.086215: clockevents_program_event: seting clock event using lapic_next_deadline+0x0/0x50 with delta 503927078          <idle>-0       [024] d.h..  1954.590146: local_apic_timer_interrupt: ffffffffa3a3e860 hrtimer_interrupt+0x0/0x380
          <idle>-0       [024] d....  1954.590157: sched_switch: prev_comm=swapper/24 prev_pid=0 prev_prio=120 prev_state=R ==> next_comm=kcompactd0 next_pid=316 next_prio=120
      kcompactd0-316     [024] d....  1954.590163: clockevents_program_event: seting clock event using lapic_next_deadline+0x0/0x50 with delta 503978640      kcompactd0-316     [024] d....  1954.590166: sched_switch: prev_comm=kcompactd0 prev_pid=316 prev_prio=120 prev_state=S ==> next_comm=swapper/24 next_pid=0 next_prio=120
          <idle>-0       [024] d.h..  1955.094146: local_apic_timer_interrupt: ffffffffa3a3e860 hrtimer_interrupt+0x0/0x380
          <idle>-0       [024] d....  1955.094156: sched_switch: prev_comm=swapper/24 prev_pid=0 prev_prio=120 prev_state=R ==> next_comm=kcompactd0 next_pid=316 next_prio=120
      kcompactd0-316     [024] d....  1955.094163: clockevents_program_event: seting clock event using lapic_next_deadline+0x0/0x50 with delta 503978486      kcompactd0-316     [024] d....  1955.094167: sched_switch: prev_comm=kcompactd0 prev_pid=316 prev_prio=120 prev_state=S ==> next_comm=swapper/24 next_pid=0 next_prio=120
          <idle>-0       [024] d.h..  1955.598146: local_apic_timer_interrupt: ffffffffa3a3e860 hrtimer_interrupt+0x0/0x380
          <idle>-0       [024] d....  1955.598156: sched_switch: prev_comm=swapper/24 prev_pid=0 prev_prio=120 prev_state=R ==> next_comm=kcompactd0 next_pid=316 next_prio=120
      kcompactd0-316     [024] d....  1955.598161: clockevents_program_event: seting clock event using lapic_next_deadline+0x0/0x50 with delta 503979525      kcompactd0-316     [024] d....  1955.598165: sched_switch: prev_comm=kcompactd0 prev_pid=316 prev_prio=120 prev_state=S ==> next_comm=swapper/24 next_pid=0 next_prio=120
          <idle>-0       [024] d.h..  1956.102149: local_apic_timer_interrupt: ffffffffa3a3e860 hrtimer_interrupt+0x0/0x380
          <idle>-0       [024] dN...  1956.102163: clockevents_program_event: seting clock event using lapic_next_deadline+0x0/0x50 with delta 228059          <idle>-0       [024] d....  1956.102167: sched_switch: prev_comm=swapper/24 prev_pid=0 prev_prio=120 prev_state=R ==> next_comm=kworker/24:1 next_pid=358 next_prio=120
    kworker/24:1-358     [024] d....  1956.102205: sched_switch: prev_comm=kworker/24:1 prev_pid=358 prev_prio=120 prev_state=I ==> next_comm=kcompactd0 next_pid=316 next_prio=120
      kcompactd0-316     [024] d....  1956.102209: sched_switch: prev_comm=kcompactd0 prev_pid=316 prev_prio=120 prev_state=S ==> next_comm=swapper/24 next_pid=0 next_prio=120
          <idle>-0       [024] d....  1956.102212: clockevents_program_event: seting clock event using lapic_next_deadline+0x0/0x50 with delta 503928582          <idle>-0       [024] d.h..  1956.606145: local_apic_timer_interrupt: ffffffffa3a3e860 hrtimer_interrupt+0x0/0x380
          <idle>-0       [024] d....  1956.606155: sched_switch: prev_comm=swapper/24 prev_pid=0 prev_prio=120 prev_state=R ==> next_comm=kcompactd0 next_pid=316 next_prio=120
      kcompactd0-316     [024] d....  1956.606162: clockevents_program_event: seting clock event using lapic_next_deadline+0x0/0x50 with delta 503978440      kcompactd0-316     [024] d....  1956.606166: sched_switch: prev_comm=kcompactd0 prev_pid=316 prev_prio=120 prev_state=S ==> next_comm=swapper/24 next_pid=0 next_prio=120
          <idle>-0       [024] d.h..  1957.110145: local_apic_timer_interrupt: ffffffffa3a3e860 hrtimer_interrupt+0x0/0x380
          <idle>-0       [024] d....  1957.110159: sched_switch: prev_comm=swapper/24 prev_pid=0 prev_prio=120 prev_state=R ==> next_comm=kcompactd0 next_pid=316 next_prio=120
      kcompactd0-316     [024] d....  1957.110166: clockevents_program_event: seting clock event using lapic_next_deadline+0x0/0x50 with delta 503974386      kcompactd0-316     [024] d....  1957.110170: sched_switch: prev_comm=kcompactd0 prev_pid=316 prev_prio=120 prev_state=S ==> next_comm=swapper/24 next_pid=0 next_prio=120
          <idle>-0       [024] d.h..  1957.614145: local_apic_timer_interrupt: ffffffffa3a3e860 hrtimer_interrupt+0x0/0x380
          <idle>-0       [024] dN...  1957.614155: clockevents_program_event: seting clock event using lapic_next_deadline+0x0/0x50 with delta 263984718          <idle>-0       [024] d....  1957.614157: sched_switch: prev_comm=swapper/24 prev_pid=0 prev_prio=120 prev_state=R ==> next_comm=kcompactd0 next_pid=316 next_prio=120
      kcompactd0-316     [024] d....  1957.614164: sched_switch: prev_comm=kcompactd0 prev_pid=316 prev_prio=120 prev_state=S ==> next_comm=swapper/24 next_pid=0 next_prio=120
          <idle>-0       [024] d.h..  1957.878144: local_apic_timer_interrupt: ffffffffa3a3e860 hrtimer_interrupt+0x0/0x380
          <idle>-0       [024] d....  1957.878156: clockevents_program_event: seting clock event using lapic_next_deadline+0x0/0x50 with delta 239983886          <idle>-0       [024] d.h..  1958.118144: local_apic_timer_interrupt: ffffffffa3a3e860 hrtimer_interrupt+0x0/0x380
          <idle>-0       [024] dN...  1958.118156: clockevents_program_event: seting clock event using lapic_next_deadline+0x0/0x50 with delta 233422          <idle>-0       [024] d....  1958.118160: sched_switch: prev_comm=swapper/24 prev_pid=0 prev_prio=120 prev_state=R ==> next_comm=kworker/24:1 next_pid=358 next_prio=120
    kworker/24:1-358     [024] d....  1958.118194: sched_switch: prev_comm=kworker/24:1 prev_pid=358 prev_prio=120 prev_state=I ==> next_comm=kcompactd0 next_pid=316 next_prio=120
      kcompactd0-316     [024] d....  1958.118198: sched_switch: prev_comm=kcompactd0 prev_pid=316 prev_prio=120 prev_state=S ==> next_comm=swapper/24 next_pid=0 next_prio=120
          <idle>-0       [024] d....  1958.118328: clockevents_program_event: seting clock event using lapic_next_deadline+0x0/0x50 with delta 503811535          <idle>-0       [024] d.h..  1958.622144: local_apic_timer_interrupt: ffffffffa3a3e860 hrtimer_interrupt+0x0/0x380
          <idle>-0       [024] d....  1958.622171: sched_switch: prev_comm=swapper/24 prev_pid=0 prev_prio=120 prev_state=R ==> next_comm=kcompactd0 next_pid=316 next_prio=120
      kcompactd0-316     [024] d....  1958.622191: clockevents_program_event: seting clock event using lapic_next_deadline+0x0/0x50 with delta 503948745      kcompactd0-316     [024] d....  1958.622195: sched_switch: prev_comm=kcompactd0 prev_pid=316 prev_prio=120 prev_state=S ==> next_comm=swapper/24 next_pid=0 next_prio=120
          <idle>-0       [024] d.h..  1959.126144: local_apic_timer_interrupt: ffffffffa3a3e860 hrtimer_interrupt+0x0/0x380
          <idle>-0       [024] d....  1959.126155: sched_switch: prev_comm=swapper/24 prev_pid=0 prev_prio=120 prev_state=R ==> next_comm=kcompactd0 next_pid=316 next_prio=120
      kcompactd0-316     [024] d....  1959.126162: clockevents_program_event: seting clock event using lapic_next_deadline+0x0/0x50 with delta 503978001      kcompactd0-316     [024] d....  1959.126165: sched_switch: prev_comm=kcompactd0 prev_pid=316 prev_prio=120 prev_state=S ==> next_comm=swapper/24 next_pid=0 next_prio=120
          <idle>-0       [024] d.h..  1959.630144: local_apic_timer_interrupt: ffffffffa3a3e860 hrtimer_interrupt+0x0/0x380
          <idle>-0       [024] d....  1959.630153: sched_switch: prev_comm=swapper/24 prev_pid=0 prev_prio=120 prev_state=R ==> next_comm=kcompactd0 next_pid=316 next_prio=120
      kcompactd0-316     [024] d....  1959.630174: clockevents_program_event: seting clock event using lapic_next_deadline+0x0/0x50 with delta 503981281      kcompactd0-316     [024] d....  1959.630178: sched_switch: prev_comm=kcompactd0 prev_pid=316 prev_prio=120 prev_state=S ==> next_comm=swapper/24 next_pid=0 next_prio=120
          <idle>-0       [024] d.h..  1960.134160: local_apic_timer_interrupt: ffffffffa3a3e860 hrtimer_interrupt+0x0/0x380
          <idle>-0       [024] dN...  1960.134172: clockevents_program_event: seting clock event using lapic_next_deadline+0x0/0x50 with delta 217533          <idle>-0       [024] d....  1960.134203: sched_switch: prev_comm=swapper/24 prev_pid=0 prev_prio=120 prev_state=R ==> next_comm=kworker/24:1 next_pid=358 next_prio=120
    kworker/24:1-358     [024] d....  1960.134215: sched_switch: prev_comm=kworker/24:1 prev_pid=358 prev_prio=120 prev_state=I ==> next_comm=kcompactd0 next_pid=316 next_prio=120
      kcompactd0-316     [024] d....  1960.134219: sched_switch: prev_comm=kcompactd0 prev_pid=316 prev_prio=120 prev_state=S ==> next_comm=swapper/24 next_pid=0 next_prio=120
          <idle>-0       [024] d....  1960.134223: clockevents_program_event: seting clock event using lapic_next_deadline+0x0/0x50 with delta 503916500          <idle>-0       [024] d.h..  1960.638147: local_apic_timer_interrupt: ffffffffa3a3e860 hrtimer_interrupt+0x0/0x380
          <idle>-0       [024] d....  1960.638158: sched_switch: prev_comm=swapper/24 prev_pid=0 prev_prio=120 prev_state=R ==> next_comm=kcompactd0 next_pid=316 next_prio=120
      kcompactd0-316     [024] d....  1960.638166: clockevents_program_event: seting clock event using lapic_next_deadline+0x0/0x50 with delta 503974006      kcompactd0-316     [024] d....  1960.638170: sched_switch: prev_comm=kcompactd0 prev_pid=316 prev_prio=120 prev_state=S ==> next_comm=swapper/24 next_pid=0 next_prio=120
          <idle>-0       [024] d.h..  1961.142144: local_apic_timer_interrupt: ffffffffa3a3e860 hrtimer_interrupt+0x0/0x380
          <idle>-0       [024] d....  1961.142155: sched_switch: prev_comm=swapper/24 prev_pid=0 prev_prio=120 prev_state=R ==> next_comm=kcompactd0 next_pid=316 next_prio=120
      kcompactd0-316     [024] d....  1961.142162: clockevents_program_event: seting clock event using lapic_next_deadline+0x0/0x50 with delta 503977684      kcompactd0-316     [024] d....  1961.142165: sched_switch: prev_comm=kcompactd0 prev_pid=316 prev_prio=120 prev_state=S ==> next_comm=swapper/24 next_pid=0 next_prio=120
          <idle>-0       [024] d.h..  1961.646143: local_apic_timer_interrupt: ffffffffa3a3e860 hrtimer_interrupt+0x0/0x380
          <idle>-0       [024] d....  1961.646152: sched_switch: prev_comm=swapper/24 prev_pid=0 prev_prio=120 prev_state=R ==> next_comm=kcompactd0 next_pid=316 next_prio=120
      kcompactd0-316     [024] d....  1961.646158: clockevents_program_event: seting clock event using lapic_next_deadline+0x0/0x50 with delta 503981393      kcompactd0-316     [024] d....  1961.646161: sched_switch: prev_comm=kcompactd0 prev_pid=316 prev_prio=120 prev_state=S ==> next_comm=swapper/24 next_pid=0 next_prio=120
          <idle>-0       [024] d.h..  1962.150147: local_apic_timer_interrupt: ffffffffa3a3e860 hrtimer_interrupt+0x0/0x380
          <idle>-0       [024] dN...  1962.150157: clockevents_program_event: seting clock event using lapic_next_deadline+0x0/0x50 with delta 231460          <idle>-0       [024] d....  1962.150160: sched_switch: prev_comm=swapper/24 prev_pid=0 prev_prio=120 prev_state=R ==> next_comm=kworker/24:1 next_pid=358 next_prio=120
    kworker/24:1-358     [024] d....  1962.150172: sched_switch: prev_comm=kworker/24:1 prev_pid=358 prev_prio=120 prev_state=I ==> next_comm=kcompactd0 next_pid=316 next_prio=120
      kcompactd0-316     [024] d....  1962.150175: sched_switch: prev_comm=kcompactd0 prev_pid=316 prev_prio=120 prev_state=S ==> next_comm=swapper/24 next_pid=0 next_prio=120
          <idle>-0       [024] d....  1962.150178: clockevents_program_event: seting clock event using lapic_next_deadline+0x0/0x50 with delta 503961045          <idle>-0       [024] d.h..  1962.654144: local_apic_timer_interrupt: ffffffffa3a3e860 hrtimer_interrupt+0x0/0x380
          <idle>-0       [024] d....  1962.654155: sched_switch: prev_comm=swapper/24 prev_pid=0 prev_prio=120 prev_state=R ==> next_comm=kcompactd0 next_pid=316 next_prio=120
      kcompactd0-316     [024] d....  1962.654162: clockevents_program_event: seting clock event using lapic_next_deadline+0x0/0x50 with delta 503977371      kcompactd0-316     [024] d....  1962.654165: sched_switch: prev_comm=kcompactd0 prev_pid=316 prev_prio=120 prev_state=S ==> next_comm=swapper/24 next_pid=0 next_prio=120
          <idle>-0       [024] d.h..  1963.158143: local_apic_timer_interrupt: ffffffffa3a3e860 hrtimer_interrupt+0x0/0x380
          <idle>-0       [024] d....  1963.158154: sched_switch: prev_comm=swapper/24 prev_pid=0 prev_prio=120 prev_state=R ==> next_comm=kcompactd0 next_pid=316 next_prio=120
      kcompactd0-316     [024] d....  1963.158161: clockevents_program_event: seting clock event using lapic_next_deadline+0x0/0x50 with delta 503977644      kcompactd0-316     [024] d....  1963.158165: sched_switch: prev_comm=kcompactd0 prev_pid=316 prev_prio=120 prev_state=S ==> next_comm=swapper/24 next_pid=0 next_prio=120
          <idle>-0       [024] d.h..  1963.662144: local_apic_timer_interrupt: ffffffffa3a3e860 hrtimer_interrupt+0x0/0x380
          <idle>-0       [024] d....  1963.662154: sched_switch: prev_comm=swapper/24 prev_pid=0 prev_prio=120 prev_state=R ==> next_comm=kcompactd0 next_pid=316 next_prio=120
      kcompactd0-316     [024] d....  1963.662162: clockevents_program_event: seting clock event using lapic_next_deadline+0x0/0x50 with delta 503977745      kcompactd0-316     [024] d....  1963.662165: sched_switch: prev_comm=kcompactd0 prev_pid=316 prev_prio=120 prev_state=S ==> next_comm=swapper/24 next_pid=0 next_prio=120
          <idle>-0       [024] d.h..  1964.166149: local_apic_timer_interrupt: ffffffffa3a3e860 hrtimer_interrupt+0x0/0x380
          <idle>-0       [024] dN...  1964.166162: clockevents_program_event: seting clock event using lapic_next_deadline+0x0/0x50 with delta 226321          <idle>-0       [024] d....  1964.166165: sched_switch: prev_comm=swapper/24 prev_pid=0 prev_prio=120 prev_state=R ==> next_comm=kworker/24:1 next_pid=358 next_prio=120
    kworker/24:1-358     [024] d....  1964.166169: sched_switch: prev_comm=kworker/24:1 prev_pid=358 prev_prio=120 prev_state=I ==> next_comm=kcompactd0 next_pid=316 next_prio=120
      kcompactd0-316     [024] d....  1964.166185: sched_switch: prev_comm=kcompactd0 prev_pid=316 prev_prio=120 prev_state=S ==> next_comm=swapper/24 next_pid=0 next_prio=120
          <idle>-0       [024] d....  1964.166188: clockevents_program_event: seting clock event using lapic_next_deadline+0x0/0x50 with delta 503950026          <idle>-0       [024] d.h..  1964.670142: local_apic_timer_interrupt: ffffffffa3a3e860 hrtimer_interrupt+0x0/0x380
          <idle>-0       [024] d....  1964.670153: sched_switch: prev_comm=swapper/24 prev_pid=0 prev_prio=120 prev_state=R ==> next_comm=kcompactd0 next_pid=316 next_prio=120
      kcompactd0-316     [024] d....  1964.670159: clockevents_program_event: seting clock event using lapic_next_deadline+0x0/0x50 with delta 503979696      kcompactd0-316     [024] d....  1964.670163: sched_switch: prev_comm=kcompactd0 prev_pid=316 prev_prio=120 prev_state=S ==> next_comm=swapper/24 next_pid=0 next_prio=120
          <idle>-0       [024] d.h..  1965.174142: local_apic_timer_interrupt: ffffffffa3a3e860 hrtimer_interrupt+0x0/0x380
          <idle>-0       [024] d....  1965.174153: sched_switch: prev_comm=swapper/24 prev_pid=0 prev_prio=120 prev_state=R ==> next_comm=kcompactd0 next_pid=316 next_prio=120
      kcompactd0-316     [024] d....  1965.174159: clockevents_program_event: seting clock event using lapic_next_deadline+0x0/0x50 with delta 503978587      kcompactd0-316     [024] d....  1965.174163: sched_switch: prev_comm=kcompactd0 prev_pid=316 prev_prio=120 prev_state=S ==> next_comm=swapper/24 next_pid=0 next_prio=120
          <idle>-0       [024] d.h..  1965.678142: local_apic_timer_interrupt: ffffffffa3a3e860 hrtimer_interrupt+0x0/0x380
          <idle>-0       [024] d....  1965.678153: sched_switch: prev_comm=swapper/24 prev_pid=0 prev_prio=120 prev_state=R ==> next_comm=kcompactd0 next_pid=316 next_prio=120
      kcompactd0-316     [024] d....  1965.678160: clockevents_program_event: seting clock event using lapic_next_deadline+0x0/0x50 with delta 503977778      kcompactd0-316     [024] d....  1965.678163: sched_switch: prev_comm=kcompactd0 prev_pid=316 prev_prio=120 prev_state=S ==> next_comm=swapper/24 next_pid=0 next_prio=120
          <idle>-0       [024] d.h..  1966.182142: local_apic_timer_interrupt: ffffffffa3a3e860 hrtimer_interrupt+0x0/0x380
          <idle>-0       [024] dN...  1966.182154: clockevents_program_event: seting clock event using lapic_next_deadline+0x0/0x50 with delta 233381          <idle>-0       [024] d....  1966.182157: sched_switch: prev_comm=swapper/24 prev_pid=0 prev_prio=120 prev_state=R ==> next_comm=kworker/24:1 next_pid=358 next_prio=120
    kworker/24:1-358     [024] d....  1966.182198: sched_switch: prev_comm=kworker/24:1 prev_pid=358 prev_prio=120 prev_state=I ==> next_comm=kcompactd0 next_pid=316 next_prio=120
      kcompactd0-316     [024] d....  1966.182202: sched_switch: prev_comm=kcompactd0 prev_pid=316 prev_prio=120 prev_state=S ==> next_comm=swapper/24 next_pid=0 next_prio=120
          <idle>-0       [024] d....  1966.182205: clockevents_program_event: seting clock event using lapic_next_deadline+0x0/0x50 with delta 503932307          <idle>-0       [024] d.h..  1966.686141: local_apic_timer_interrupt: ffffffffa3a3e860 hrtimer_interrupt+0x0/0x380
          <idle>-0       [024] d....  1966.686152: sched_switch: prev_comm=swapper/24 prev_pid=0 prev_prio=120 prev_state=R ==> next_comm=kcompactd0 next_pid=316 next_prio=120
      kcompactd0-316     [024] d....  1966.686158: clockevents_program_event: seting clock event using lapic_next_deadline+0x0/0x50 with delta 503978700      kcompactd0-316     [024] d....  1966.686161: sched_switch: prev_comm=kcompactd0 prev_pid=316 prev_prio=120 prev_state=S ==> next_comm=swapper/24 next_pid=0 next_prio=120
          <idle>-0       [024] d.h..  1967.190141: local_apic_timer_interrupt: ffffffffa3a3e860 hrtimer_interrupt+0x0/0x380
          <idle>-0       [024] d....  1967.190152: sched_switch: prev_comm=swapper/24 prev_pid=0 prev_prio=120 prev_state=R ==> next_comm=kcompactd0 next_pid=316 next_prio=120
      kcompactd0-316     [024] d....  1967.190158: clockevents_program_event: seting clock event using lapic_next_deadline+0x0/0x50 with delta 503977956      kcompactd0-316     [024] d....  1967.190162: sched_switch: prev_comm=kcompactd0 prev_pid=316 prev_prio=120 prev_state=S ==> next_comm=swapper/24 next_pid=0 next_prio=120
          <idle>-0       [024] d.h..  1967.694141: local_apic_timer_interrupt: ffffffffa3a3e860 hrtimer_interrupt+0x0/0x380
          <idle>-0       [024] d....  1967.694151: sched_switch: prev_comm=swapper/24 prev_pid=0 prev_prio=120 prev_state=R ==> next_comm=kcompactd0 next_pid=316 next_prio=120
      kcompactd0-316     [024] d....  1967.694157: clockevents_program_event: seting clock event using lapic_next_deadline+0x0/0x50 with delta 503979236      kcompactd0-316     [024] d....  1967.694160: sched_switch: prev_comm=kcompactd0 prev_pid=316 prev_prio=120 prev_state=S ==> next_comm=swapper/24 next_pid=0 next_prio=120
          <idle>-0       [024] dN...  1968.124084: __flush_smp_call_function_queue: executing non-sync callback from: '6' to: '24' __rdmsr_safe_on_cpu+0x0/0x70
          <idle>-0       [024] dN...  1968.124097: __flush_smp_call_function_queue: executing non-sync callback from: '6' to: '24' __rdmsr_safe_on_cpu+0x0/0x70
          <idle>-0       [024] dN...  1968.124109: __flush_smp_call_function_queue: executing non-sync callback from: '6' to: '24' __rdmsr_safe_on_cpu+0x0/0x70
          <idle>-0       [024] dN...  1968.124121: __flush_smp_call_function_queue: executing non-sync callback from: '6' to: '24' __rdmsr_safe_on_cpu+0x0/0x70
          <idle>-0       [024] dN...  1968.124134: __flush_smp_call_function_queue: executing non-sync callback from: '6' to: '24' __rdmsr_safe_on_cpu+0x0/0x70
          <idle>-0       [024] dN...  1968.124147: __flush_smp_call_function_queue: executing non-sync callback from: '6' to: '24' __rdmsr_safe_on_cpu+0x0/0x70
          <idle>-0       [024] dN...  1968.124158: __flush_smp_call_function_queue: executing non-sync callback from: '6' to: '24' __rdmsr_safe_on_cpu+0x0/0x70
          <idle>-0       [024] dN...  1968.124170: __flush_smp_call_function_queue: executing non-sync callback from: '6' to: '24' __rdmsr_safe_on_cpu+0x0/0x70
          <idle>-0       [024] dN...  1968.124182: __flush_smp_call_function_queue: executing non-sync callback from: '6' to: '24' __rdmsr_safe_on_cpu+0x0/0x70
          <idle>-0       [024] dN...  1968.124193: __flush_smp_call_function_queue: executing non-sync callback from: '6' to: '24' __rdmsr_safe_on_cpu+0x0/0x70
          <idle>-0       [024] dN...  1968.124207: __flush_smp_call_function_queue: executing non-sync callback from: '6' to: '24' __rdmsr_safe_on_cpu+0x0/0x70
          <idle>-0       [024] dN...  1968.124219: __flush_smp_call_function_queue: executing non-sync callback from: '6' to: '24' __rdmsr_safe_on_cpu+0x0/0x70
          <idle>-0       [024] dN...  1968.124230: __flush_smp_call_function_queue: executing non-sync callback from: '6' to: '24' __rdmsr_safe_on_cpu+0x0/0x70
          <idle>-0       [024] dN...  1968.124242: __flush_smp_call_function_queue: executing non-sync callback from: '6' to: '24' __rdmsr_safe_on_cpu+0x0/0x70
          <idle>-0       [024] dN...  1968.124253: __flush_smp_call_function_queue: executing non-sync callback from: '6' to: '24' __rdmsr_safe_on_cpu+0x0/0x70
          <idle>-0       [024] dN...  1968.124264: __flush_smp_call_function_queue: executing non-sync callback from: '6' to: '24' __rdmsr_safe_on_cpu+0x0/0x70
          <idle>-0       [024] dN...  1968.124275: __flush_smp_call_function_queue: executing non-sync callback from: '6' to: '24' __rdmsr_safe_on_cpu+0x0/0x70
          <idle>-0       [024] dN...  1968.124287: __flush_smp_call_function_queue: executing non-sync callback from: '6' to: '24' __rdmsr_safe_on_cpu+0x0/0x70
          <idle>-0       [024] dN...  1968.124298: __flush_smp_call_function_queue: executing non-sync callback from: '6' to: '24' __rdmsr_safe_on_cpu+0x0/0x70
          <idle>-0       [024] dN...  1968.124310: __flush_smp_call_function_queue: executing non-sync callback from: '6' to: '24' __rdmsr_safe_on_cpu+0x0/0x70
          <idle>-0       [024] dN...  1968.124322: __flush_smp_call_function_queue: executing non-sync callback from: '6' to: '24' __rdmsr_safe_on_cpu+0x0/0x70
          <idle>-0       [024] dN...  1968.124334: __flush_smp_call_function_queue: executing non-sync callback from: '6' to: '24' __rdmsr_safe_on_cpu+0x0/0x70
          <idle>-0       [024] dN...  1968.124346: __flush_smp_call_function_queue: executing non-sync callback from: '6' to: '24' __rdmsr_safe_on_cpu+0x0/0x70
          <idle>-0       [024] dN...  1968.124357: __flush_smp_call_function_queue: executing non-sync callback from: '6' to: '24' __rdmsr_safe_on_cpu+0x0/0x70
          <idle>-0       [024] dN...  1968.140265: __flush_smp_call_function_queue: executing ttwu callback from: '16' to: '24' 0x3
          <idle>-0       [024] d....  1968.140273: sched_switch: prev_comm=swapper/24 prev_pid=0 prev_prio=120 prev_state=R ==> next_comm=tsc_read_cpu_24 next_pid=29470 next_prio=110
 tsc_read_cpu_24-29470   [024] d....  1968.140300: sched_switch: prev_comm=tsc_read_cpu_24 prev_pid=29470 prev_prio=98 prev_state=S ==> next_comm=swapper/24 next_pid=0 next_prio=120
          <idle>-0       [024] d.h..  1968.140304: __flush_smp_call_function_queue: executing ttwu callback from: '0' to: '24' 0x3
          <idle>-0       [024] d....  1968.140306: sched_switch: prev_comm=swapper/24 prev_pid=0 prev_prio=120 prev_state=R ==> next_comm=tsc_read_cpu_24 next_pid=29470 next_prio=98
 tsc_read_cpu_24-29470   [024] d....  1968.140348: sched_switch: prev_comm=tsc_read_cpu_24 prev_pid=29470 prev_prio=110 prev_state=X ==> next_comm=swapper/24 next_pid=0 next_prio=120
          <idle>-0       [024] dN...  1968.140405: __flush_smp_call_function_queue: executing ttwu callback from: '23' to: '24' 0x3
          <idle>-0       [024] d....  1968.140410: sched_switch: prev_comm=swapper/24 prev_pid=0 prev_prio=120 prev_state=R ==> next_comm=tsc_read_cpu_24 next_pid=29472 next_prio=110
 tsc_read_cpu_24-29472   [024] d....  1968.140422: sched_switch: prev_comm=tsc_read_cpu_24 prev_pid=29472 prev_prio=98 prev_state=S ==> next_comm=swapper/24 next_pid=0 next_prio=120
          <idle>-0       [024] d.h..  1968.140425: __flush_smp_call_function_queue: executing ttwu callback from: '0' to: '24' 0x3
          <idle>-0       [024] d....  1968.140428: sched_switch: prev_comm=swapper/24 prev_pid=0 prev_prio=120 prev_state=R ==> next_comm=tsc_read_cpu_24 next_pid=29472 next_prio=98
 tsc_read_cpu_24-29472   [024] d....  1968.140462: sched_switch: prev_comm=tsc_read_cpu_24 prev_pid=29472 prev_prio=110 prev_state=X ==> next_comm=swapper/24 next_pid=0 next_prio=120
          <idle>-0       [024] d.h..  1968.198140: local_apic_timer_interrupt: ffffffffa3a3e860 hrtimer_interrupt+0x0/0x380
          <idle>-0       [024] dN...  1968.198153: clockevents_program_event: seting clock event using lapic_next_deadline+0x0/0x50 with delta 233190          <idle>-0       [024] d....  1968.198157: sched_switch: prev_comm=swapper/24 prev_pid=0 prev_prio=120 prev_state=R ==> next_comm=kworker/24:1 next_pid=358 next_prio=120
    kworker/24:1-358     [024] d....  1968.198197: sched_switch: prev_comm=kworker/24:1 prev_pid=358 prev_prio=120 prev_state=I ==> next_comm=kcompactd0 next_pid=316 next_prio=120
      kcompactd0-316     [024] d....  1968.198201: sched_switch: prev_comm=kcompactd0 prev_pid=316 prev_prio=120 prev_state=S ==> next_comm=swapper/24 next_pid=0 next_prio=120
          <idle>-0       [024] d.h..  1968.198388: local_apic_timer_interrupt: ffffffffa3a3e860 hrtimer_interrupt+0x0/0x380
          <idle>-0       [024] d.h..  1968.198391: clockevents_program_event: seting clock event using lapic_next_deadline+0x0/0x50 with delta 994922          <idle>-0       [024] d....  1968.198395: clockevents_program_event: seting clock event using lapic_next_deadline+0x0/0x50 with delta 503741319          <idle>-0       [024] d.h..  1968.702140: local_apic_timer_interrupt: ffffffffa3a3e860 hrtimer_interrupt+0x0/0x380
          <idle>-0       [024] d....  1968.702151: sched_switch: prev_comm=swapper/24 prev_pid=0 prev_prio=120 prev_state=R ==> next_comm=kcompactd0 next_pid=316 next_prio=120
      kcompactd0-316     [024] d....  1968.702159: clockevents_program_event: seting clock event using lapic_next_deadline+0x0/0x50 with delta 503977409      kcompactd0-316     [024] d....  1968.702162: sched_switch: prev_comm=kcompactd0 prev_pid=316 prev_prio=120 prev_state=S ==> next_comm=swapper/24 next_pid=0 next_prio=120
          <idle>-0       [024] dN...  1969.078167: __flush_smp_call_function_queue: executing ttwu callback from: '0' to: '24' 0x1
          <idle>-0       [024] d....  1969.078189: sched_switch: prev_comm=swapper/24 prev_pid=0 prev_prio=120 prev_state=R ==> next_comm=kworker/24:1 next_pid=358 next_prio=120
    kworker/24:1-358     [024] d....  1969.078195: sched_switch: prev_comm=kworker/24:1 prev_pid=358 prev_prio=120 prev_state=I ==> next_comm=swapper/24 next_pid=0 next_prio=120
          <idle>-0       [024] d.h..  1969.206139: local_apic_timer_interrupt: ffffffffa3a3e860 hrtimer_interrupt+0x0/0x380
          <idle>-0       [024] d....  1969.206150: sched_switch: prev_comm=swapper/24 prev_pid=0 prev_prio=120 prev_state=R ==> next_comm=kcompactd0 next_pid=316 next_prio=120
      kcompactd0-316     [024] d....  1969.206154: clockevents_program_event: seting clock event using lapic_next_deadline+0x0/0x50 with delta 503981587      kcompactd0-316     [024] d....  1969.206159: sched_switch: prev_comm=kcompactd0 prev_pid=316 prev_prio=120 prev_state=S ==> next_comm=swapper/24 next_pid=0 next_prio=120
          <idle>-0       [024] d.h..  1969.710141: local_apic_timer_interrupt: ffffffffa3a3e860 hrtimer_interrupt+0x0/0x380
          <idle>-0       [024] d....  1969.710151: sched_switch: prev_comm=swapper/24 prev_pid=0 prev_prio=120 prev_state=R ==> next_comm=kcompactd0 next_pid=316 next_prio=120
      kcompactd0-316     [024] d....  1969.710158: clockevents_program_event: seting clock event using lapic_next_deadline+0x0/0x50 with delta 503977845      kcompactd0-316     [024] d....  1969.710162: sched_switch: prev_comm=kcompactd0 prev_pid=316 prev_prio=120 prev_state=S ==> next_comm=swapper/24 next_pid=0 next_prio=120
          <idle>-0       [024] d.h..  1970.214142: local_apic_timer_interrupt: ffffffffa3a3e860 hrtimer_interrupt+0x0/0x380
          <idle>-0       [024] dN...  1970.214156: clockevents_program_event: seting clock event using lapic_next_deadline+0x0/0x50 with delta 229746          <idle>-0       [024] d....  1970.214159: sched_switch: prev_comm=swapper/24 prev_pid=0 prev_prio=120 prev_state=R ==> next_comm=kworker/24:1 next_pid=358 next_prio=120
    kworker/24:1-358     [024] d....  1970.214195: sched_switch: prev_comm=kworker/24:1 prev_pid=358 prev_prio=120 prev_state=I ==> next_comm=kcompactd0 next_pid=316 next_prio=120
      kcompactd0-316     [024] d....  1970.214200: sched_switch: prev_comm=kcompactd0 prev_pid=316 prev_prio=120 prev_state=S ==> next_comm=swapper/24 next_pid=0 next_prio=120
          <idle>-0       [024] d.h..  1970.214388: local_apic_timer_interrupt: ffffffffa3a3e860 hrtimer_interrupt+0x0/0x380
          <idle>-0       [024] d.h..  1970.214391: clockevents_program_event: seting clock event using lapic_next_deadline+0x0/0x50 with delta 994586          <idle>-0       [024] d....  1970.214395: clockevents_program_event: seting clock event using lapic_next_deadline+0x0/0x50 with delta 503740234          <idle>-0       [024] dN...  1970.232662: __flush_smp_call_function_queue: executing non-sync callback from: '22' to: '24' cpuid_smp_cpuid+0x0/0x30
          <idle>-0       [024] dN...  1970.232675: __flush_smp_call_function_queue: executing non-sync callback from: '22' to: '24' cpuid_smp_cpuid+0x0/0x30
          <idle>-0       [024] dN...  1970.233776: __flush_smp_call_function_queue: executing non-sync callback from: '22' to: '24' cpuid_smp_cpuid+0x0/0x30
          <idle>-0       [024] dN...  1970.233789: __flush_smp_call_function_queue: executing non-sync callback from: '22' to: '24' cpuid_smp_cpuid+0x0/0x30
          <idle>-0       [024] dN...  1970.234754: __flush_smp_call_function_queue: executing non-sync callback from: '22' to: '24' cpuid_smp_cpuid+0x0/0x30
          <idle>-0       [024] dN...  1970.234768: __flush_smp_call_function_queue: executing non-sync callback from: '22' to: '24' cpuid_smp_cpuid+0x0/0x30
          <idle>-0       [024] dN...  1970.235482: __flush_smp_call_function_queue: executing non-sync callback from: '22' to: '24' __rdmsr_safe_on_cpu+0x0/0x70
