          <idle>-0       [024] dN...  2000.477262: __flush_smp_call_function_queue: executing non-sync callback from: '42' to: '24' __rdmsr_safe_on_cpu+0x0/0x70
          <idle>-0       [024] dN...  2000.477268: __flush_smp_call_function_queue: executing non-sync callback from: '42' to: '24' __rdmsr_safe_on_cpu+0x0/0x70
          <idle>-0       [024] dN...  2000.477273: __flush_smp_call_function_queue: executing non-sync callback from: '42' to: '24' __rdmsr_safe_on_cpu+0x0/0x70
          <idle>-0       [024] dN...  2000.477279: __flush_smp_call_function_queue: executing non-sync callback from: '42' to: '24' __rdmsr_safe_on_cpu+0x0/0x70
          <idle>-0       [024] dN...  2000.477285: __flush_smp_call_function_queue: executing non-sync callback from: '42' to: '24' __rdmsr_safe_on_cpu+0x0/0x70
          <idle>-0       [024] dN...  2000.477290: __flush_smp_call_function_queue: executing non-sync callback from: '42' to: '24' __rdmsr_safe_on_cpu+0x0/0x70
          <idle>-0       [024] dN...  2000.480051: __flush_smp_call_function_queue: executing non-sync callback from: '42' to: '24' __rdmsr_safe_on_cpu+0x0/0x70
          <idle>-0       [024] dN...  2000.480060: __flush_smp_call_function_queue: executing non-sync callback from: '42' to: '24' __rdmsr_safe_on_cpu+0x0/0x70
          <idle>-0       [024] dN...  2000.480069: __flush_smp_call_function_queue: executing non-sync callback from: '42' to: '24' __rdmsr_safe_on_cpu+0x0/0x70
          <idle>-0       [024] dN...  2000.480079: __flush_smp_call_function_queue: executing non-sync callback from: '42' to: '24' cpuid_smp_cpuid+0x0/0x30
          <idle>-0       [024] dN...  2000.480088: __flush_smp_call_function_queue: executing non-sync callback from: '42' to: '24' __rdmsr_safe_on_cpu+0x0/0x70
          <idle>-0       [024] dN...  2000.480097: __flush_smp_call_function_queue: executing non-sync callback from: '42' to: '24' __rdmsr_safe_on_cpu+0x0/0x70
          <idle>-0       [024] d.h..  2000.958131: local_apic_timer_interrupt: ffffffffa3a3e860 hrtimer_interrupt+0x0/0x380
          <idle>-0       [024] d....  2000.958142: sched_switch: prev_comm=swapper/24 prev_pid=0 prev_prio=120 prev_state=R ==> next_comm=kcompactd0 next_pid=316 next_prio=120
      kcompactd0-316     [024] d....  2000.958149: clockevents_program_event: seting clock event using lapic_next_deadline+0x0/0x50 with delta 503978545      kcompactd0-316     [024] d....  2000.958152: sched_switch: prev_comm=kcompactd0 prev_pid=316 prev_prio=120 prev_state=S ==> next_comm=swapper/24 next_pid=0 next_prio=120
          <idle>-0       [024] d.h..  2001.462130: local_apic_timer_interrupt: ffffffffa3a3e860 hrtimer_interrupt+0x0/0x380
          <idle>-0       [024] d....  2001.462141: sched_switch: prev_comm=swapper/24 prev_pid=0 prev_prio=120 prev_state=R ==> next_comm=kcompactd0 next_pid=316 next_prio=120
      kcompactd0-316     [024] d....  2001.462147: clockevents_program_event: seting clock event using lapic_next_deadline+0x0/0x50 with delta 503980233      kcompactd0-316     [024] d....  2001.462150: sched_switch: prev_comm=kcompactd0 prev_pid=316 prev_prio=120 prev_state=S ==> next_comm=swapper/24 next_pid=0 next_prio=120
          <idle>-0       [024] d.h..  2001.966131: local_apic_timer_interrupt: ffffffffa3a3e860 hrtimer_interrupt+0x0/0x380
          <idle>-0       [024] d....  2001.966141: sched_switch: prev_comm=swapper/24 prev_pid=0 prev_prio=120 prev_state=R ==> next_comm=kcompactd0 next_pid=316 next_prio=120
      kcompactd0-316     [024] d....  2001.966148: clockevents_program_event: seting clock event using lapic_next_deadline+0x0/0x50 with delta 503978991      kcompactd0-316     [024] d....  2001.966150: sched_switch: prev_comm=kcompactd0 prev_pid=316 prev_prio=120 prev_state=S ==> next_comm=swapper/24 next_pid=0 next_prio=120
          <idle>-0       [024] d.h..  2002.470130: local_apic_timer_interrupt: ffffffffa3a3e860 hrtimer_interrupt+0x0/0x380
          <idle>-0       [024] d....  2002.470140: sched_switch: prev_comm=swapper/24 prev_pid=0 prev_prio=120 prev_state=R ==> next_comm=kcompactd0 next_pid=316 next_prio=120
      kcompactd0-316     [024] d....  2002.470146: clockevents_program_event: seting clock event using lapic_next_deadline+0x0/0x50 with delta 503980542      kcompactd0-316     [024] d....  2002.470149: sched_switch: prev_comm=kcompactd0 prev_pid=316 prev_prio=120 prev_state=S ==> next_comm=swapper/24 next_pid=0 next_prio=120
          <idle>-0       [024] d.h..  2002.974131: local_apic_timer_interrupt: ffffffffa3a3e860 hrtimer_interrupt+0x0/0x380
          <idle>-0       [024] d....  2002.974141: sched_switch: prev_comm=swapper/24 prev_pid=0 prev_prio=120 prev_state=R ==> next_comm=kcompactd0 next_pid=316 next_prio=120
      kcompactd0-316     [024] d....  2002.974148: clockevents_program_event: seting clock event using lapic_next_deadline+0x0/0x50 with delta 503978418      kcompactd0-316     [024] d....  2002.974151: sched_switch: prev_comm=kcompactd0 prev_pid=316 prev_prio=120 prev_state=S ==> next_comm=swapper/24 next_pid=0 next_prio=120
          <idle>-0       [024] d.h..  2003.478130: local_apic_timer_interrupt: ffffffffa3a3e860 hrtimer_interrupt+0x0/0x380
          <idle>-0       [024] dN...  2003.478142: clockevents_program_event: seting clock event using lapic_next_deadline+0x0/0x50 with delta 234139          <idle>-0       [024] d....  2003.478145: sched_switch: prev_comm=swapper/24 prev_pid=0 prev_prio=120 prev_state=R ==> next_comm=kworker/24:1 next_pid=358 next_prio=120
    kworker/24:1-358     [024] d....  2003.478189: sched_switch: prev_comm=kworker/24:1 prev_pid=358 prev_prio=120 prev_state=I ==> next_comm=kcompactd0 next_pid=316 next_prio=120
      kcompactd0-316     [024] d....  2003.478193: sched_switch: prev_comm=kcompactd0 prev_pid=316 prev_prio=120 prev_state=S ==> next_comm=swapper/24 next_pid=0 next_prio=120
          <idle>-0       [024] d.h..  2003.478378: local_apic_timer_interrupt: ffffffffa3a3e860 hrtimer_interrupt+0x0/0x380
          <idle>-0       [024] d.h..  2003.478381: clockevents_program_event: seting clock event using lapic_next_deadline+0x0/0x50 with delta 995145          <idle>-0       [024] d.h..  2003.479377: local_apic_timer_interrupt: ffffffffa3a3e860 hrtimer_interrupt+0x0/0x380
          <idle>-0       [024] d.h..  2003.479379: clockevents_program_event: seting clock event using lapic_next_deadline+0x0/0x50 with delta 996771          <idle>-0       [024] d....  2003.479382: clockevents_program_event: seting clock event using lapic_next_deadline+0x0/0x50 with delta 502743896          <idle>-0       [024] d.h..  2003.982129: local_apic_timer_interrupt: ffffffffa3a3e860 hrtimer_interrupt+0x0/0x380
          <idle>-0       [024] d....  2003.982139: sched_switch: prev_comm=swapper/24 prev_pid=0 prev_prio=120 prev_state=R ==> next_comm=kcompactd0 next_pid=316 next_prio=120
      kcompactd0-316     [024] d....  2003.982145: clockevents_program_event: seting clock event using lapic_next_deadline+0x0/0x50 with delta 503980477      kcompactd0-316     [024] d....  2003.982148: sched_switch: prev_comm=kcompactd0 prev_pid=316 prev_prio=120 prev_state=S ==> next_comm=swapper/24 next_pid=0 next_prio=120
          <idle>-0       [024] d.h..  2004.486130: local_apic_timer_interrupt: ffffffffa3a3e860 hrtimer_interrupt+0x0/0x380
          <idle>-0       [024] d....  2004.486140: sched_switch: prev_comm=swapper/24 prev_pid=0 prev_prio=120 prev_state=R ==> next_comm=kcompactd0 next_pid=316 next_prio=120
      kcompactd0-316     [024] d....  2004.486146: clockevents_program_event: seting clock event using lapic_next_deadline+0x0/0x50 with delta 503979338      kcompactd0-316     [024] d....  2004.486149: sched_switch: prev_comm=kcompactd0 prev_pid=316 prev_prio=120 prev_state=S ==> next_comm=swapper/24 next_pid=0 next_prio=120
          <idle>-0       [024] d.h..  2004.990130: local_apic_timer_interrupt: ffffffffa3a3e860 hrtimer_interrupt+0x0/0x380
          <idle>-0       [024] d....  2004.990141: sched_switch: prev_comm=swapper/24 prev_pid=0 prev_prio=120 prev_state=R ==> next_comm=kcompactd0 next_pid=316 next_prio=120
      kcompactd0-316     [024] d....  2004.990148: clockevents_program_event: seting clock event using lapic_next_deadline+0x0/0x50 with delta 503977728      kcompactd0-316     [024] d....  2004.990151: sched_switch: prev_comm=kcompactd0 prev_pid=316 prev_prio=120 prev_state=S ==> next_comm=swapper/24 next_pid=0 next_prio=120
          <idle>-0       [024] d.h..  2005.494129: local_apic_timer_interrupt: ffffffffa3a3e860 hrtimer_interrupt+0x0/0x380
          <idle>-0       [024] dN...  2005.494140: clockevents_program_event: seting clock event using lapic_next_deadline+0x0/0x50 with delta 383985638          <idle>-0       [024] d....  2005.494143: sched_switch: prev_comm=swapper/24 prev_pid=0 prev_prio=120 prev_state=R ==> next_comm=kcompactd0 next_pid=316 next_prio=120
      kcompactd0-316     [024] d....  2005.494149: sched_switch: prev_comm=kcompactd0 prev_pid=316 prev_prio=120 prev_state=S ==> next_comm=swapper/24 next_pid=0 next_prio=120
          <idle>-0       [024] d.h..  2005.878130: local_apic_timer_interrupt: ffffffffa3a3e860 hrtimer_interrupt+0x0/0x380
          <idle>-0       [024] d....  2005.878142: clockevents_program_event: seting clock event using lapic_next_deadline+0x0/0x50 with delta 119983402          <idle>-0       [024] d.h..  2005.998129: local_apic_timer_interrupt: ffffffffa3a3e860 hrtimer_interrupt+0x0/0x380
          <idle>-0       [024] d....  2005.998139: sched_switch: prev_comm=swapper/24 prev_pid=0 prev_prio=120 prev_state=R ==> next_comm=kcompactd0 next_pid=316 next_prio=120
      kcompactd0-316     [024] d....  2005.998147: clockevents_program_event: seting clock event using lapic_next_deadline+0x0/0x50 with delta 503978707      kcompactd0-316     [024] d....  2005.998150: sched_switch: prev_comm=kcompactd0 prev_pid=316 prev_prio=120 prev_state=S ==> next_comm=swapper/24 next_pid=0 next_prio=120
          <idle>-0       [024] d.h..  2006.502130: local_apic_timer_interrupt: ffffffffa3a3e860 hrtimer_interrupt+0x0/0x380
          <idle>-0       [024] dN...  2006.502143: clockevents_program_event: seting clock event using lapic_next_deadline+0x0/0x50 with delta 232403          <idle>-0       [024] d....  2006.502146: sched_switch: prev_comm=swapper/24 prev_pid=0 prev_prio=120 prev_state=R ==> next_comm=kworker/24:1 next_pid=358 next_prio=120
    kworker/24:1-358     [024] d....  2006.502189: sched_switch: prev_comm=kworker/24:1 prev_pid=358 prev_prio=120 prev_state=I ==> next_comm=kcompactd0 next_pid=316 next_prio=120
      kcompactd0-316     [024] d....  2006.502193: sched_switch: prev_comm=kcompactd0 prev_pid=316 prev_prio=120 prev_state=S ==> next_comm=swapper/24 next_pid=0 next_prio=120
          <idle>-0       [024] d....  2006.502324: clockevents_program_event: seting clock event using lapic_next_deadline+0x0/0x50 with delta 503801219          <idle>-0       [024] d.h..  2007.006130: local_apic_timer_interrupt: ffffffffa3a3e860 hrtimer_interrupt+0x0/0x380
          <idle>-0       [024] d....  2007.006141: sched_switch: prev_comm=swapper/24 prev_pid=0 prev_prio=120 prev_state=R ==> next_comm=kcompactd0 next_pid=316 next_prio=120
      kcompactd0-316     [024] d....  2007.006147: clockevents_program_event: seting clock event using lapic_next_deadline+0x0/0x50 with delta 503977601      kcompactd0-316     [024] d....  2007.006152: sched_switch: prev_comm=kcompactd0 prev_pid=316 prev_prio=120 prev_state=S ==> next_comm=swapper/24 next_pid=0 next_prio=120
          <idle>-0       [024] d.h..  2007.510130: local_apic_timer_interrupt: ffffffffa3a3e860 hrtimer_interrupt+0x0/0x380
          <idle>-0       [024] d....  2007.510141: sched_switch: prev_comm=swapper/24 prev_pid=0 prev_prio=120 prev_state=R ==> next_comm=kcompactd0 next_pid=316 next_prio=120
      kcompactd0-316     [024] d....  2007.510147: clockevents_program_event: seting clock event using lapic_next_deadline+0x0/0x50 with delta 503978222      kcompactd0-316     [024] d....  2007.510151: sched_switch: prev_comm=kcompactd0 prev_pid=316 prev_prio=120 prev_state=S ==> next_comm=swapper/24 next_pid=0 next_prio=120
          <idle>-0       [024] d.h..  2008.014130: local_apic_timer_interrupt: ffffffffa3a3e860 hrtimer_interrupt+0x0/0x380
          <idle>-0       [024] d....  2008.014141: sched_switch: prev_comm=swapper/24 prev_pid=0 prev_prio=120 prev_state=R ==> next_comm=kcompactd0 next_pid=316 next_prio=120
      kcompactd0-316     [024] d....  2008.014149: clockevents_program_event: seting clock event using lapic_next_deadline+0x0/0x50 with delta 503976255      kcompactd0-316     [024] d....  2008.014153: sched_switch: prev_comm=kcompactd0 prev_pid=316 prev_prio=120 prev_state=S ==> next_comm=swapper/24 next_pid=0 next_prio=120
          <idle>-0       [024] d.h..  2008.518129: local_apic_timer_interrupt: ffffffffa3a3e860 hrtimer_interrupt+0x0/0x380
          <idle>-0       [024] d....  2008.518139: sched_switch: prev_comm=swapper/24 prev_pid=0 prev_prio=120 prev_state=R ==> next_comm=kcompactd0 next_pid=316 next_prio=120
      kcompactd0-316     [024] d....  2008.518143: clockevents_program_event: seting clock event using lapic_next_deadline+0x0/0x50 with delta 503981223      kcompactd0-316     [024] d....  2008.518148: sched_switch: prev_comm=kcompactd0 prev_pid=316 prev_prio=120 prev_state=S ==> next_comm=swapper/24 next_pid=0 next_prio=120
          <idle>-0       [024] d.h..  2009.022130: local_apic_timer_interrupt: ffffffffa3a3e860 hrtimer_interrupt+0x0/0x380
          <idle>-0       [024] dN...  2009.022143: clockevents_program_event: seting clock event using lapic_next_deadline+0x0/0x50 with delta 231934          <idle>-0       [024] d....  2009.022146: sched_switch: prev_comm=swapper/24 prev_pid=0 prev_prio=120 prev_state=R ==> next_comm=kworker/24:1 next_pid=358 next_prio=120
    kworker/24:1-358     [024] d....  2009.022183: sched_switch: prev_comm=kworker/24:1 prev_pid=358 prev_prio=120 prev_state=I ==> next_comm=kcompactd0 next_pid=316 next_prio=120
      kcompactd0-316     [024] d....  2009.022187: sched_switch: prev_comm=kcompactd0 prev_pid=316 prev_prio=120 prev_state=S ==> next_comm=swapper/24 next_pid=0 next_prio=120
          <idle>-0       [024] d....  2009.022190: clockevents_program_event: seting clock event using lapic_next_deadline+0x0/0x50 with delta 503934554          <idle>-0       [024] d.h..  2009.526128: local_apic_timer_interrupt: ffffffffa3a3e860 hrtimer_interrupt+0x0/0x380
          <idle>-0       [024] d....  2009.526152: sched_switch: prev_comm=swapper/24 prev_pid=0 prev_prio=120 prev_state=R ==> next_comm=kcompactd0 next_pid=316 next_prio=120
      kcompactd0-316     [024] d....  2009.526158: clockevents_program_event: seting clock event using lapic_next_deadline+0x0/0x50 with delta 503966224      kcompactd0-316     [024] d....  2009.526161: sched_switch: prev_comm=kcompactd0 prev_pid=316 prev_prio=120 prev_state=S ==> next_comm=swapper/24 next_pid=0 next_prio=120
          <idle>-0       [024] d.h..  2010.030129: local_apic_timer_interrupt: ffffffffa3a3e860 hrtimer_interrupt+0x0/0x380
          <idle>-0       [024] d....  2010.030140: sched_switch: prev_comm=swapper/24 prev_pid=0 prev_prio=120 prev_state=R ==> next_comm=kcompactd0 next_pid=316 next_prio=120
      kcompactd0-316     [024] d....  2010.030148: clockevents_program_event: seting clock event using lapic_next_deadline+0x0/0x50 with delta 503976665      kcompactd0-316     [024] d....  2010.030152: sched_switch: prev_comm=kcompactd0 prev_pid=316 prev_prio=120 prev_state=S ==> next_comm=swapper/24 next_pid=0 next_prio=120
          <idle>-0       [024] d.h..  2010.534129: local_apic_timer_interrupt: ffffffffa3a3e860 hrtimer_interrupt+0x0/0x380
          <idle>-0       [024] d....  2010.534143: sched_switch: prev_comm=swapper/24 prev_pid=0 prev_prio=120 prev_state=R ==> next_comm=kcompactd0 next_pid=316 next_prio=120
      kcompactd0-316     [024] d....  2010.534149: clockevents_program_event: seting clock event using lapic_next_deadline+0x0/0x50 with delta 503974990      kcompactd0-316     [024] d....  2010.534152: sched_switch: prev_comm=kcompactd0 prev_pid=316 prev_prio=120 prev_state=S ==> next_comm=swapper/24 next_pid=0 next_prio=120
          <idle>-0       [024] d.h..  2011.038129: local_apic_timer_interrupt: ffffffffa3a3e860 hrtimer_interrupt+0x0/0x380
          <idle>-0       [024] d....  2011.038140: sched_switch: prev_comm=swapper/24 prev_pid=0 prev_prio=120 prev_state=R ==> next_comm=kcompactd0 next_pid=316 next_prio=120
      kcompactd0-316     [024] d....  2011.038147: clockevents_program_event: seting clock event using lapic_next_deadline+0x0/0x50 with delta 503977008      kcompactd0-316     [024] d....  2011.038150: sched_switch: prev_comm=kcompactd0 prev_pid=316 prev_prio=120 prev_state=S ==> next_comm=swapper/24 next_pid=0 next_prio=120
          <idle>-0       [024] d.h..  2011.542129: local_apic_timer_interrupt: ffffffffa3a3e860 hrtimer_interrupt+0x0/0x380
          <idle>-0       [024] dN...  2011.542141: clockevents_program_event: seting clock event using lapic_next_deadline+0x0/0x50 with delta 232724          <idle>-0       [024] d....  2011.542144: sched_switch: prev_comm=swapper/24 prev_pid=0 prev_prio=120 prev_state=R ==> next_comm=kworker/24:1 next_pid=358 next_prio=120
    kworker/24:1-358     [024] d....  2011.542149: sched_switch: prev_comm=kworker/24:1 prev_pid=358 prev_prio=120 prev_state=I ==> next_comm=kcompactd0 next_pid=316 next_prio=120
      kcompactd0-316     [024] d....  2011.542153: sched_switch: prev_comm=kcompactd0 prev_pid=316 prev_prio=120 prev_state=S ==> next_comm=swapper/24 next_pid=0 next_prio=120
          <idle>-0       [024] d....  2011.542171: clockevents_program_event: seting clock event using lapic_next_deadline+0x0/0x50 with delta 503952684          <idle>-0       [024] d.h..  2012.046137: local_apic_timer_interrupt: ffffffffa3a3e860 hrtimer_interrupt+0x0/0x380
          <idle>-0       [024] d....  2012.046148: sched_switch: prev_comm=swapper/24 prev_pid=0 prev_prio=120 prev_state=R ==> next_comm=kcompactd0 next_pid=316 next_prio=120
      kcompactd0-316     [024] d....  2012.046154: clockevents_program_event: seting clock event using lapic_next_deadline+0x0/0x50 with delta 503969295      kcompactd0-316     [024] d....  2012.046158: sched_switch: prev_comm=kcompactd0 prev_pid=316 prev_prio=120 prev_state=S ==> next_comm=swapper/24 next_pid=0 next_prio=120
          <idle>-0       [024] d.h..  2012.550135: local_apic_timer_interrupt: ffffffffa3a3e860 hrtimer_interrupt+0x0/0x380
          <idle>-0       [024] d....  2012.550145: sched_switch: prev_comm=swapper/24 prev_pid=0 prev_prio=120 prev_state=R ==> next_comm=kcompactd0 next_pid=316 next_prio=120
      kcompactd0-316     [024] d....  2012.550151: clockevents_program_event: seting clock event using lapic_next_deadline+0x0/0x50 with delta 503971844      kcompactd0-316     [024] d....  2012.550155: sched_switch: prev_comm=kcompactd0 prev_pid=316 prev_prio=120 prev_state=S ==> next_comm=swapper/24 next_pid=0 next_prio=120
          <idle>-0       [024] d.h..  2013.054130: local_apic_timer_interrupt: ffffffffa3a3e860 hrtimer_interrupt+0x0/0x380
          <idle>-0       [024] d....  2013.054141: sched_switch: prev_comm=swapper/24 prev_pid=0 prev_prio=120 prev_state=R ==> next_comm=kcompactd0 next_pid=316 next_prio=120
      kcompactd0-316     [024] d....  2013.054148: clockevents_program_event: seting clock event using lapic_next_deadline+0x0/0x50 with delta 503974818      kcompactd0-316     [024] d....  2013.054152: sched_switch: prev_comm=kcompactd0 prev_pid=316 prev_prio=120 prev_state=S ==> next_comm=swapper/24 next_pid=0 next_prio=120
          <idle>-0       [024] d.h..  2013.558127: local_apic_timer_interrupt: ffffffffa3a3e860 hrtimer_interrupt+0x0/0x380
          <idle>-0       [024] d....  2013.558138: sched_switch: prev_comm=swapper/24 prev_pid=0 prev_prio=120 prev_state=R ==> next_comm=kcompactd0 next_pid=316 next_prio=120
      kcompactd0-316     [024] d....  2013.558144: clockevents_program_event: seting clock event using lapic_next_deadline+0x0/0x50 with delta 503979057      kcompactd0-316     [024] d....  2013.558147: sched_switch: prev_comm=kcompactd0 prev_pid=316 prev_prio=120 prev_state=S ==> next_comm=swapper/24 next_pid=0 next_prio=120
          <idle>-0       [024] d.h..  2014.062127: local_apic_timer_interrupt: ffffffffa3a3e860 hrtimer_interrupt+0x0/0x380
          <idle>-0       [024] dN...  2014.062140: clockevents_program_event: seting clock event using lapic_next_deadline+0x0/0x50 with delta 232355          <idle>-0       [024] d....  2014.062143: sched_switch: prev_comm=swapper/24 prev_pid=0 prev_prio=120 prev_state=R ==> next_comm=kworker/24:1 next_pid=358 next_prio=120
    kworker/24:1-358     [024] d....  2014.062186: sched_switch: prev_comm=kworker/24:1 prev_pid=358 prev_prio=120 prev_state=I ==> next_comm=kcompactd0 next_pid=316 next_prio=120
      kcompactd0-316     [024] d....  2014.062190: sched_switch: prev_comm=kcompactd0 prev_pid=316 prev_prio=120 prev_state=S ==> next_comm=swapper/24 next_pid=0 next_prio=120
          <idle>-0       [024] d....  2014.062193: clockevents_program_event: seting clock event using lapic_next_deadline+0x0/0x50 with delta 503929089          <idle>-0       [024] d.h..  2014.566127: local_apic_timer_interrupt: ffffffffa3a3e860 hrtimer_interrupt+0x0/0x380
          <idle>-0       [024] d....  2014.566136: sched_switch: prev_comm=swapper/24 prev_pid=0 prev_prio=120 prev_state=R ==> next_comm=kcompactd0 next_pid=316 next_prio=120
      kcompactd0-316     [024] d....  2014.566143: clockevents_program_event: seting clock event using lapic_next_deadline+0x0/0x50 with delta 503979418      kcompactd0-316     [024] d....  2014.566146: sched_switch: prev_comm=kcompactd0 prev_pid=316 prev_prio=120 prev_state=S ==> next_comm=swapper/24 next_pid=0 next_prio=120
          <idle>-0       [024] d.h..  2015.070127: local_apic_timer_interrupt: ffffffffa3a3e860 hrtimer_interrupt+0x0/0x380
          <idle>-0       [024] d....  2015.070137: sched_switch: prev_comm=swapper/24 prev_pid=0 prev_prio=120 prev_state=R ==> next_comm=kcompactd0 next_pid=316 next_prio=120
      kcompactd0-316     [024] d....  2015.070144: clockevents_program_event: seting clock event using lapic_next_deadline+0x0/0x50 with delta 503978379      kcompactd0-316     [024] d....  2015.070148: sched_switch: prev_comm=kcompactd0 prev_pid=316 prev_prio=120 prev_state=S ==> next_comm=swapper/24 next_pid=0 next_prio=120
          <idle>-0       [024] d.h..  2015.574126: local_apic_timer_interrupt: ffffffffa3a3e860 hrtimer_interrupt+0x0/0x380
          <idle>-0       [024] d....  2015.574136: sched_switch: prev_comm=swapper/24 prev_pid=0 prev_prio=120 prev_state=R ==> next_comm=kcompactd0 next_pid=316 next_prio=120
      kcompactd0-316     [024] d....  2015.574143: clockevents_program_event: seting clock event using lapic_next_deadline+0x0/0x50 with delta 503979320      kcompactd0-316     [024] d....  2015.574146: sched_switch: prev_comm=kcompactd0 prev_pid=316 prev_prio=120 prev_state=S ==> next_comm=swapper/24 next_pid=0 next_prio=120
          <idle>-0       [024] d.h..  2016.078127: local_apic_timer_interrupt: ffffffffa3a3e860 hrtimer_interrupt+0x0/0x380
          <idle>-0       [024] dN...  2016.078140: clockevents_program_event: seting clock event using lapic_next_deadline+0x0/0x50 with delta 231706          <idle>-0       [024] d....  2016.078144: sched_switch: prev_comm=swapper/24 prev_pid=0 prev_prio=120 prev_state=R ==> next_comm=kworker/24:1 next_pid=358 next_prio=120
    kworker/24:1-358     [024] d....  2016.078148: sched_switch: prev_comm=kworker/24:1 prev_pid=358 prev_prio=120 prev_state=I ==> next_comm=kcompactd0 next_pid=316 next_prio=120
      kcompactd0-316     [024] d....  2016.078153: sched_switch: prev_comm=kcompactd0 prev_pid=316 prev_prio=120 prev_state=S ==> next_comm=swapper/24 next_pid=0 next_prio=120
          <idle>-0       [024] d....  2016.078171: clockevents_program_event: seting clock event using lapic_next_deadline+0x0/0x50 with delta 503950913          <idle>-0       [024] d.h..  2016.582126: local_apic_timer_interrupt: ffffffffa3a3e860 hrtimer_interrupt+0x0/0x380
          <idle>-0       [024] d....  2016.582136: sched_switch: prev_comm=swapper/24 prev_pid=0 prev_prio=120 prev_state=R ==> next_comm=kcompactd0 next_pid=316 next_prio=120
      kcompactd0-316     [024] d....  2016.582142: clockevents_program_event: seting clock event using lapic_next_deadline+0x0/0x50 with delta 503980861      kcompactd0-316     [024] d....  2016.582146: sched_switch: prev_comm=kcompactd0 prev_pid=316 prev_prio=120 prev_state=S ==> next_comm=swapper/24 next_pid=0 next_prio=120
          <idle>-0       [024] d.h..  2017.086127: local_apic_timer_interrupt: ffffffffa3a3e860 hrtimer_interrupt+0x0/0x380
          <idle>-0       [024] d....  2017.086138: sched_switch: prev_comm=swapper/24 prev_pid=0 prev_prio=120 prev_state=R ==> next_comm=kcompactd0 next_pid=316 next_prio=120
      kcompactd0-316     [024] d....  2017.086144: clockevents_program_event: seting clock event using lapic_next_deadline+0x0/0x50 with delta 503976577      kcompactd0-316     [024] d....  2017.086148: sched_switch: prev_comm=kcompactd0 prev_pid=316 prev_prio=120 prev_state=S ==> next_comm=swapper/24 next_pid=0 next_prio=120
          <idle>-0       [024] d.h..  2017.590125: local_apic_timer_interrupt: ffffffffa3a3e860 hrtimer_interrupt+0x0/0x380
          <idle>-0       [024] d....  2017.590135: sched_switch: prev_comm=swapper/24 prev_pid=0 prev_prio=120 prev_state=R ==> next_comm=kcompactd0 next_pid=316 next_prio=120
      kcompactd0-316     [024] d....  2017.590142: clockevents_program_event: seting clock event using lapic_next_deadline+0x0/0x50 with delta 503978722      kcompactd0-316     [024] d....  2017.590146: sched_switch: prev_comm=kcompactd0 prev_pid=316 prev_prio=120 prev_state=S ==> next_comm=swapper/24 next_pid=0 next_prio=120
          <idle>-0       [024] d.h..  2018.094126: local_apic_timer_interrupt: ffffffffa3a3e860 hrtimer_interrupt+0x0/0x380
          <idle>-0       [024] dN...  2018.094139: clockevents_program_event: seting clock event using lapic_next_deadline+0x0/0x50 with delta 231548          <idle>-0       [024] d....  2018.094142: sched_switch: prev_comm=swapper/24 prev_pid=0 prev_prio=120 prev_state=R ==> next_comm=kworker/24:1 next_pid=358 next_prio=120
    kworker/24:1-358     [024] d....  2018.094147: sched_switch: prev_comm=kworker/24:1 prev_pid=358 prev_prio=120 prev_state=I ==> next_comm=kcompactd0 next_pid=316 next_prio=120
      kcompactd0-316     [024] d....  2018.094178: sched_switch: prev_comm=kcompactd0 prev_pid=316 prev_prio=120 prev_state=S ==> next_comm=swapper/24 next_pid=0 next_prio=120
          <idle>-0       [024] d....  2018.094180: clockevents_program_event: seting clock event using lapic_next_deadline+0x0/0x50 with delta 503940516          <idle>-0       [024] d.h..  2018.598124: local_apic_timer_interrupt: ffffffffa3a3e860 hrtimer_interrupt+0x0/0x380
          <idle>-0       [024] d....  2018.598138: sched_switch: prev_comm=swapper/24 prev_pid=0 prev_prio=120 prev_state=R ==> next_comm=kcompactd0 next_pid=316 next_prio=120
      kcompactd0-316     [024] d....  2018.598144: clockevents_program_event: seting clock event using lapic_next_deadline+0x0/0x50 with delta 503976215      kcompactd0-316     [024] d....  2018.598147: sched_switch: prev_comm=kcompactd0 prev_pid=316 prev_prio=120 prev_state=S ==> next_comm=swapper/24 next_pid=0 next_prio=120
          <idle>-0       [024] d.h..  2019.102125: local_apic_timer_interrupt: ffffffffa3a3e860 hrtimer_interrupt+0x0/0x380
          <idle>-0       [024] d....  2019.102135: sched_switch: prev_comm=swapper/24 prev_pid=0 prev_prio=120 prev_state=R ==> next_comm=kcompactd0 next_pid=316 next_prio=120
      kcompactd0-316     [024] d....  2019.102141: clockevents_program_event: seting clock event using lapic_next_deadline+0x0/0x50 with delta 503978865      kcompactd0-316     [024] d....  2019.102145: sched_switch: prev_comm=kcompactd0 prev_pid=316 prev_prio=120 prev_state=S ==> next_comm=swapper/24 next_pid=0 next_prio=120
          <idle>-0       [024] d.h..  2019.606124: local_apic_timer_interrupt: ffffffffa3a3e860 hrtimer_interrupt+0x0/0x380
          <idle>-0       [024] d....  2019.606134: sched_switch: prev_comm=swapper/24 prev_pid=0 prev_prio=120 prev_state=R ==> next_comm=kcompactd0 next_pid=316 next_prio=120
      kcompactd0-316     [024] d....  2019.606139: clockevents_program_event: seting clock event using lapic_next_deadline+0x0/0x50 with delta 503981104      kcompactd0-316     [024] d....  2019.606143: sched_switch: prev_comm=kcompactd0 prev_pid=316 prev_prio=120 prev_state=S ==> next_comm=swapper/24 next_pid=0 next_prio=120
          <idle>-0       [024] d.h..  2020.110124: local_apic_timer_interrupt: ffffffffa3a3e860 hrtimer_interrupt+0x0/0x380
          <idle>-0       [024] dN...  2020.110136: clockevents_program_event: seting clock event using lapic_next_deadline+0x0/0x50 with delta 233490          <idle>-0       [024] d....  2020.110139: sched_switch: prev_comm=swapper/24 prev_pid=0 prev_prio=120 prev_state=R ==> next_comm=kworker/24:1 next_pid=358 next_prio=120
    kworker/24:1-358     [024] d....  2020.110144: sched_switch: prev_comm=kworker/24:1 prev_pid=358 prev_prio=120 prev_state=I ==> next_comm=kcompactd0 next_pid=316 next_prio=120
      kcompactd0-316     [024] d....  2020.110147: sched_switch: prev_comm=kcompactd0 prev_pid=316 prev_prio=120 prev_state=S ==> next_comm=swapper/24 next_pid=0 next_prio=120
          <idle>-0       [024] d....  2020.110150: clockevents_program_event: seting clock event using lapic_next_deadline+0x0/0x50 with delta 503969533          <idle>-0       [024] d.h..  2020.614122: local_apic_timer_interrupt: ffffffffa3a3e860 hrtimer_interrupt+0x0/0x380
          <idle>-0       [024] d....  2020.614133: sched_switch: prev_comm=swapper/24 prev_pid=0 prev_prio=120 prev_state=R ==> next_comm=kcompactd0 next_pid=316 next_prio=120
      kcompactd0-316     [024] d....  2020.614139: clockevents_program_event: seting clock event using lapic_next_deadline+0x0/0x50 with delta 503980579      kcompactd0-316     [024] d....  2020.614142: sched_switch: prev_comm=kcompactd0 prev_pid=316 prev_prio=120 prev_state=S ==> next_comm=swapper/24 next_pid=0 next_prio=120
          <idle>-0       [024] d.h..  2021.118124: local_apic_timer_interrupt: ffffffffa3a3e860 hrtimer_interrupt+0x0/0x380
          <idle>-0       [024] d....  2021.118133: sched_switch: prev_comm=swapper/24 prev_pid=0 prev_prio=120 prev_state=R ==> next_comm=kcompactd0 next_pid=316 next_prio=120
      kcompactd0-316     [024] d....  2021.118138: clockevents_program_event: seting clock event using lapic_next_deadline+0x0/0x50 with delta 503981417      kcompactd0-316     [024] d....  2021.118142: sched_switch: prev_comm=kcompactd0 prev_pid=316 prev_prio=120 prev_state=S ==> next_comm=swapper/24 next_pid=0 next_prio=120
          <idle>-0       [024] d.h..  2021.622124: local_apic_timer_interrupt: ffffffffa3a3e860 hrtimer_interrupt+0x0/0x380
          <idle>-0       [024] d....  2021.622135: sched_switch: prev_comm=swapper/24 prev_pid=0 prev_prio=120 prev_state=R ==> next_comm=kcompactd0 next_pid=316 next_prio=120
      kcompactd0-316     [024] d....  2021.622142: clockevents_program_event: seting clock event using lapic_next_deadline+0x0/0x50 with delta 503977287      kcompactd0-316     [024] d....  2021.622146: sched_switch: prev_comm=kcompactd0 prev_pid=316 prev_prio=120 prev_state=S ==> next_comm=swapper/24 next_pid=0 next_prio=120
          <idle>-0       [024] d.h..  2022.126124: local_apic_timer_interrupt: ffffffffa3a3e860 hrtimer_interrupt+0x0/0x380
          <idle>-0       [024] dN...  2022.126136: clockevents_program_event: seting clock event using lapic_next_deadline+0x0/0x50 with delta 232582          <idle>-0       [024] d....  2022.126140: sched_switch: prev_comm=swapper/24 prev_pid=0 prev_prio=120 prev_state=R ==> next_comm=kworker/24:1 next_pid=358 next_prio=120
    kworker/24:1-358     [024] d....  2022.126145: sched_switch: prev_comm=kworker/24:1 prev_pid=358 prev_prio=120 prev_state=I ==> next_comm=kcompactd0 next_pid=316 next_prio=120
      kcompactd0-316     [024] d....  2022.126149: sched_switch: prev_comm=kcompactd0 prev_pid=316 prev_prio=120 prev_state=S ==> next_comm=swapper/24 next_pid=0 next_prio=120
          <idle>-0       [024] d....  2022.126151: clockevents_program_event: seting clock event using lapic_next_deadline+0x0/0x50 with delta 503967803          <idle>-0       [024] d.h..  2022.630123: local_apic_timer_interrupt: ffffffffa3a3e860 hrtimer_interrupt+0x0/0x380
          <idle>-0       [024] d....  2022.630134: sched_switch: prev_comm=swapper/24 prev_pid=0 prev_prio=120 prev_state=R ==> next_comm=kcompactd0 next_pid=316 next_prio=120
      kcompactd0-316     [024] d....  2022.630141: clockevents_program_event: seting clock event using lapic_next_deadline+0x0/0x50 with delta 503977810      kcompactd0-316     [024] d....  2022.630145: sched_switch: prev_comm=kcompactd0 prev_pid=316 prev_prio=120 prev_state=S ==> next_comm=swapper/24 next_pid=0 next_prio=120
          <idle>-0       [024] d.h..  2023.134124: local_apic_timer_interrupt: ffffffffa3a3e860 hrtimer_interrupt+0x0/0x380
          <idle>-0       [024] d....  2023.134135: sched_switch: prev_comm=swapper/24 prev_pid=0 prev_prio=120 prev_state=R ==> next_comm=kcompactd0 next_pid=316 next_prio=120
      kcompactd0-316     [024] d....  2023.134141: clockevents_program_event: seting clock event using lapic_next_deadline+0x0/0x50 with delta 503977844      kcompactd0-316     [024] d....  2023.134146: sched_switch: prev_comm=kcompactd0 prev_pid=316 prev_prio=120 prev_state=S ==> next_comm=swapper/24 next_pid=0 next_prio=120
          <idle>-0       [024] d.h..  2023.638124: local_apic_timer_interrupt: ffffffffa3a3e860 hrtimer_interrupt+0x0/0x380
          <idle>-0       [024] d....  2023.638132: sched_switch: prev_comm=swapper/24 prev_pid=0 prev_prio=120 prev_state=R ==> next_comm=kcompactd0 next_pid=316 next_prio=120
      kcompactd0-316     [024] d....  2023.638138: clockevents_program_event: seting clock event using lapic_next_deadline+0x0/0x50 with delta 503980731      kcompactd0-316     [024] d....  2023.638141: sched_switch: prev_comm=kcompactd0 prev_pid=316 prev_prio=120 prev_state=S ==> next_comm=swapper/24 next_pid=0 next_prio=120
          <idle>-0       [024] d.h..  2024.142123: local_apic_timer_interrupt: ffffffffa3a3e860 hrtimer_interrupt+0x0/0x380
          <idle>-0       [024] dN...  2024.142137: clockevents_program_event: seting clock event using lapic_next_deadline+0x0/0x50 with delta 232044          <idle>-0       [024] d....  2024.142140: sched_switch: prev_comm=swapper/24 prev_pid=0 prev_prio=120 prev_state=R ==> next_comm=kworker/24:1 next_pid=358 next_prio=120
    kworker/24:1-358     [024] d....  2024.142145: sched_switch: prev_comm=kworker/24:1 prev_pid=358 prev_prio=120 prev_state=I ==> next_comm=kcompactd0 next_pid=316 next_prio=120
      kcompactd0-316     [024] d....  2024.142149: sched_switch: prev_comm=kcompactd0 prev_pid=316 prev_prio=120 prev_state=S ==> next_comm=swapper/24 next_pid=0 next_prio=120
          <idle>-0       [024] d....  2024.142167: clockevents_program_event: seting clock event using lapic_next_deadline+0x0/0x50 with delta 503951673          <idle>-0       [024] d.h..  2024.646132: local_apic_timer_interrupt: ffffffffa3a3e860 hrtimer_interrupt+0x0/0x380
          <idle>-0       [024] d....  2024.646142: sched_switch: prev_comm=swapper/24 prev_pid=0 prev_prio=120 prev_state=R ==> next_comm=kcompactd0 next_pid=316 next_prio=120
      kcompactd0-316     [024] d....  2024.646147: clockevents_program_event: seting clock event using lapic_next_deadline+0x0/0x50 with delta 503971861      kcompactd0-316     [024] d....  2024.646152: sched_switch: prev_comm=kcompactd0 prev_pid=316 prev_prio=120 prev_state=S ==> next_comm=swapper/24 next_pid=0 next_prio=120
          <idle>-0       [024] d.h..  2025.150123: local_apic_timer_interrupt: ffffffffa3a3e860 hrtimer_interrupt+0x0/0x380
          <idle>-0       [024] d....  2025.150134: sched_switch: prev_comm=swapper/24 prev_pid=0 prev_prio=120 prev_state=R ==> next_comm=kcompactd0 next_pid=316 next_prio=120
      kcompactd0-316     [024] d....  2025.150141: clockevents_program_event: seting clock event using lapic_next_deadline+0x0/0x50 with delta 503977298      kcompactd0-316     [024] d....  2025.150144: sched_switch: prev_comm=kcompactd0 prev_pid=316 prev_prio=120 prev_state=S ==> next_comm=swapper/24 next_pid=0 next_prio=120
          <idle>-0       [024] d.h..  2025.654122: local_apic_timer_interrupt: ffffffffa3a3e860 hrtimer_interrupt+0x0/0x380
          <idle>-0       [024] d....  2025.654133: sched_switch: prev_comm=swapper/24 prev_pid=0 prev_prio=120 prev_state=R ==> next_comm=kcompactd0 next_pid=316 next_prio=120
      kcompactd0-316     [024] d....  2025.654139: clockevents_program_event: seting clock event using lapic_next_deadline+0x0/0x50 with delta 503979019      kcompactd0-316     [024] d....  2025.654143: sched_switch: prev_comm=kcompactd0 prev_pid=316 prev_prio=120 prev_state=S ==> next_comm=swapper/24 next_pid=0 next_prio=120
          <idle>-0       [024] d.h..  2026.158122: local_apic_timer_interrupt: ffffffffa3a3e860 hrtimer_interrupt+0x0/0x380
          <idle>-0       [024] dN...  2026.158135: clockevents_program_event: seting clock event using lapic_next_deadline+0x0/0x50 with delta 232335          <idle>-0       [024] d....  2026.158139: sched_switch: prev_comm=swapper/24 prev_pid=0 prev_prio=120 prev_state=R ==> next_comm=kworker/24:1 next_pid=358 next_prio=120
    kworker/24:1-358     [024] d....  2026.158172: sched_switch: prev_comm=kworker/24:1 prev_pid=358 prev_prio=120 prev_state=I ==> next_comm=kcompactd0 next_pid=316 next_prio=120
      kcompactd0-316     [024] d....  2026.158176: sched_switch: prev_comm=kcompactd0 prev_pid=316 prev_prio=120 prev_state=S ==> next_comm=swapper/24 next_pid=0 next_prio=120
          <idle>-0       [024] d....  2026.158179: clockevents_program_event: seting clock event using lapic_next_deadline+0x0/0x50 with delta 503938239          <idle>-0       [024] d.h..  2026.662121: local_apic_timer_interrupt: ffffffffa3a3e860 hrtimer_interrupt+0x0/0x380
          <idle>-0       [024] d....  2026.662147: sched_switch: prev_comm=swapper/24 prev_pid=0 prev_prio=120 prev_state=R ==> next_comm=kcompactd0 next_pid=316 next_prio=120
      kcompactd0-316     [024] d....  2026.662153: clockevents_program_event: seting clock event using lapic_next_deadline+0x0/0x50 with delta 503964145      kcompactd0-316     [024] d....  2026.662157: sched_switch: prev_comm=kcompactd0 prev_pid=316 prev_prio=120 prev_state=S ==> next_comm=swapper/24 next_pid=0 next_prio=120
          <idle>-0       [024] d.h..  2027.166123: local_apic_timer_interrupt: ffffffffa3a3e860 hrtimer_interrupt+0x0/0x380
          <idle>-0       [024] d....  2027.166133: sched_switch: prev_comm=swapper/24 prev_pid=0 prev_prio=120 prev_state=R ==> next_comm=kcompactd0 next_pid=316 next_prio=120
      kcompactd0-316     [024] d....  2027.166140: clockevents_program_event: seting clock event using lapic_next_deadline+0x0/0x50 with delta 503977050      kcompactd0-316     [024] d....  2027.166144: sched_switch: prev_comm=kcompactd0 prev_pid=316 prev_prio=120 prev_state=S ==> next_comm=swapper/24 next_pid=0 next_prio=120
          <idle>-0       [024] d.h..  2027.670122: local_apic_timer_interrupt: ffffffffa3a3e860 hrtimer_interrupt+0x0/0x380
          <idle>-0       [024] d....  2027.670132: sched_switch: prev_comm=swapper/24 prev_pid=0 prev_prio=120 prev_state=R ==> next_comm=kcompactd0 next_pid=316 next_prio=120
      kcompactd0-316     [024] d....  2027.670138: clockevents_program_event: seting clock event using lapic_next_deadline+0x0/0x50 with delta 503978700      kcompactd0-316     [024] d....  2027.670142: sched_switch: prev_comm=kcompactd0 prev_pid=316 prev_prio=120 prev_state=S ==> next_comm=swapper/24 next_pid=0 next_prio=120
          <idle>-0       [024] dN...  2028.160761: __flush_smp_call_function_queue: executing non-sync callback from: '2' to: '24' __rdmsr_safe_on_cpu+0x0/0x70
          <idle>-0       [024] dN...  2028.160774: __flush_smp_call_function_queue: executing non-sync callback from: '2' to: '24' __rdmsr_safe_on_cpu+0x0/0x70
          <idle>-0       [024] dN...  2028.160786: __flush_smp_call_function_queue: executing non-sync callback from: '2' to: '24' __rdmsr_safe_on_cpu+0x0/0x70
          <idle>-0       [024] dN...  2028.160798: __flush_smp_call_function_queue: executing non-sync callback from: '2' to: '24' __rdmsr_safe_on_cpu+0x0/0x70
          <idle>-0       [024] dN...  2028.160811: __flush_smp_call_function_queue: executing non-sync callback from: '2' to: '24' __rdmsr_safe_on_cpu+0x0/0x70
          <idle>-0       [024] dN...  2028.160822: __flush_smp_call_function_queue: executing non-sync callback from: '2' to: '24' __rdmsr_safe_on_cpu+0x0/0x70
          <idle>-0       [024] dN...  2028.160834: __flush_smp_call_function_queue: executing non-sync callback from: '2' to: '24' __rdmsr_safe_on_cpu+0x0/0x70
          <idle>-0       [024] dN...  2028.160847: __flush_smp_call_function_queue: executing non-sync callback from: '2' to: '24' __rdmsr_safe_on_cpu+0x0/0x70
          <idle>-0       [024] dN...  2028.160859: __flush_smp_call_function_queue: executing non-sync callback from: '2' to: '24' __rdmsr_safe_on_cpu+0x0/0x70
          <idle>-0       [024] dN...  2028.160870: __flush_smp_call_function_queue: executing non-sync callback from: '2' to: '24' __rdmsr_safe_on_cpu+0x0/0x70
          <idle>-0       [024] dN...  2028.160883: __flush_smp_call_function_queue: executing non-sync callback from: '2' to: '24' __rdmsr_safe_on_cpu+0x0/0x70
          <idle>-0       [024] dN...  2028.160894: __flush_smp_call_function_queue: executing non-sync callback from: '2' to: '24' __rdmsr_safe_on_cpu+0x0/0x70
          <idle>-0       [024] dN...  2028.160906: __flush_smp_call_function_queue: executing non-sync callback from: '2' to: '24' __rdmsr_safe_on_cpu+0x0/0x70
          <idle>-0       [024] dN...  2028.160919: __flush_smp_call_function_queue: executing non-sync callback from: '2' to: '24' __rdmsr_safe_on_cpu+0x0/0x70
          <idle>-0       [024] dN...  2028.160935: __flush_smp_call_function_queue: executing non-sync callback from: '2' to: '24' __rdmsr_safe_on_cpu+0x0/0x70
          <idle>-0       [024] dN...  2028.160946: __flush_smp_call_function_queue: executing non-sync callback from: '2' to: '24' __rdmsr_safe_on_cpu+0x0/0x70
          <idle>-0       [024] dN...  2028.160958: __flush_smp_call_function_queue: executing non-sync callback from: '2' to: '24' __rdmsr_safe_on_cpu+0x0/0x70
          <idle>-0       [024] dN...  2028.160970: __flush_smp_call_function_queue: executing non-sync callback from: '2' to: '24' __rdmsr_safe_on_cpu+0x0/0x70
          <idle>-0       [024] dN...  2028.160982: __flush_smp_call_function_queue: executing non-sync callback from: '2' to: '24' __rdmsr_safe_on_cpu+0x0/0x70
          <idle>-0       [024] dN...  2028.160993: __flush_smp_call_function_queue: executing non-sync callback from: '2' to: '24' __rdmsr_safe_on_cpu+0x0/0x70
          <idle>-0       [024] dN...  2028.161004: __flush_smp_call_function_queue: executing non-sync callback from: '2' to: '24' __rdmsr_safe_on_cpu+0x0/0x70
          <idle>-0       [024] dN...  2028.161016: __flush_smp_call_function_queue: executing non-sync callback from: '2' to: '24' __rdmsr_safe_on_cpu+0x0/0x70
          <idle>-0       [024] dN...  2028.161027: __flush_smp_call_function_queue: executing non-sync callback from: '2' to: '24' __rdmsr_safe_on_cpu+0x0/0x70
          <idle>-0       [024] dN...  2028.161038: __flush_smp_call_function_queue: executing non-sync callback from: '2' to: '24' __rdmsr_safe_on_cpu+0x0/0x70
          <idle>-0       [024] d.h..  2028.174120: local_apic_timer_interrupt: ffffffffa3a3e860 hrtimer_interrupt+0x0/0x380
          <idle>-0       [024] dN...  2028.174131: clockevents_program_event: seting clock event using lapic_next_deadline+0x0/0x50 with delta 235319          <idle>-0       [024] d....  2028.174134: sched_switch: prev_comm=swapper/24 prev_pid=0 prev_prio=120 prev_state=R ==> next_comm=kworker/24:1 next_pid=358 next_prio=120
    kworker/24:1-358     [024] d....  2028.174148: sched_switch: prev_comm=kworker/24:1 prev_pid=358 prev_prio=120 prev_state=I ==> next_comm=kcompactd0 next_pid=316 next_prio=120
      kcompactd0-316     [024] d....  2028.174153: sched_switch: prev_comm=kcompactd0 prev_pid=316 prev_prio=120 prev_state=S ==> next_comm=swapper/24 next_pid=0 next_prio=120
          <idle>-0       [024] d.h..  2028.174369: local_apic_timer_interrupt: ffffffffa3a3e860 hrtimer_interrupt+0x0/0x380
          <idle>-0       [024] d.h..  2028.174372: clockevents_program_event: seting clock event using lapic_next_deadline+0x0/0x50 with delta 994683          <idle>-0       [024] d.h..  2028.175368: local_apic_timer_interrupt: ffffffffa3a3e860 hrtimer_interrupt+0x0/0x380
          <idle>-0       [024] d.h..  2028.175371: clockevents_program_event: seting clock event using lapic_next_deadline+0x0/0x50 with delta 995412          <idle>-0       [024] d....  2028.175375: clockevents_program_event: seting clock event using lapic_next_deadline+0x0/0x50 with delta 502741361          <idle>-0       [024] dN...  2028.176927: __flush_smp_call_function_queue: executing ttwu callback from: '21' to: '24' 0x1
          <idle>-0       [024] d....  2028.176946: sched_switch: prev_comm=swapper/24 prev_pid=0 prev_prio=120 prev_state=R ==> next_comm=tsc_read_cpu_24 next_pid=29873 next_prio=110
 tsc_read_cpu_24-29873   [024] d....  2028.176961: sched_switch: prev_comm=tsc_read_cpu_24 prev_pid=29873 prev_prio=98 prev_state=S ==> next_comm=swapper/24 next_pid=0 next_prio=120
          <idle>-0       [024] d.h..  2028.176965: __flush_smp_call_function_queue: executing ttwu callback from: '0' to: '24' 0x1
          <idle>-0       [024] d....  2028.176968: sched_switch: prev_comm=swapper/24 prev_pid=0 prev_prio=120 prev_state=R ==> next_comm=tsc_read_cpu_24 next_pid=29873 next_prio=98
 tsc_read_cpu_24-29873   [024] d....  2028.177007: sched_switch: prev_comm=tsc_read_cpu_24 prev_pid=29873 prev_prio=110 prev_state=X ==> next_comm=swapper/24 next_pid=0 next_prio=120
          <idle>-0       [024] dN...  2028.177076: __flush_smp_call_function_queue: executing ttwu callback from: '23' to: '24' 0x1
          <idle>-0       [024] d....  2028.177082: sched_switch: prev_comm=swapper/24 prev_pid=0 prev_prio=120 prev_state=R ==> next_comm=tsc_read_cpu_24 next_pid=29875 next_prio=110
 tsc_read_cpu_24-29875   [024] d....  2028.177105: sched_switch: prev_comm=tsc_read_cpu_24 prev_pid=29875 prev_prio=98 prev_state=S ==> next_comm=swapper/24 next_pid=0 next_prio=120
          <idle>-0       [024] d.h..  2028.177108: __flush_smp_call_function_queue: executing ttwu callback from: '0' to: '24' 0x1
          <idle>-0       [024] d....  2028.177111: sched_switch: prev_comm=swapper/24 prev_pid=0 prev_prio=120 prev_state=R ==> next_comm=tsc_read_cpu_24 next_pid=29875 next_prio=98
 tsc_read_cpu_24-29875   [024] d....  2028.177140: sched_switch: prev_comm=tsc_read_cpu_24 prev_pid=29875 prev_prio=110 prev_state=D ==> next_comm=swapper/24 next_pid=0 next_prio=120
          <idle>-0       [024] d.h..  2028.177145: __flush_smp_call_function_queue: executing ttwu callback from: '0' to: '24' 0x1
          <idle>-0       [024] d....  2028.177151: sched_switch: prev_comm=swapper/24 prev_pid=0 prev_prio=120 prev_state=R ==> next_comm=tsc_read_cpu_24 next_pid=29875 next_prio=110
 tsc_read_cpu_24-29875   [024] d....  2028.177157: sched_switch: prev_comm=tsc_read_cpu_24 prev_pid=29875 prev_prio=110 prev_state=X ==> next_comm=swapper/24 next_pid=0 next_prio=120
          <idle>-0       [024] d.h..  2028.678121: local_apic_timer_interrupt: ffffffffa3a3e860 hrtimer_interrupt+0x0/0x380
          <idle>-0       [024] d....  2028.678132: sched_switch: prev_comm=swapper/24 prev_pid=0 prev_prio=120 prev_state=R ==> next_comm=kcompactd0 next_pid=316 next_prio=120
      kcompactd0-316     [024] d....  2028.678139: clockevents_program_event: seting clock event using lapic_next_deadline+0x0/0x50 with delta 503977262      kcompactd0-316     [024] d....  2028.678144: sched_switch: prev_comm=kcompactd0 prev_pid=316 prev_prio=120 prev_state=S ==> next_comm=swapper/24 next_pid=0 next_prio=120
          <idle>-0       [024] dN...  2029.110171: __flush_smp_call_function_queue: executing ttwu callback from: '0' to: '24' 0x1
          <idle>-0       [024] d....  2029.110178: sched_switch: prev_comm=swapper/24 prev_pid=0 prev_prio=120 prev_state=R ==> next_comm=kworker/24:1 next_pid=358 next_prio=120
    kworker/24:1-358     [024] d....  2029.110184: sched_switch: prev_comm=kworker/24:1 prev_pid=358 prev_prio=120 prev_state=I ==> next_comm=swapper/24 next_pid=0 next_prio=120
          <idle>-0       [024] d.h..  2029.182120: local_apic_timer_interrupt: ffffffffa3a3e860 hrtimer_interrupt+0x0/0x380
          <idle>-0       [024] d....  2029.182131: sched_switch: prev_comm=swapper/24 prev_pid=0 prev_prio=120 prev_state=R ==> next_comm=kcompactd0 next_pid=316 next_prio=120
      kcompactd0-316     [024] d....  2029.182137: clockevents_program_event: seting clock event using lapic_next_deadline+0x0/0x50 with delta 503978830      kcompactd0-316     [024] d....  2029.182141: sched_switch: prev_comm=kcompactd0 prev_pid=316 prev_prio=120 prev_state=S ==> next_comm=swapper/24 next_pid=0 next_prio=120
          <idle>-0       [024] d.h..  2029.686120: local_apic_timer_interrupt: ffffffffa3a3e860 hrtimer_interrupt+0x0/0x380
