          <idle>-0       [024] dN...  1885.542186: clockevents_program_event: seting clock event using lapic_next_deadline+0x0/0x50 with delta 335985867          <idle>-0       [024] d....  1885.542189: sched_switch: prev_comm=swapper/24 prev_pid=0 prev_prio=120 prev_state=R ==> next_comm=kcompactd0 next_pid=316 next_prio=120
      kcompactd0-316     [024] d....  1885.542195: sched_switch: prev_comm=kcompactd0 prev_pid=316 prev_prio=120 prev_state=S ==> next_comm=swapper/24 next_pid=0 next_prio=120
          <idle>-0       [024] d.h..  1885.878183: local_apic_timer_interrupt: ffffffffa3a3e860 hrtimer_interrupt+0x0/0x380
          <idle>-0       [024] d....  1885.878194: clockevents_program_event: seting clock event using lapic_next_deadline+0x0/0x50 with delta 167977870          <idle>-0       [024] d.h..  1886.046176: local_apic_timer_interrupt: ffffffffa3a3e860 hrtimer_interrupt+0x0/0x380
          <idle>-0       [024] dN...  1886.046187: clockevents_program_event: seting clock event using lapic_next_deadline+0x0/0x50 with delta 234825          <idle>-0       [024] d....  1886.046190: sched_switch: prev_comm=swapper/24 prev_pid=0 prev_prio=120 prev_state=R ==> next_comm=kworker/24:1 next_pid=358 next_prio=120
    kworker/24:1-358     [024] d....  1886.046194: sched_switch: prev_comm=kworker/24:1 prev_pid=358 prev_prio=120 prev_state=I ==> next_comm=kcompactd0 next_pid=316 next_prio=120
      kcompactd0-316     [024] d....  1886.046198: sched_switch: prev_comm=kcompactd0 prev_pid=316 prev_prio=120 prev_state=S ==> next_comm=swapper/24 next_pid=0 next_prio=120
          <idle>-0       [024] d....  1886.046328: clockevents_program_event: seting clock event using lapic_next_deadline+0x0/0x50 with delta 503843189          <idle>-0       [024] d.h..  1886.550175: local_apic_timer_interrupt: ffffffffa3a3e860 hrtimer_interrupt+0x0/0x380
          <idle>-0       [024] d....  1886.550192: sched_switch: prev_comm=swapper/24 prev_pid=0 prev_prio=120 prev_state=R ==> next_comm=kcompactd0 next_pid=316 next_prio=120
      kcompactd0-316     [024] d....  1886.550198: clockevents_program_event: seting clock event using lapic_next_deadline+0x0/0x50 with delta 503973649      kcompactd0-316     [024] d....  1886.550201: sched_switch: prev_comm=kcompactd0 prev_pid=316 prev_prio=120 prev_state=S ==> next_comm=swapper/24 next_pid=0 next_prio=120
          <idle>-0       [024] d.h..  1887.054195: local_apic_timer_interrupt: ffffffffa3a3e860 hrtimer_interrupt+0x0/0x380
          <idle>-0       [024] d....  1887.054203: sched_switch: prev_comm=swapper/24 prev_pid=0 prev_prio=120 prev_state=R ==> next_comm=kcompactd0 next_pid=316 next_prio=120
      kcompactd0-316     [024] d....  1887.054207: clockevents_program_event: seting clock event using lapic_next_deadline+0x0/0x50 with delta 503964549      kcompactd0-316     [024] d....  1887.054220: sched_switch: prev_comm=kcompactd0 prev_pid=316 prev_prio=120 prev_state=S ==> next_comm=swapper/24 next_pid=0 next_prio=120
          <idle>-0       [024] d.h..  1887.558184: local_apic_timer_interrupt: ffffffffa3a3e860 hrtimer_interrupt+0x0/0x380
          <idle>-0       [024] d....  1887.558194: sched_switch: prev_comm=swapper/24 prev_pid=0 prev_prio=120 prev_state=R ==> next_comm=kcompactd0 next_pid=316 next_prio=120
      kcompactd0-316     [024] d....  1887.558199: clockevents_program_event: seting clock event using lapic_next_deadline+0x0/0x50 with delta 503971976      kcompactd0-316     [024] d....  1887.558203: sched_switch: prev_comm=kcompactd0 prev_pid=316 prev_prio=120 prev_state=S ==> next_comm=swapper/24 next_pid=0 next_prio=120
          <idle>-0       [024] d.h..  1888.062176: local_apic_timer_interrupt: ffffffffa3a3e860 hrtimer_interrupt+0x0/0x380
          <idle>-0       [024] dN...  1888.062188: clockevents_program_event: seting clock event using lapic_next_deadline+0x0/0x50 with delta 233715          <idle>-0       [024] d....  1888.062191: sched_switch: prev_comm=swapper/24 prev_pid=0 prev_prio=120 prev_state=R ==> next_comm=kworker/24:1 next_pid=358 next_prio=120
    kworker/24:1-358     [024] d....  1888.062195: sched_switch: prev_comm=kworker/24:1 prev_pid=358 prev_prio=120 prev_state=I ==> next_comm=kcompactd0 next_pid=316 next_prio=120
      kcompactd0-316     [024] d....  1888.062199: sched_switch: prev_comm=kcompactd0 prev_pid=316 prev_prio=120 prev_state=S ==> next_comm=swapper/24 next_pid=0 next_prio=120
          <idle>-0       [024] d....  1888.062202: clockevents_program_event: seting clock event using lapic_next_deadline+0x0/0x50 with delta 503969505          <idle>-0       [024] d.h..  1888.566175: local_apic_timer_interrupt: ffffffffa3a3e860 hrtimer_interrupt+0x0/0x380
          <idle>-0       [024] d....  1888.566184: sched_switch: prev_comm=swapper/24 prev_pid=0 prev_prio=120 prev_state=R ==> next_comm=kcompactd0 next_pid=316 next_prio=120
      kcompactd0-316     [024] d....  1888.566190: clockevents_program_event: seting clock event using lapic_next_deadline+0x0/0x50 with delta 503980955      kcompactd0-316     [024] d....  1888.566193: sched_switch: prev_comm=kcompactd0 prev_pid=316 prev_prio=120 prev_state=S ==> next_comm=swapper/24 next_pid=0 next_prio=120
          <idle>-0       [024] d.h..  1889.070179: local_apic_timer_interrupt: ffffffffa3a3e860 hrtimer_interrupt+0x0/0x380
          <idle>-0       [024] d....  1889.070189: sched_switch: prev_comm=swapper/24 prev_pid=0 prev_prio=120 prev_state=R ==> next_comm=kcompactd0 next_pid=316 next_prio=120
      kcompactd0-316     [024] d....  1889.070194: clockevents_program_event: seting clock event using lapic_next_deadline+0x0/0x50 with delta 503976950      kcompactd0-316     [024] d....  1889.070197: sched_switch: prev_comm=kcompactd0 prev_pid=316 prev_prio=120 prev_state=S ==> next_comm=swapper/24 next_pid=0 next_prio=120
          <idle>-0       [024] d.h..  1889.574175: local_apic_timer_interrupt: ffffffffa3a3e860 hrtimer_interrupt+0x0/0x380
          <idle>-0       [024] d....  1889.574188: sched_switch: prev_comm=swapper/24 prev_pid=0 prev_prio=120 prev_state=R ==> next_comm=kcompactd0 next_pid=316 next_prio=120
      kcompactd0-316     [024] d....  1889.574195: clockevents_program_event: seting clock event using lapic_next_deadline+0x0/0x50 with delta 503976504      kcompactd0-316     [024] d....  1889.574198: sched_switch: prev_comm=kcompactd0 prev_pid=316 prev_prio=120 prev_state=S ==> next_comm=swapper/24 next_pid=0 next_prio=120
          <idle>-0       [024] d.h..  1890.078176: local_apic_timer_interrupt: ffffffffa3a3e860 hrtimer_interrupt+0x0/0x380
          <idle>-0       [024] dN...  1890.078188: clockevents_program_event: seting clock event using lapic_next_deadline+0x0/0x50 with delta 233551          <idle>-0       [024] d....  1890.078191: sched_switch: prev_comm=swapper/24 prev_pid=0 prev_prio=120 prev_state=R ==> next_comm=kworker/24:1 next_pid=358 next_prio=120
    kworker/24:1-358     [024] d....  1890.078195: sched_switch: prev_comm=kworker/24:1 prev_pid=358 prev_prio=120 prev_state=I ==> next_comm=kcompactd0 next_pid=316 next_prio=120
      kcompactd0-316     [024] d....  1890.078199: sched_switch: prev_comm=kcompactd0 prev_pid=316 prev_prio=120 prev_state=S ==> next_comm=swapper/24 next_pid=0 next_prio=120
          <idle>-0       [024] d....  1890.078202: clockevents_program_event: seting clock event using lapic_next_deadline+0x0/0x50 with delta 503969660          <idle>-0       [024] d.h..  1890.582174: local_apic_timer_interrupt: ffffffffa3a3e860 hrtimer_interrupt+0x0/0x380
          <idle>-0       [024] d....  1890.582184: sched_switch: prev_comm=swapper/24 prev_pid=0 prev_prio=120 prev_state=R ==> next_comm=kcompactd0 next_pid=316 next_prio=120
      kcompactd0-316     [024] d....  1890.582190: clockevents_program_event: seting clock event using lapic_next_deadline+0x0/0x50 with delta 503981333      kcompactd0-316     [024] d....  1890.582193: sched_switch: prev_comm=kcompactd0 prev_pid=316 prev_prio=120 prev_state=S ==> next_comm=swapper/24 next_pid=0 next_prio=120
          <idle>-0       [024] d.h..  1891.086175: local_apic_timer_interrupt: ffffffffa3a3e860 hrtimer_interrupt+0x0/0x380
          <idle>-0       [024] d....  1891.086186: sched_switch: prev_comm=swapper/24 prev_pid=0 prev_prio=120 prev_state=R ==> next_comm=kcompactd0 next_pid=316 next_prio=120
      kcompactd0-316     [024] d....  1891.086192: clockevents_program_event: seting clock event using lapic_next_deadline+0x0/0x50 with delta 503978392      kcompactd0-316     [024] d....  1891.086196: sched_switch: prev_comm=kcompactd0 prev_pid=316 prev_prio=120 prev_state=S ==> next_comm=swapper/24 next_pid=0 next_prio=120
          <idle>-0       [024] d.h..  1891.590175: local_apic_timer_interrupt: ffffffffa3a3e860 hrtimer_interrupt+0x0/0x380
          <idle>-0       [024] d....  1891.590187: sched_switch: prev_comm=swapper/24 prev_pid=0 prev_prio=120 prev_state=R ==> next_comm=kcompactd0 next_pid=316 next_prio=120
      kcompactd0-316     [024] d....  1891.590193: clockevents_program_event: seting clock event using lapic_next_deadline+0x0/0x50 with delta 503977681      kcompactd0-316     [024] d....  1891.590196: sched_switch: prev_comm=kcompactd0 prev_pid=316 prev_prio=120 prev_state=S ==> next_comm=swapper/24 next_pid=0 next_prio=120
          <idle>-0       [024] d.h..  1892.094175: local_apic_timer_interrupt: ffffffffa3a3e860 hrtimer_interrupt+0x0/0x380
          <idle>-0       [024] dN...  1892.094187: clockevents_program_event: seting clock event using lapic_next_deadline+0x0/0x50 with delta 233552          <idle>-0       [024] d....  1892.094190: sched_switch: prev_comm=swapper/24 prev_pid=0 prev_prio=120 prev_state=R ==> next_comm=kworker/24:1 next_pid=358 next_prio=120
    kworker/24:1-358     [024] d....  1892.094195: sched_switch: prev_comm=kworker/24:1 prev_pid=358 prev_prio=120 prev_state=I ==> next_comm=kcompactd0 next_pid=316 next_prio=120
      kcompactd0-316     [024] d....  1892.094198: sched_switch: prev_comm=kcompactd0 prev_pid=316 prev_prio=120 prev_state=S ==> next_comm=swapper/24 next_pid=0 next_prio=120
          <idle>-0       [024] d....  1892.094201: clockevents_program_event: seting clock event using lapic_next_deadline+0x0/0x50 with delta 503969277          <idle>-0       [024] d.h..  1892.598173: local_apic_timer_interrupt: ffffffffa3a3e860 hrtimer_interrupt+0x0/0x380
          <idle>-0       [024] d....  1892.598181: sched_switch: prev_comm=swapper/24 prev_pid=0 prev_prio=120 prev_state=R ==> next_comm=kcompactd0 next_pid=316 next_prio=120
      kcompactd0-316     [024] d....  1892.598185: clockevents_program_event: seting clock event using lapic_next_deadline+0x0/0x50 with delta 503985402      kcompactd0-316     [024] d....  1892.598188: sched_switch: prev_comm=kcompactd0 prev_pid=316 prev_prio=120 prev_state=S ==> next_comm=swapper/24 next_pid=0 next_prio=120
          <idle>-0       [024] d.h..  1893.102179: local_apic_timer_interrupt: ffffffffa3a3e860 hrtimer_interrupt+0x0/0x380
          <idle>-0       [024] d....  1893.102189: sched_switch: prev_comm=swapper/24 prev_pid=0 prev_prio=120 prev_state=R ==> next_comm=kcompactd0 next_pid=316 next_prio=120
      kcompactd0-316     [024] d....  1893.102196: clockevents_program_event: seting clock event using lapic_next_deadline+0x0/0x50 with delta 503973737      kcompactd0-316     [024] d....  1893.102199: sched_switch: prev_comm=kcompactd0 prev_pid=316 prev_prio=120 prev_state=S ==> next_comm=swapper/24 next_pid=0 next_prio=120
          <idle>-0       [024] d.h..  1893.606174: local_apic_timer_interrupt: ffffffffa3a3e860 hrtimer_interrupt+0x0/0x380
          <idle>-0       [024] d....  1893.606183: sched_switch: prev_comm=swapper/24 prev_pid=0 prev_prio=120 prev_state=R ==> next_comm=kcompactd0 next_pid=316 next_prio=120
      kcompactd0-316     [024] d....  1893.606189: clockevents_program_event: seting clock event using lapic_next_deadline+0x0/0x50 with delta 503980547      kcompactd0-316     [024] d....  1893.606192: sched_switch: prev_comm=kcompactd0 prev_pid=316 prev_prio=120 prev_state=S ==> next_comm=swapper/24 next_pid=0 next_prio=120
          <idle>-0       [024] d.h..  1894.110174: local_apic_timer_interrupt: ffffffffa3a3e860 hrtimer_interrupt+0x0/0x380
          <idle>-0       [024] dN...  1894.110186: clockevents_program_event: seting clock event using lapic_next_deadline+0x0/0x50 with delta 233420          <idle>-0       [024] d....  1894.110190: sched_switch: prev_comm=swapper/24 prev_pid=0 prev_prio=120 prev_state=R ==> next_comm=kworker/24:1 next_pid=358 next_prio=120
    kworker/24:1-358     [024] d....  1894.110223: sched_switch: prev_comm=kworker/24:1 prev_pid=358 prev_prio=120 prev_state=I ==> next_comm=kcompactd0 next_pid=316 next_prio=120
      kcompactd0-316     [024] d....  1894.110226: sched_switch: prev_comm=kcompactd0 prev_pid=316 prev_prio=120 prev_state=S ==> next_comm=swapper/24 next_pid=0 next_prio=120
          <idle>-0       [024] d....  1894.110229: clockevents_program_event: seting clock event using lapic_next_deadline+0x0/0x50 with delta 503940633          <idle>-0       [024] d.h..  1894.614173: local_apic_timer_interrupt: ffffffffa3a3e860 hrtimer_interrupt+0x0/0x380
          <idle>-0       [024] d....  1894.614198: sched_switch: prev_comm=swapper/24 prev_pid=0 prev_prio=120 prev_state=R ==> next_comm=kcompactd0 next_pid=316 next_prio=120
      kcompactd0-316     [024] d....  1894.614215: clockevents_program_event: seting clock event using lapic_next_deadline+0x0/0x50 with delta 503954153      kcompactd0-316     [024] d....  1894.614217: sched_switch: prev_comm=kcompactd0 prev_pid=316 prev_prio=120 prev_state=S ==> next_comm=swapper/24 next_pid=0 next_prio=120
          <idle>-0       [024] d.h..  1895.118174: local_apic_timer_interrupt: ffffffffa3a3e860 hrtimer_interrupt+0x0/0x380
          <idle>-0       [024] d....  1895.118183: sched_switch: prev_comm=swapper/24 prev_pid=0 prev_prio=120 prev_state=R ==> next_comm=kcompactd0 next_pid=316 next_prio=120
      kcompactd0-316     [024] d....  1895.118190: clockevents_program_event: seting clock event using lapic_next_deadline+0x0/0x50 with delta 503979020      kcompactd0-316     [024] d....  1895.118194: sched_switch: prev_comm=kcompactd0 prev_pid=316 prev_prio=120 prev_state=S ==> next_comm=swapper/24 next_pid=0 next_prio=120
          <idle>-0       [024] d.h..  1895.622174: local_apic_timer_interrupt: ffffffffa3a3e860 hrtimer_interrupt+0x0/0x380
          <idle>-0       [024] d....  1895.622183: sched_switch: prev_comm=swapper/24 prev_pid=0 prev_prio=120 prev_state=R ==> next_comm=kcompactd0 next_pid=316 next_prio=120
      kcompactd0-316     [024] d....  1895.622189: clockevents_program_event: seting clock event using lapic_next_deadline+0x0/0x50 with delta 503979165      kcompactd0-316     [024] d....  1895.622192: sched_switch: prev_comm=kcompactd0 prev_pid=316 prev_prio=120 prev_state=S ==> next_comm=swapper/24 next_pid=0 next_prio=120
          <idle>-0       [024] d.h..  1896.126174: local_apic_timer_interrupt: ffffffffa3a3e860 hrtimer_interrupt+0x0/0x380
          <idle>-0       [024] dN...  1896.126185: clockevents_program_event: seting clock event using lapic_next_deadline+0x0/0x50 with delta 232776          <idle>-0       [024] d....  1896.126189: sched_switch: prev_comm=swapper/24 prev_pid=0 prev_prio=120 prev_state=R ==> next_comm=kworker/24:1 next_pid=358 next_prio=120
    kworker/24:1-358     [024] d....  1896.126193: sched_switch: prev_comm=kworker/24:1 prev_pid=358 prev_prio=120 prev_state=I ==> next_comm=kcompactd0 next_pid=316 next_prio=120
      kcompactd0-316     [024] d....  1896.126197: sched_switch: prev_comm=kcompactd0 prev_pid=316 prev_prio=120 prev_state=S ==> next_comm=swapper/24 next_pid=0 next_prio=120
          <idle>-0       [024] d....  1896.126199: clockevents_program_event: seting clock event using lapic_next_deadline+0x0/0x50 with delta 503968872          <idle>-0       [024] d.h..  1896.630172: local_apic_timer_interrupt: ffffffffa3a3e860 hrtimer_interrupt+0x0/0x380
          <idle>-0       [024] d....  1896.630182: sched_switch: prev_comm=swapper/24 prev_pid=0 prev_prio=120 prev_state=R ==> next_comm=kcompactd0 next_pid=316 next_prio=120
      kcompactd0-316     [024] d....  1896.630189: clockevents_program_event: seting clock event using lapic_next_deadline+0x0/0x50 with delta 503979270      kcompactd0-316     [024] d....  1896.630193: sched_switch: prev_comm=kcompactd0 prev_pid=316 prev_prio=120 prev_state=S ==> next_comm=swapper/24 next_pid=0 next_prio=120
          <idle>-0       [024] d.h..  1897.134173: local_apic_timer_interrupt: ffffffffa3a3e860 hrtimer_interrupt+0x0/0x380
          <idle>-0       [024] d....  1897.134183: sched_switch: prev_comm=swapper/24 prev_pid=0 prev_prio=120 prev_state=R ==> next_comm=kcompactd0 next_pid=316 next_prio=120
      kcompactd0-316     [024] d....  1897.134191: clockevents_program_event: seting clock event using lapic_next_deadline+0x0/0x50 with delta 503977960      kcompactd0-316     [024] d....  1897.134195: sched_switch: prev_comm=kcompactd0 prev_pid=316 prev_prio=120 prev_state=S ==> next_comm=swapper/24 next_pid=0 next_prio=120
          <idle>-0       [024] d.h..  1897.638173: local_apic_timer_interrupt: ffffffffa3a3e860 hrtimer_interrupt+0x0/0x380
          <idle>-0       [024] d....  1897.638183: sched_switch: prev_comm=swapper/24 prev_pid=0 prev_prio=120 prev_state=R ==> next_comm=kcompactd0 next_pid=316 next_prio=120
      kcompactd0-316     [024] d....  1897.638188: clockevents_program_event: seting clock event using lapic_next_deadline+0x0/0x50 with delta 503979625      kcompactd0-316     [024] d....  1897.638193: sched_switch: prev_comm=kcompactd0 prev_pid=316 prev_prio=120 prev_state=S ==> next_comm=swapper/24 next_pid=0 next_prio=120
          <idle>-0       [024] d.h..  1898.142173: local_apic_timer_interrupt: ffffffffa3a3e860 hrtimer_interrupt+0x0/0x380
          <idle>-0       [024] dN...  1898.142185: clockevents_program_event: seting clock event using lapic_next_deadline+0x0/0x50 with delta 231892          <idle>-0       [024] d....  1898.142189: sched_switch: prev_comm=swapper/24 prev_pid=0 prev_prio=120 prev_state=R ==> next_comm=kworker/24:1 next_pid=358 next_prio=120
    kworker/24:1-358     [024] d....  1898.142193: sched_switch: prev_comm=kworker/24:1 prev_pid=358 prev_prio=120 prev_state=I ==> next_comm=kcompactd0 next_pid=316 next_prio=120
      kcompactd0-316     [024] d....  1898.142197: sched_switch: prev_comm=kcompactd0 prev_pid=316 prev_prio=120 prev_state=S ==> next_comm=swapper/24 next_pid=0 next_prio=120
          <idle>-0       [024] d....  1898.142200: clockevents_program_event: seting clock event using lapic_next_deadline+0x0/0x50 with delta 503967015          <idle>-0       [024] d.h..  1898.646171: local_apic_timer_interrupt: ffffffffa3a3e860 hrtimer_interrupt+0x0/0x380
          <idle>-0       [024] d....  1898.646182: sched_switch: prev_comm=swapper/24 prev_pid=0 prev_prio=120 prev_state=R ==> next_comm=kcompactd0 next_pid=316 next_prio=120
      kcompactd0-316     [024] d....  1898.646189: clockevents_program_event: seting clock event using lapic_next_deadline+0x0/0x50 with delta 503978577      kcompactd0-316     [024] d....  1898.646192: sched_switch: prev_comm=kcompactd0 prev_pid=316 prev_prio=120 prev_state=S ==> next_comm=swapper/24 next_pid=0 next_prio=120
          <idle>-0       [024] d.h..  1899.150171: local_apic_timer_interrupt: ffffffffa3a3e860 hrtimer_interrupt+0x0/0x380
          <idle>-0       [024] d....  1899.150182: sched_switch: prev_comm=swapper/24 prev_pid=0 prev_prio=120 prev_state=R ==> next_comm=kcompactd0 next_pid=316 next_prio=120
      kcompactd0-316     [024] d....  1899.150190: clockevents_program_event: seting clock event using lapic_next_deadline+0x0/0x50 with delta 503977185      kcompactd0-316     [024] d....  1899.150193: sched_switch: prev_comm=kcompactd0 prev_pid=316 prev_prio=120 prev_state=S ==> next_comm=swapper/24 next_pid=0 next_prio=120
          <idle>-0       [024] d.h..  1899.654177: local_apic_timer_interrupt: ffffffffa3a3e860 hrtimer_interrupt+0x0/0x380
          <idle>-0       [024] d....  1899.654186: sched_switch: prev_comm=swapper/24 prev_pid=0 prev_prio=120 prev_state=R ==> next_comm=kcompactd0 next_pid=316 next_prio=120
      kcompactd0-316     [024] d....  1899.654192: clockevents_program_event: seting clock event using lapic_next_deadline+0x0/0x50 with delta 503974977      kcompactd0-316     [024] d....  1899.654194: sched_switch: prev_comm=kcompactd0 prev_pid=316 prev_prio=120 prev_state=S ==> next_comm=swapper/24 next_pid=0 next_prio=120
          <idle>-0       [024] d.h..  1900.158175: local_apic_timer_interrupt: ffffffffa3a3e860 hrtimer_interrupt+0x0/0x380
          <idle>-0       [024] dN...  1900.158189: clockevents_program_event: seting clock event using lapic_next_deadline+0x0/0x50 with delta 227755          <idle>-0       [024] d....  1900.158192: sched_switch: prev_comm=swapper/24 prev_pid=0 prev_prio=120 prev_state=R ==> next_comm=kworker/24:1 next_pid=358 next_prio=120
    kworker/24:1-358     [024] d....  1900.158196: sched_switch: prev_comm=kworker/24:1 prev_pid=358 prev_prio=120 prev_state=I ==> next_comm=kcompactd0 next_pid=316 next_prio=120
      kcompactd0-316     [024] d....  1900.158200: sched_switch: prev_comm=kcompactd0 prev_pid=316 prev_prio=120 prev_state=S ==> next_comm=swapper/24 next_pid=0 next_prio=120
          <idle>-0       [024] d....  1900.158227: clockevents_program_event: seting clock event using lapic_next_deadline+0x0/0x50 with delta 503939258          <idle>-0       [024] d.h..  1900.662170: local_apic_timer_interrupt: ffffffffa3a3e860 hrtimer_interrupt+0x0/0x380
          <idle>-0       [024] d....  1900.662179: sched_switch: prev_comm=swapper/24 prev_pid=0 prev_prio=120 prev_state=R ==> next_comm=kcompactd0 next_pid=316 next_prio=120
      kcompactd0-316     [024] d....  1900.662185: clockevents_program_event: seting clock event using lapic_next_deadline+0x0/0x50 with delta 503981007      kcompactd0-316     [024] d....  1900.662188: sched_switch: prev_comm=kcompactd0 prev_pid=316 prev_prio=120 prev_state=S ==> next_comm=swapper/24 next_pid=0 next_prio=120
          <idle>-0       [024] d.h..  1901.166170: local_apic_timer_interrupt: ffffffffa3a3e860 hrtimer_interrupt+0x0/0x380
          <idle>-0       [024] d....  1901.166179: sched_switch: prev_comm=swapper/24 prev_pid=0 prev_prio=120 prev_state=R ==> next_comm=kcompactd0 next_pid=316 next_prio=120
      kcompactd0-316     [024] d....  1901.166185: clockevents_program_event: seting clock event using lapic_next_deadline+0x0/0x50 with delta 503980955      kcompactd0-316     [024] d....  1901.166188: sched_switch: prev_comm=kcompactd0 prev_pid=316 prev_prio=120 prev_state=S ==> next_comm=swapper/24 next_pid=0 next_prio=120
          <idle>-0       [024] d.h..  1901.670170: local_apic_timer_interrupt: ffffffffa3a3e860 hrtimer_interrupt+0x0/0x380
          <idle>-0       [024] d....  1901.670179: sched_switch: prev_comm=swapper/24 prev_pid=0 prev_prio=120 prev_state=R ==> next_comm=kcompactd0 next_pid=316 next_prio=120
      kcompactd0-316     [024] d....  1901.670183: clockevents_program_event: seting clock event using lapic_next_deadline+0x0/0x50 with delta 503982468      kcompactd0-316     [024] d....  1901.670187: sched_switch: prev_comm=kcompactd0 prev_pid=316 prev_prio=120 prev_state=S ==> next_comm=swapper/24 next_pid=0 next_prio=120
          <idle>-0       [024] d.h..  1902.174170: local_apic_timer_interrupt: ffffffffa3a3e860 hrtimer_interrupt+0x0/0x380
          <idle>-0       [024] dN...  1902.174181: clockevents_program_event: seting clock event using lapic_next_deadline+0x0/0x50 with delta 234563          <idle>-0       [024] d....  1902.174184: sched_switch: prev_comm=swapper/24 prev_pid=0 prev_prio=120 prev_state=R ==> next_comm=kworker/24:1 next_pid=358 next_prio=120
    kworker/24:1-358     [024] d....  1902.174188: sched_switch: prev_comm=kworker/24:1 prev_pid=358 prev_prio=120 prev_state=I ==> next_comm=kcompactd0 next_pid=316 next_prio=120
      kcompactd0-316     [024] d....  1902.174191: sched_switch: prev_comm=kcompactd0 prev_pid=316 prev_prio=120 prev_state=S ==> next_comm=swapper/24 next_pid=0 next_prio=120
          <idle>-0       [024] d....  1902.174193: clockevents_program_event: seting clock event using lapic_next_deadline+0x0/0x50 with delta 503971967          <idle>-0       [024] d.h..  1902.678170: local_apic_timer_interrupt: ffffffffa3a3e860 hrtimer_interrupt+0x0/0x380
          <idle>-0       [024] d....  1902.678180: sched_switch: prev_comm=swapper/24 prev_pid=0 prev_prio=120 prev_state=R ==> next_comm=kcompactd0 next_pid=316 next_prio=120
      kcompactd0-316     [024] d....  1902.678186: clockevents_program_event: seting clock event using lapic_next_deadline+0x0/0x50 with delta 503979245      kcompactd0-316     [024] d....  1902.678189: sched_switch: prev_comm=kcompactd0 prev_pid=316 prev_prio=120 prev_state=S ==> next_comm=swapper/24 next_pid=0 next_prio=120
          <idle>-0       [024] d.h..  1903.182169: local_apic_timer_interrupt: ffffffffa3a3e860 hrtimer_interrupt+0x0/0x380
          <idle>-0       [024] d....  1903.182181: sched_switch: prev_comm=swapper/24 prev_pid=0 prev_prio=120 prev_state=R ==> next_comm=kcompactd0 next_pid=316 next_prio=120
      kcompactd0-316     [024] d....  1903.182185: clockevents_program_event: seting clock event using lapic_next_deadline+0x0/0x50 with delta 503979663      kcompactd0-316     [024] d....  1903.182189: sched_switch: prev_comm=kcompactd0 prev_pid=316 prev_prio=120 prev_state=S ==> next_comm=swapper/24 next_pid=0 next_prio=120
          <idle>-0       [024] d.h..  1903.686169: local_apic_timer_interrupt: ffffffffa3a3e860 hrtimer_interrupt+0x0/0x380
          <idle>-0       [024] d....  1903.686176: sched_switch: prev_comm=swapper/24 prev_pid=0 prev_prio=120 prev_state=R ==> next_comm=kcompactd0 next_pid=316 next_prio=120
      kcompactd0-316     [024] d....  1903.686180: clockevents_program_event: seting clock event using lapic_next_deadline+0x0/0x50 with delta 503985026      kcompactd0-316     [024] d....  1903.686183: sched_switch: prev_comm=kcompactd0 prev_pid=316 prev_prio=120 prev_state=S ==> next_comm=swapper/24 next_pid=0 next_prio=120
          <idle>-0       [024] d.h..  1904.190168: local_apic_timer_interrupt: ffffffffa3a3e860 hrtimer_interrupt+0x0/0x380
          <idle>-0       [024] dN...  1904.190180: clockevents_program_event: seting clock event using lapic_next_deadline+0x0/0x50 with delta 234939          <idle>-0       [024] d....  1904.190183: sched_switch: prev_comm=swapper/24 prev_pid=0 prev_prio=120 prev_state=R ==> next_comm=kworker/24:1 next_pid=358 next_prio=120
    kworker/24:1-358     [024] d....  1904.190224: sched_switch: prev_comm=kworker/24:1 prev_pid=358 prev_prio=120 prev_state=I ==> next_comm=kcompactd0 next_pid=316 next_prio=120
      kcompactd0-316     [024] d....  1904.190228: sched_switch: prev_comm=kcompactd0 prev_pid=316 prev_prio=120 prev_state=S ==> next_comm=swapper/24 next_pid=0 next_prio=120
          <idle>-0       [024] d....  1904.190230: clockevents_program_event: seting clock event using lapic_next_deadline+0x0/0x50 with delta 503934176          <idle>-0       [024] d.h..  1904.694176: local_apic_timer_interrupt: ffffffffa3a3e860 hrtimer_interrupt+0x0/0x380
          <idle>-0       [024] d....  1904.694187: sched_switch: prev_comm=swapper/24 prev_pid=0 prev_prio=120 prev_state=R ==> next_comm=kcompactd0 next_pid=316 next_prio=120
      kcompactd0-316     [024] d....  1904.694192: clockevents_program_event: seting clock event using lapic_next_deadline+0x0/0x50 with delta 503972559      kcompactd0-316     [024] d....  1904.694197: sched_switch: prev_comm=kcompactd0 prev_pid=316 prev_prio=120 prev_state=S ==> next_comm=swapper/24 next_pid=0 next_prio=120
          <idle>-0       [024] d.h..  1905.198169: local_apic_timer_interrupt: ffffffffa3a3e860 hrtimer_interrupt+0x0/0x380
          <idle>-0       [024] d....  1905.198180: sched_switch: prev_comm=swapper/24 prev_pid=0 prev_prio=120 prev_state=R ==> next_comm=kcompactd0 next_pid=316 next_prio=120
      kcompactd0-316     [024] d....  1905.198187: clockevents_program_event: seting clock event using lapic_next_deadline+0x0/0x50 with delta 503977299      kcompactd0-316     [024] d....  1905.198190: sched_switch: prev_comm=kcompactd0 prev_pid=316 prev_prio=120 prev_state=S ==> next_comm=swapper/24 next_pid=0 next_prio=120
          <idle>-0       [024] d.h..  1905.702168: local_apic_timer_interrupt: ffffffffa3a3e860 hrtimer_interrupt+0x0/0x380
          <idle>-0       [024] d....  1905.702178: sched_switch: prev_comm=swapper/24 prev_pid=0 prev_prio=120 prev_state=R ==> next_comm=kcompactd0 next_pid=316 next_prio=120
      kcompactd0-316     [024] d....  1905.702184: clockevents_program_event: seting clock event using lapic_next_deadline+0x0/0x50 with delta 503979863      kcompactd0-316     [024] d....  1905.702187: sched_switch: prev_comm=kcompactd0 prev_pid=316 prev_prio=120 prev_state=S ==> next_comm=swapper/24 next_pid=0 next_prio=120
          <idle>-0       [024] d.h..  1906.206168: local_apic_timer_interrupt: ffffffffa3a3e860 hrtimer_interrupt+0x0/0x380
          <idle>-0       [024] dN...  1906.206180: clockevents_program_event: seting clock event using lapic_next_deadline+0x0/0x50 with delta 233813          <idle>-0       [024] d....  1906.206183: sched_switch: prev_comm=swapper/24 prev_pid=0 prev_prio=120 prev_state=R ==> next_comm=kworker/24:1 next_pid=358 next_prio=120
    kworker/24:1-358     [024] d....  1906.206188: sched_switch: prev_comm=kworker/24:1 prev_pid=358 prev_prio=120 prev_state=I ==> next_comm=kcompactd0 next_pid=316 next_prio=120
      kcompactd0-316     [024] d....  1906.206192: sched_switch: prev_comm=kcompactd0 prev_pid=316 prev_prio=120 prev_state=S ==> next_comm=swapper/24 next_pid=0 next_prio=120
          <idle>-0       [024] d....  1906.206194: clockevents_program_event: seting clock event using lapic_next_deadline+0x0/0x50 with delta 503969355          <idle>-0       [024] d.h..  1906.710168: local_apic_timer_interrupt: ffffffffa3a3e860 hrtimer_interrupt+0x0/0x380
          <idle>-0       [024] d....  1906.710178: sched_switch: prev_comm=swapper/24 prev_pid=0 prev_prio=120 prev_state=R ==> next_comm=kcompactd0 next_pid=316 next_prio=120
      kcompactd0-316     [024] d....  1906.710182: clockevents_program_event: seting clock event using lapic_next_deadline+0x0/0x50 with delta 503981444      kcompactd0-316     [024] d....  1906.710187: sched_switch: prev_comm=kcompactd0 prev_pid=316 prev_prio=120 prev_state=S ==> next_comm=swapper/24 next_pid=0 next_prio=120
          <idle>-0       [024] d.h..  1907.214168: local_apic_timer_interrupt: ffffffffa3a3e860 hrtimer_interrupt+0x0/0x380
          <idle>-0       [024] d....  1907.214178: sched_switch: prev_comm=swapper/24 prev_pid=0 prev_prio=120 prev_state=R ==> next_comm=kcompactd0 next_pid=316 next_prio=120
      kcompactd0-316     [024] d....  1907.214183: clockevents_program_event: seting clock event using lapic_next_deadline+0x0/0x50 with delta 503980853      kcompactd0-316     [024] d....  1907.214187: sched_switch: prev_comm=kcompactd0 prev_pid=316 prev_prio=120 prev_state=S ==> next_comm=swapper/24 next_pid=0 next_prio=120
          <idle>-0       [024] d.h..  1907.718172: local_apic_timer_interrupt: ffffffffa3a3e860 hrtimer_interrupt+0x0/0x380
          <idle>-0       [024] d....  1907.718181: sched_switch: prev_comm=swapper/24 prev_pid=0 prev_prio=120 prev_state=R ==> next_comm=kcompactd0 next_pid=316 next_prio=120
      kcompactd0-316     [024] d....  1907.718187: clockevents_program_event: seting clock event using lapic_next_deadline+0x0/0x50 with delta 503975846      kcompactd0-316     [024] d....  1907.718191: sched_switch: prev_comm=kcompactd0 prev_pid=316 prev_prio=120 prev_state=S ==> next_comm=swapper/24 next_pid=0 next_prio=120
          <idle>-0       [024] dN...  1908.088429: __flush_smp_call_function_queue: executing non-sync callback from: '2' to: '24' __rdmsr_safe_on_cpu+0x0/0x70
          <idle>-0       [024] dN...  1908.088451: __flush_smp_call_function_queue: executing non-sync callback from: '2' to: '24' __rdmsr_safe_on_cpu+0x0/0x70
          <idle>-0       [024] dN...  1908.088464: __flush_smp_call_function_queue: executing non-sync callback from: '2' to: '24' __rdmsr_safe_on_cpu+0x0/0x70
          <idle>-0       [024] dN...  1908.088476: __flush_smp_call_function_queue: executing non-sync callback from: '2' to: '24' __rdmsr_safe_on_cpu+0x0/0x70
          <idle>-0       [024] dN...  1908.088489: __flush_smp_call_function_queue: executing non-sync callback from: '2' to: '24' __rdmsr_safe_on_cpu+0x0/0x70
          <idle>-0       [024] dN...  1908.088502: __flush_smp_call_function_queue: executing non-sync callback from: '2' to: '24' __rdmsr_safe_on_cpu+0x0/0x70
          <idle>-0       [024] dN...  1908.088518: __flush_smp_call_function_queue: executing non-sync callback from: '2' to: '24' __rdmsr_safe_on_cpu+0x0/0x70
          <idle>-0       [024] dN...  1908.088529: __flush_smp_call_function_queue: executing non-sync callback from: '2' to: '24' __rdmsr_safe_on_cpu+0x0/0x70
          <idle>-0       [024] dN...  1908.088540: __flush_smp_call_function_queue: executing non-sync callback from: '2' to: '24' __rdmsr_safe_on_cpu+0x0/0x70
          <idle>-0       [024] dN...  1908.088552: __flush_smp_call_function_queue: executing non-sync callback from: '2' to: '24' __rdmsr_safe_on_cpu+0x0/0x70
          <idle>-0       [024] dN...  1908.088565: __flush_smp_call_function_queue: executing non-sync callback from: '2' to: '24' __rdmsr_safe_on_cpu+0x0/0x70
          <idle>-0       [024] dN...  1908.088577: __flush_smp_call_function_queue: executing non-sync callback from: '2' to: '24' __rdmsr_safe_on_cpu+0x0/0x70
          <idle>-0       [024] dN...  1908.088590: __flush_smp_call_function_queue: executing non-sync callback from: '2' to: '24' __rdmsr_safe_on_cpu+0x0/0x70
          <idle>-0       [024] dN...  1908.088602: __flush_smp_call_function_queue: executing non-sync callback from: '2' to: '24' __rdmsr_safe_on_cpu+0x0/0x70
          <idle>-0       [024] dN...  1908.088614: __flush_smp_call_function_queue: executing non-sync callback from: '2' to: '24' __rdmsr_safe_on_cpu+0x0/0x70
          <idle>-0       [024] dN...  1908.088626: __flush_smp_call_function_queue: executing non-sync callback from: '2' to: '24' __rdmsr_safe_on_cpu+0x0/0x70
          <idle>-0       [024] dN...  1908.088638: __flush_smp_call_function_queue: executing non-sync callback from: '2' to: '24' __rdmsr_safe_on_cpu+0x0/0x70
          <idle>-0       [024] dN...  1908.088650: __flush_smp_call_function_queue: executing non-sync callback from: '2' to: '24' __rdmsr_safe_on_cpu+0x0/0x70
          <idle>-0       [024] dN...  1908.088663: __flush_smp_call_function_queue: executing non-sync callback from: '2' to: '24' __rdmsr_safe_on_cpu+0x0/0x70
          <idle>-0       [024] dN...  1908.088675: __flush_smp_call_function_queue: executing non-sync callback from: '2' to: '24' __rdmsr_safe_on_cpu+0x0/0x70
          <idle>-0       [024] dN...  1908.088686: __flush_smp_call_function_queue: executing non-sync callback from: '2' to: '24' __rdmsr_safe_on_cpu+0x0/0x70
          <idle>-0       [024] dN...  1908.088698: __flush_smp_call_function_queue: executing non-sync callback from: '2' to: '24' __rdmsr_safe_on_cpu+0x0/0x70
          <idle>-0       [024] dN...  1908.088710: __flush_smp_call_function_queue: executing non-sync callback from: '2' to: '24' __rdmsr_safe_on_cpu+0x0/0x70
          <idle>-0       [024] dN...  1908.088721: __flush_smp_call_function_queue: executing non-sync callback from: '2' to: '24' __rdmsr_safe_on_cpu+0x0/0x70
          <idle>-0       [024] dN...  1908.088733: __flush_smp_call_function_queue: executing non-sync callback from: '2' to: '24' __rdmsr_safe_on_cpu+0x0/0x70
          <idle>-0       [024] dN...  1908.104687: __flush_smp_call_function_queue: executing ttwu callback from: '4' to: '24' 0x4
          <idle>-0       [024] d....  1908.104692: sched_switch: prev_comm=swapper/24 prev_pid=0 prev_prio=120 prev_state=R ==> next_comm=tsc_read_cpu_24 next_pid=29147 next_prio=110
 tsc_read_cpu_24-29147   [024] d....  1908.104706: sched_switch: prev_comm=tsc_read_cpu_24 prev_pid=29147 prev_prio=98 prev_state=S ==> next_comm=swapper/24 next_pid=0 next_prio=120
          <idle>-0       [024] d.h..  1908.104709: __flush_smp_call_function_queue: executing ttwu callback from: '0' to: '24' 0x4
          <idle>-0       [024] d....  1908.104712: sched_switch: prev_comm=swapper/24 prev_pid=0 prev_prio=120 prev_state=R ==> next_comm=tsc_read_cpu_24 next_pid=29147 next_prio=98
 tsc_read_cpu_24-29147   [024] d....  1908.104763: sched_switch: prev_comm=tsc_read_cpu_24 prev_pid=29147 prev_prio=110 prev_state=X ==> next_comm=swapper/24 next_pid=0 next_prio=120
          <idle>-0       [024] dN...  1908.104804: __flush_smp_call_function_queue: executing ttwu callback from: '4' to: '24' 0x4
          <idle>-0       [024] d....  1908.104820: sched_switch: prev_comm=swapper/24 prev_pid=0 prev_prio=120 prev_state=R ==> next_comm=tsc_read_cpu_24 next_pid=29149 next_prio=110
 tsc_read_cpu_24-29149   [024] d....  1908.104830: sched_switch: prev_comm=tsc_read_cpu_24 prev_pid=29149 prev_prio=98 prev_state=S ==> next_comm=swapper/24 next_pid=0 next_prio=120
          <idle>-0       [024] d.h..  1908.104833: __flush_smp_call_function_queue: executing ttwu callback from: '0' to: '24' 0x4
          <idle>-0       [024] d....  1908.104836: sched_switch: prev_comm=swapper/24 prev_pid=0 prev_prio=120 prev_state=R ==> next_comm=tsc_read_cpu_24 next_pid=29149 next_prio=98
 tsc_read_cpu_24-29149   [024] d....  1908.104863: sched_switch: prev_comm=tsc_read_cpu_24 prev_pid=29149 prev_prio=110 prev_state=D ==> next_comm=swapper/24 next_pid=0 next_prio=120
          <idle>-0       [024] d.h..  1908.104867: __flush_smp_call_function_queue: executing ttwu callback from: '0' to: '24' 0x4
          <idle>-0       [024] d....  1908.104883: sched_switch: prev_comm=swapper/24 prev_pid=0 prev_prio=120 prev_state=R ==> next_comm=tsc_read_cpu_24 next_pid=29149 next_prio=110
 tsc_read_cpu_24-29149   [024] d....  1908.104889: sched_switch: prev_comm=tsc_read_cpu_24 prev_pid=29149 prev_prio=110 prev_state=X ==> next_comm=swapper/24 next_pid=0 next_prio=120
          <idle>-0       [024] d.h..  1908.222168: local_apic_timer_interrupt: ffffffffa3a3e860 hrtimer_interrupt+0x0/0x380
          <idle>-0       [024] dN...  1908.222181: clockevents_program_event: seting clock event using lapic_next_deadline+0x0/0x50 with delta 232154          <idle>-0       [024] d....  1908.222184: sched_switch: prev_comm=swapper/24 prev_pid=0 prev_prio=120 prev_state=R ==> next_comm=kcompactd0 next_pid=316 next_prio=120
      kcompactd0-316     [024] d....  1908.222189: sched_switch: prev_comm=kcompactd0 prev_pid=316 prev_prio=120 prev_state=S ==> next_comm=kworker/24:1 next_pid=358 next_prio=120
    kworker/24:1-358     [024] d....  1908.222222: sched_switch: prev_comm=kworker/24:1 prev_pid=358 prev_prio=120 prev_state=I ==> next_comm=swapper/24 next_pid=0 next_prio=120
          <idle>-0       [024] d.h..  1908.222415: local_apic_timer_interrupt: ffffffffa3a3e860 hrtimer_interrupt+0x0/0x380
          <idle>-0       [024] d.h..  1908.222418: clockevents_program_event: seting clock event using lapic_next_deadline+0x0/0x50 with delta 994709          <idle>-0       [024] d....  1908.222422: clockevents_program_event: seting clock event using lapic_next_deadline+0x0/0x50 with delta 503740867          <idle>-0       [024] d.h..  1908.726168: local_apic_timer_interrupt: ffffffffa3a3e860 hrtimer_interrupt+0x0/0x380
          <idle>-0       [024] d....  1908.726178: sched_switch: prev_comm=swapper/24 prev_pid=0 prev_prio=120 prev_state=R ==> next_comm=kcompactd0 next_pid=316 next_prio=120
      kcompactd0-316     [024] d....  1908.726183: clockevents_program_event: seting clock event using lapic_next_deadline+0x0/0x50 with delta 503980428      kcompactd0-316     [024] d....  1908.726188: sched_switch: prev_comm=kcompactd0 prev_pid=316 prev_prio=120 prev_state=S ==> next_comm=swapper/24 next_pid=0 next_prio=120
          <idle>-0       [024] dN...  1909.110192: __flush_smp_call_function_queue: executing ttwu callback from: '0' to: '24' 0x1
          <idle>-0       [024] d....  1909.110199: sched_switch: prev_comm=swapper/24 prev_pid=0 prev_prio=120 prev_state=R ==> next_comm=kworker/24:1 next_pid=358 next_prio=120
    kworker/24:1-358     [024] d....  1909.110209: sched_switch: prev_comm=kworker/24:1 prev_pid=358 prev_prio=120 prev_state=I ==> next_comm=swapper/24 next_pid=0 next_prio=120
          <idle>-0       [024] d.h..  1909.230166: local_apic_timer_interrupt: ffffffffa3a3e860 hrtimer_interrupt+0x0/0x380
          <idle>-0       [024] d....  1909.230176: sched_switch: prev_comm=swapper/24 prev_pid=0 prev_prio=120 prev_state=R ==> next_comm=kcompactd0 next_pid=316 next_prio=120
      kcompactd0-316     [024] d....  1909.230182: clockevents_program_event: seting clock event using lapic_next_deadline+0x0/0x50 with delta 503980634      kcompactd0-316     [024] d....  1909.230185: sched_switch: prev_comm=kcompactd0 prev_pid=316 prev_prio=120 prev_state=S ==> next_comm=swapper/24 next_pid=0 next_prio=120
          <idle>-0       [024] dN...  1909.568119: __flush_smp_call_function_queue: executing non-sync callback from: '20' to: '24' cpuid_smp_cpuid+0x0/0x30
          <idle>-0       [024] dN...  1909.568130: __flush_smp_call_function_queue: executing non-sync callback from: '20' to: '24' cpuid_smp_cpuid+0x0/0x30
          <idle>-0       [024] dN...  1909.569195: __flush_smp_call_function_queue: executing non-sync callback from: '20' to: '24' cpuid_smp_cpuid+0x0/0x30
          <idle>-0       [024] dN...  1909.569206: __flush_smp_call_function_queue: executing non-sync callback from: '20' to: '24' cpuid_smp_cpuid+0x0/0x30
          <idle>-0       [024] dN...  1909.570342: __flush_smp_call_function_queue: executing non-sync callback from: '20' to: '24' cpuid_smp_cpuid+0x0/0x30
          <idle>-0       [024] dN...  1909.570352: __flush_smp_call_function_queue: executing non-sync callback from: '20' to: '24' cpuid_smp_cpuid+0x0/0x30
          <idle>-0       [024] dN...  1909.571175: __flush_smp_call_function_queue: executing non-sync callback from: '20' to: '24' __rdmsr_safe_on_cpu+0x0/0x70
          <idle>-0       [024] dN...  1909.591561: __flush_smp_call_function_queue: executing non-sync callback from: '20' to: '24' __rdmsr_safe_on_cpu+0x0/0x70
          <idle>-0       [024] dN...  1909.592224: __flush_smp_call_function_queue: executing non-sync callback from: '20' to: '24' __rdmsr_safe_on_cpu+0x0/0x70
          <idle>-0       [024] dN...  1909.592231: __flush_smp_call_function_queue: executing non-sync callback from: '20' to: '24' __rdmsr_safe_on_cpu+0x0/0x70
          <idle>-0       [024] dN...  1909.592237: __flush_smp_call_function_queue: executing non-sync callback from: '20' to: '24' __rdmsr_safe_on_cpu+0x0/0x70
          <idle>-0       [024] dN...  1909.613118: __flush_smp_call_function_queue: executing non-sync callback from: '20' to: '24' __rdmsr_safe_on_cpu+0x0/0x70
          <idle>-0       [024] dN...  1909.613125: __flush_smp_call_function_queue: executing non-sync callback from: '20' to: '24' __rdmsr_safe_on_cpu+0x0/0x70
          <idle>-0       [024] dN...  1909.613130: __flush_smp_call_function_queue: executing non-sync callback from: '20' to: '24' __rdmsr_safe_on_cpu+0x0/0x70
          <idle>-0       [024] dN...  1909.615428: __flush_smp_call_function_queue: executing non-sync callback from: '20' to: '24' cpuid_smp_cpuid+0x0/0x30
          <idle>-0       [024] dN...  1909.615440: __flush_smp_call_function_queue: executing non-sync callback from: '20' to: '24' __rdmsr_safe_on_cpu+0x0/0x70
          <idle>-0       [024] dN...  1909.615450: __flush_smp_call_function_queue: executing non-sync callback from: '20' to: '24' __rdmsr_safe_on_cpu+0x0/0x70
          <idle>-0       [024] dN...  1909.615472: __flush_smp_call_function_queue: executing non-sync callback from: '20' to: '24' __rdmsr_safe_on_cpu+0x0/0x70
          <idle>-0       [024] dN...  1909.615478: __flush_smp_call_function_queue: executing non-sync callback from: '20' to: '24' __rdmsr_safe_on_cpu+0x0/0x70
          <idle>-0       [024] dN...  1909.615485: __flush_smp_call_function_queue: executing non-sync callback from: '20' to: '24' __rdmsr_safe_on_cpu+0x0/0x70
          <idle>-0       [024] dN...  1909.615491: __flush_smp_call_function_queue: executing non-sync callback from: '20' to: '24' __rdmsr_safe_on_cpu+0x0/0x70
          <idle>-0       [024] dN...  1909.615498: __flush_smp_call_function_queue: executing non-sync callback from: '20' to: '24' __rdmsr_safe_on_cpu+0x0/0x70
          <idle>-0       [024] dN...  1909.615504: __flush_smp_call_function_queue: executing non-sync callback from: '20' to: '24' __rdmsr_safe_on_cpu+0x0/0x70
          <idle>-0       [024] dN...  1909.615511: __flush_smp_call_function_queue: executing non-sync callback from: '20' to: '24' __rdmsr_safe_on_cpu+0x0/0x70
          <idle>-0       [024] dN...  1909.615517: __flush_smp_call_function_queue: executing non-sync callback from: '20' to: '24' __rdmsr_safe_on_cpu+0x0/0x70
          <idle>-0       [024] dN...  1909.615538: __flush_smp_call_function_queue: executing non-sync callback from: '20' to: '24' __rdmsr_safe_on_cpu+0x0/0x70
          <idle>-0       [024] dN...  1909.618594: __flush_smp_call_function_queue: executing non-sync callback from: '20' to: '24' __rdmsr_safe_on_cpu+0x0/0x70
          <idle>-0       [024] dN...  1909.618604: __flush_smp_call_function_queue: executing non-sync callback from: '20' to: '24' __rdmsr_safe_on_cpu+0x0/0x70
          <idle>-0       [024] dN...  1909.618613: __flush_smp_call_function_queue: executing non-sync callback from: '20' to: '24' __rdmsr_safe_on_cpu+0x0/0x70
          <idle>-0       [024] dN...  1909.618626: __flush_smp_call_function_queue: executing non-sync callback from: '20' to: '24' cpuid_smp_cpuid+0x0/0x30
          <idle>-0       [024] dN...  1909.618637: __flush_smp_call_function_queue: executing non-sync callback from: '20' to: '24' __rdmsr_safe_on_cpu+0x0/0x70
          <idle>-0       [024] dN...  1909.618647: __flush_smp_call_function_queue: executing non-sync callback from: '20' to: '24' __rdmsr_safe_on_cpu+0x0/0x70
          <idle>-0       [024] d.h..  1909.734167: local_apic_timer_interrupt: ffffffffa3a3e860 hrtimer_interrupt+0x0/0x380
          <idle>-0       [024] dN...  1909.734177: clockevents_program_event: seting clock event using lapic_next_deadline+0x0/0x50 with delta 143985673          <idle>-0       [024] d....  1909.734181: sched_switch: prev_comm=swapper/24 prev_pid=0 prev_prio=120 prev_state=R ==> next_comm=kcompactd0 next_pid=316 next_prio=120
      kcompactd0-316     [024] d....  1909.734186: sched_switch: prev_comm=kcompactd0 prev_pid=316 prev_prio=120 prev_state=S ==> next_comm=swapper/24 next_pid=0 next_prio=120
          <idle>-0       [024] d.h..  1909.878166: local_apic_timer_interrupt: ffffffffa3a3e860 hrtimer_interrupt+0x0/0x380
          <idle>-0       [024] d....  1909.878178: clockevents_program_event: seting clock event using lapic_next_deadline+0x0/0x50 with delta 359984398          <idle>-0       [024] d.h..  1910.238166: local_apic_timer_interrupt: ffffffffa3a3e860 hrtimer_interrupt+0x0/0x380
          <idle>-0       [024] dN...  1910.238179: clockevents_program_event: seting clock event using lapic_next_deadline+0x0/0x50 with delta 233204          <idle>-0       [024] d....  1910.238193: sched_switch: prev_comm=swapper/24 prev_pid=0 prev_prio=120 prev_state=R ==> next_comm=kcompactd0 next_pid=316 next_prio=120
      kcompactd0-316     [024] d....  1910.238197: sched_switch: prev_comm=kcompactd0 prev_pid=316 prev_prio=120 prev_state=S ==> next_comm=kworker/24:1 next_pid=358 next_prio=120
    kworker/24:1-358     [024] d....  1910.238230: sched_switch: prev_comm=kworker/24:1 prev_pid=358 prev_prio=120 prev_state=I ==> next_comm=swapper/24 next_pid=0 next_prio=120
          <idle>-0       [024] d.h..  1910.238415: local_apic_timer_interrupt: ffffffffa3a3e860 hrtimer_interrupt+0x0/0x380
          <idle>-0       [024] d.h..  1910.238418: clockevents_program_event: seting clock event using lapic_next_deadline+0x0/0x50 with delta 994150          <idle>-0       [024] d.h..  1910.239414: local_apic_timer_interrupt: ffffffffa3a3e860 hrtimer_interrupt+0x0/0x380
          <idle>-0       [024] d.h..  1910.239416: clockevents_program_event: seting clock event using lapic_next_deadline+0x0/0x50 with delta 996170          <idle>-0       [024] d.h..  1910.240414: local_apic_timer_interrupt: ffffffffa3a3e860 hrtimer_interrupt+0x0/0x380
          <idle>-0       [024] d.h..  1910.240416: clockevents_program_event: seting clock event using lapic_next_deadline+0x0/0x50 with delta 996599          <idle>-0       [024] d.h..  1910.241414: local_apic_timer_interrupt: ffffffffa3a3e860 hrtimer_interrupt+0x0/0x380
          <idle>-0       [024] d.h..  1910.241416: clockevents_program_event: seting clock event using lapic_next_deadline+0x0/0x50 with delta 996016          <idle>-0       [024] d....  1910.241547: clockevents_program_event: seting clock event using lapic_next_deadline+0x0/0x50 with delta 500614933          <idle>-0       [024] d.h..  1910.742166: local_apic_timer_interrupt: ffffffffa3a3e860 hrtimer_interrupt+0x0/0x380
          <idle>-0       [024] d....  1910.742177: sched_switch: prev_comm=swapper/24 prev_pid=0 prev_prio=120 prev_state=R ==> next_comm=kcompactd0 next_pid=316 next_prio=120
