           vcpu0-16518   [024] d.h..  1666.806262: clockevents_program_event: seting clock event using lapic_next_deadline+0x0/0x50 with delta 353921757           vcpu0-16518   [024] dNs..  1666.806269: clockevents_program_event: seting clock event using lapic_next_deadline+0x0/0x50 with delta 353914685           vcpu0-16518   [024] dNs..  1666.806270: clockevents_program_event: seting clock event using lapic_next_deadline+0x0/0x50 with delta 232580           vcpu0-16518   [024] dNH..  1666.806273: local_apic_timer_interrupt: ffffffffa3a3e860 hrtimer_interrupt+0x0/0x380
           vcpu0-16518   [024] dNH..  1666.806274: clockevents_program_event: seting clock event using lapic_next_deadline+0x0/0x50 with delta 229111           vcpu0-16518   [024] d....  1666.806277: sched_switch: prev_comm=vcpu0 prev_pid=16518 prev_prio=120 prev_state=R ==> next_comm=kcompactd0 next_pid=316 next_prio=120
      kcompactd0-316     [024] d....  1666.806283: sched_switch: prev_comm=kcompactd0 prev_pid=316 prev_prio=120 prev_state=S ==> next_comm=vcpu0 next_pid=16518 next_prio=120
           vcpu0-16518   [024] d.h..  1666.806505: local_apic_timer_interrupt: ffffffffa3a3e860 hrtimer_interrupt+0x0/0x380
           vcpu0-16518   [024] d.h..  1666.806508: clockevents_program_event: seting clock event using lapic_next_deadline+0x0/0x50 with delta 994821           vcpu0-16518   [024] d....  1666.806509: clockevents_program_event: seting clock event using lapic_next_deadline+0x0/0x50 with delta 353674777           vcpu0-16518   [024] d.h..  1667.160187: local_apic_timer_interrupt: ffffffffa3a3e860 hrtimer_interrupt+0x0/0x380
           vcpu0-16518   [024] d.h..  1667.160189: clockevents_program_event: seting clock event using lapic_next_deadline+0x0/0x50 with delta 150063966           vcpu0-16518   [024] d....  1667.160215: clockevents_program_event: seting clock event using lapic_next_deadline+0x0/0x50 with delta 968779           vcpu0-16518   [024] d....  1667.160249: clockevents_program_event: seting clock event using lapic_next_deadline+0x0/0x50 with delta 150003373           vcpu0-16518   [024] d.h..  1667.289285: __flush_smp_call_function_queue: executing non-sync callback from: '22' to: '24' cpuid_smp_cpuid+0x0/0x30
           vcpu0-16518   [024] d.h..  1667.289297: __flush_smp_call_function_queue: executing non-sync callback from: '22' to: '24' cpuid_smp_cpuid+0x0/0x30
           vcpu0-16518   [024] d.h..  1667.290172: __flush_smp_call_function_queue: executing non-sync callback from: '22' to: '24' cpuid_smp_cpuid+0x0/0x30
           vcpu0-16518   [024] d.h..  1667.290183: __flush_smp_call_function_queue: executing non-sync callback from: '22' to: '24' cpuid_smp_cpuid+0x0/0x30
           vcpu0-16518   [024] d.h..  1667.291035: __flush_smp_call_function_queue: executing non-sync callback from: '22' to: '24' cpuid_smp_cpuid+0x0/0x30
           vcpu0-16518   [024] d.h..  1667.291045: __flush_smp_call_function_queue: executing non-sync callback from: '22' to: '24' cpuid_smp_cpuid+0x0/0x30
           vcpu0-16518   [024] d.h..  1667.291690: __flush_smp_call_function_queue: executing non-sync callback from: '22' to: '24' __rdmsr_safe_on_cpu+0x0/0x70
           vcpu0-16518   [024] d.h..  1667.310256: local_apic_timer_interrupt: ffffffffa3a3e860 hrtimer_interrupt+0x0/0x380
           vcpu0-16518   [024] d.h..  1667.310260: clockevents_program_event: seting clock event using lapic_next_deadline+0x0/0x50 with delta 353923228           vcpu0-16518   [024] dNs..  1667.310267: clockevents_program_event: seting clock event using lapic_next_deadline+0x0/0x50 with delta 353916626           vcpu0-16518   [024] dNs..  1667.310268: clockevents_program_event: seting clock event using lapic_next_deadline+0x0/0x50 with delta 234536           vcpu0-16518   [024] dNH..  1667.310270: local_apic_timer_interrupt: ffffffffa3a3e860 hrtimer_interrupt+0x0/0x380
           vcpu0-16518   [024] dNH..  1667.310271: clockevents_program_event: seting clock event using lapic_next_deadline+0x0/0x50 with delta 231705           vcpu0-16518   [024] d....  1667.310273: sched_switch: prev_comm=vcpu0 prev_pid=16518 prev_prio=120 prev_state=R ==> next_comm=kcompactd0 next_pid=316 next_prio=120
      kcompactd0-316     [024] d....  1667.310279: sched_switch: prev_comm=kcompactd0 prev_pid=316 prev_prio=120 prev_state=S ==> next_comm=vcpu0 next_pid=16518 next_prio=120
           vcpu0-16518   [024] d.h..  1667.310510: local_apic_timer_interrupt: ffffffffa3a3e860 hrtimer_interrupt+0x0/0x380
           vcpu0-16518   [024] d.h..  1667.310514: clockevents_program_event: seting clock event using lapic_next_deadline+0x0/0x50 with delta 988872           vcpu0-16518   [024] d.s..  1667.310517: clockevents_program_event: seting clock event using lapic_next_deadline+0x0/0x50 with delta 353667005           vcpu0-16518   [024] d.h..  1667.312032: __flush_smp_call_function_queue: executing non-sync callback from: '22' to: '24' __rdmsr_safe_on_cpu+0x0/0x70
           vcpu0-16518   [024] d.h..  1667.312702: __flush_smp_call_function_queue: executing non-sync callback from: '22' to: '24' __rdmsr_safe_on_cpu+0x0/0x70
           vcpu0-16518   [024] d.h..  1667.312709: __flush_smp_call_function_queue: executing non-sync callback from: '22' to: '24' __rdmsr_safe_on_cpu+0x0/0x70
           vcpu0-16518   [024] d.h..  1667.312716: __flush_smp_call_function_queue: executing non-sync callback from: '22' to: '24' __rdmsr_safe_on_cpu+0x0/0x70
           vcpu0-16518   [024] d.h..  1667.333588: __flush_smp_call_function_queue: executing non-sync callback from: '22' to: '24' __rdmsr_safe_on_cpu+0x0/0x70
           vcpu0-16518   [024] d.h..  1667.333597: __flush_smp_call_function_queue: executing non-sync callback from: '22' to: '24' __rdmsr_safe_on_cpu+0x0/0x70
           vcpu0-16518   [024] d.h..  1667.333603: __flush_smp_call_function_queue: executing non-sync callback from: '22' to: '24' __rdmsr_safe_on_cpu+0x0/0x70
           vcpu0-16518   [024] d.h..  1667.335848: __flush_smp_call_function_queue: executing non-sync callback from: '22' to: '24' cpuid_smp_cpuid+0x0/0x30
           vcpu0-16518   [024] d.h..  1667.335858: __flush_smp_call_function_queue: executing non-sync callback from: '22' to: '24' __rdmsr_safe_on_cpu+0x0/0x70
           vcpu0-16518   [024] d.h..  1667.335868: __flush_smp_call_function_queue: executing non-sync callback from: '22' to: '24' __rdmsr_safe_on_cpu+0x0/0x70
           vcpu0-16518   [024] d.h..  1667.335875: __flush_smp_call_function_queue: executing non-sync callback from: '22' to: '24' __rdmsr_safe_on_cpu+0x0/0x70
           vcpu0-16518   [024] d.h..  1667.335882: __flush_smp_call_function_queue: executing non-sync callback from: '22' to: '24' __rdmsr_safe_on_cpu+0x0/0x70
           vcpu0-16518   [024] d.h..  1667.335890: __flush_smp_call_function_queue: executing non-sync callback from: '22' to: '24' __rdmsr_safe_on_cpu+0x0/0x70
           vcpu0-16518   [024] d.h..  1667.335898: __flush_smp_call_function_queue: executing non-sync callback from: '22' to: '24' __rdmsr_safe_on_cpu+0x0/0x70
           vcpu0-16518   [024] d.h..  1667.335919: __flush_smp_call_function_queue: executing non-sync callback from: '22' to: '24' __rdmsr_safe_on_cpu+0x0/0x70
           vcpu0-16518   [024] d.h..  1667.335926: __flush_smp_call_function_queue: executing non-sync callback from: '22' to: '24' __rdmsr_safe_on_cpu+0x0/0x70
           vcpu0-16518   [024] d.h..  1667.335934: __flush_smp_call_function_queue: executing non-sync callback from: '22' to: '24' __rdmsr_safe_on_cpu+0x0/0x70
           vcpu0-16518   [024] d.h..  1667.335941: __flush_smp_call_function_queue: executing non-sync callback from: '22' to: '24' __rdmsr_safe_on_cpu+0x0/0x70
           vcpu0-16518   [024] d.h..  1667.335948: __flush_smp_call_function_queue: executing non-sync callback from: '22' to: '24' __rdmsr_safe_on_cpu+0x0/0x70
           vcpu0-16518   [024] d.h..  1667.339197: __flush_smp_call_function_queue: executing non-sync callback from: '22' to: '24' __rdmsr_safe_on_cpu+0x0/0x70
           vcpu0-16518   [024] d.h..  1667.339221: __flush_smp_call_function_queue: executing non-sync callback from: '22' to: '24' __rdmsr_safe_on_cpu+0x0/0x70
           vcpu0-16518   [024] d.h..  1667.339232: __flush_smp_call_function_queue: executing non-sync callback from: '22' to: '24' __rdmsr_safe_on_cpu+0x0/0x70
           vcpu0-16518   [024] d.h..  1667.339244: __flush_smp_call_function_queue: executing non-sync callback from: '22' to: '24' cpuid_smp_cpuid+0x0/0x30
           vcpu0-16518   [024] d.h..  1667.339256: __flush_smp_call_function_queue: executing non-sync callback from: '22' to: '24' __rdmsr_safe_on_cpu+0x0/0x70
           vcpu0-16518   [024] d.h..  1667.339268: __flush_smp_call_function_queue: executing non-sync callback from: '22' to: '24' __rdmsr_safe_on_cpu+0x0/0x70
           vcpu0-16518   [024] d.h..  1667.664187: local_apic_timer_interrupt: ffffffffa3a3e860 hrtimer_interrupt+0x0/0x380
           vcpu0-16518   [024] d.h..  1667.664190: clockevents_program_event: seting clock event using lapic_next_deadline+0x0/0x50 with delta 150062736           vcpu0-16518   [024] d....  1667.664262: clockevents_program_event: seting clock event using lapic_next_deadline+0x0/0x50 with delta 922085           vcpu0-16518   [024] d....  1667.664284: clockevents_program_event: seting clock event using lapic_next_deadline+0x0/0x50 with delta 149968591           vcpu0-16518   [024] d.h..  1667.814257: local_apic_timer_interrupt: ffffffffa3a3e860 hrtimer_interrupt+0x0/0x380
           vcpu0-16518   [024] d.h..  1667.814261: clockevents_program_event: seting clock event using lapic_next_deadline+0x0/0x50 with delta 353922201           vcpu0-16518   [024] dNs..  1667.814269: clockevents_program_event: seting clock event using lapic_next_deadline+0x0/0x50 with delta 353914427           vcpu0-16518   [024] dNs..  1667.814270: clockevents_program_event: seting clock event using lapic_next_deadline+0x0/0x50 with delta 232178           vcpu0-16518   [024] dNH..  1667.814272: local_apic_timer_interrupt: ffffffffa3a3e860 hrtimer_interrupt+0x0/0x380
           vcpu0-16518   [024] dNH..  1667.814274: clockevents_program_event: seting clock event using lapic_next_deadline+0x0/0x50 with delta 228624           vcpu0-16518   [024] d....  1667.814277: sched_switch: prev_comm=vcpu0 prev_pid=16518 prev_prio=120 prev_state=R ==> next_comm=kcompactd0 next_pid=316 next_prio=120
      kcompactd0-316     [024] d....  1667.814283: sched_switch: prev_comm=kcompactd0 prev_pid=316 prev_prio=120 prev_state=S ==> next_comm=vcpu0 next_pid=16518 next_prio=120
           vcpu0-16518   [024] d.h..  1667.814504: local_apic_timer_interrupt: ffffffffa3a3e860 hrtimer_interrupt+0x0/0x380
           vcpu0-16518   [024] d.h..  1667.814507: clockevents_program_event: seting clock event using lapic_next_deadline+0x0/0x50 with delta 995143           vcpu0-16518   [024] d....  1667.814509: clockevents_program_event: seting clock event using lapic_next_deadline+0x0/0x50 with delta 353674829           vcpu0-16518   [024] d.h..  1667.894964: __flush_smp_call_function_queue: executing non-sync callback from: '1' to: '24' __rdmsr_safe_on_cpu+0x0/0x70
           vcpu0-16518   [024] d.h..  1667.894977: __flush_smp_call_function_queue: executing non-sync callback from: '1' to: '24' __rdmsr_safe_on_cpu+0x0/0x70
           vcpu0-16518   [024] d.h..  1667.894989: __flush_smp_call_function_queue: executing non-sync callback from: '1' to: '24' __rdmsr_safe_on_cpu+0x0/0x70
           vcpu0-16518   [024] d.h..  1667.895004: __flush_smp_call_function_queue: executing non-sync callback from: '1' to: '24' __rdmsr_safe_on_cpu+0x0/0x70
           vcpu0-16518   [024] d.h..  1667.895029: __flush_smp_call_function_queue: executing non-sync callback from: '1' to: '24' __rdmsr_safe_on_cpu+0x0/0x70
           vcpu0-16518   [024] d.h..  1667.895042: __flush_smp_call_function_queue: executing non-sync callback from: '1' to: '24' __rdmsr_safe_on_cpu+0x0/0x70
           vcpu0-16518   [024] d.h..  1667.895056: __flush_smp_call_function_queue: executing non-sync callback from: '1' to: '24' __rdmsr_safe_on_cpu+0x0/0x70
           vcpu0-16518   [024] d.h..  1667.895069: __flush_smp_call_function_queue: executing non-sync callback from: '1' to: '24' __rdmsr_safe_on_cpu+0x0/0x70
           vcpu0-16518   [024] d.h..  1667.895082: __flush_smp_call_function_queue: executing non-sync callback from: '1' to: '24' __rdmsr_safe_on_cpu+0x0/0x70
           vcpu0-16518   [024] d.h..  1667.895094: __flush_smp_call_function_queue: executing non-sync callback from: '1' to: '24' __rdmsr_safe_on_cpu+0x0/0x70
           vcpu0-16518   [024] d.h..  1667.895107: __flush_smp_call_function_queue: executing non-sync callback from: '1' to: '24' __rdmsr_safe_on_cpu+0x0/0x70
           vcpu0-16518   [024] d.h..  1667.895120: __flush_smp_call_function_queue: executing non-sync callback from: '1' to: '24' __rdmsr_safe_on_cpu+0x0/0x70
           vcpu0-16518   [024] d.h..  1667.895133: __flush_smp_call_function_queue: executing non-sync callback from: '1' to: '24' __rdmsr_safe_on_cpu+0x0/0x70
           vcpu0-16518   [024] d.h..  1667.895145: __flush_smp_call_function_queue: executing non-sync callback from: '1' to: '24' __rdmsr_safe_on_cpu+0x0/0x70
           vcpu0-16518   [024] d.h..  1667.895158: __flush_smp_call_function_queue: executing non-sync callback from: '1' to: '24' __rdmsr_safe_on_cpu+0x0/0x70
           vcpu0-16518   [024] d.h..  1667.895170: __flush_smp_call_function_queue: executing non-sync callback from: '1' to: '24' __rdmsr_safe_on_cpu+0x0/0x70
           vcpu0-16518   [024] d.h..  1667.895183: __flush_smp_call_function_queue: executing non-sync callback from: '1' to: '24' __rdmsr_safe_on_cpu+0x0/0x70
           vcpu0-16518   [024] d.h..  1667.895197: __flush_smp_call_function_queue: executing non-sync callback from: '1' to: '24' __rdmsr_safe_on_cpu+0x0/0x70
           vcpu0-16518   [024] d.h..  1667.895210: __flush_smp_call_function_queue: executing non-sync callback from: '1' to: '24' __rdmsr_safe_on_cpu+0x0/0x70
           vcpu0-16518   [024] d.h..  1667.895223: __flush_smp_call_function_queue: executing non-sync callback from: '1' to: '24' __rdmsr_safe_on_cpu+0x0/0x70
           vcpu0-16518   [024] d.h..  1667.895236: __flush_smp_call_function_queue: executing non-sync callback from: '1' to: '24' __rdmsr_safe_on_cpu+0x0/0x70
           vcpu0-16518   [024] d.h..  1667.895249: __flush_smp_call_function_queue: executing non-sync callback from: '1' to: '24' __rdmsr_safe_on_cpu+0x0/0x70
           vcpu0-16518   [024] d.h..  1667.895268: __flush_smp_call_function_queue: executing non-sync callback from: '1' to: '24' __rdmsr_safe_on_cpu+0x0/0x70
           vcpu0-16518   [024] d.h..  1667.895281: __flush_smp_call_function_queue: executing non-sync callback from: '1' to: '24' __rdmsr_safe_on_cpu+0x0/0x70
           vcpu0-16518   [024] d.h..  1667.895296: __flush_smp_call_function_queue: executing non-sync callback from: '1' to: '24' __rdmsr_safe_on_cpu+0x0/0x70
           vcpu0-16518   [024] d.h..  1667.895309: __flush_smp_call_function_queue: executing non-sync callback from: '1' to: '24' __rdmsr_safe_on_cpu+0x0/0x70
           vcpu0-16518   [024] d.h..  1667.895322: __flush_smp_call_function_queue: executing non-sync callback from: '1' to: '24' __rdmsr_safe_on_cpu+0x0/0x70
           vcpu0-16518   [024] d.h..  1667.911604: __flush_smp_call_function_queue: executing ttwu callback from: '40' to: '24' 0x3
           vcpu0-16518   [024] d....  1667.911610: clockevents_program_event: seting clock event using lapic_next_deadline+0x0/0x50 with delta 892504           vcpu0-16518   [024] d.h..  1667.912504: local_apic_timer_interrupt: ffffffffa3a3e860 hrtimer_interrupt+0x0/0x380
           vcpu0-16518   [024] dNh..  1667.912509: clockevents_program_event: seting clock event using lapic_next_deadline+0x0/0x50 with delta 993756           vcpu0-16518   [024] d....  1667.912513: sched_switch: prev_comm=vcpu0 prev_pid=16518 prev_prio=120 prev_state=R ==> next_comm=tsc_read_cpu_24 next_pid=27662 next_prio=110
 tsc_read_cpu_24-27662   [024] d....  1667.912561: sched_switch: prev_comm=tsc_read_cpu_24 prev_pid=27662 prev_prio=98 prev_state=S ==> next_comm=vcpu0 next_pid=16518 next_prio=120
           vcpu0-16518   [024] dn...  1667.912566: clockevents_program_event: seting clock event using lapic_next_deadline+0x0/0x50 with delta 255618059           vcpu0-16518   [024] d....  1667.912569: sched_switch: prev_comm=vcpu0 prev_pid=16518 prev_prio=120 prev_state=R ==> next_comm=tsc_read_cpu_24 next_pid=27662 next_prio=98
 tsc_read_cpu_24-27662   [024] dN...  1667.912579: clockevents_program_event: seting clock event using lapic_next_deadline+0x0/0x50 with delta 923530 tsc_read_cpu_24-27662   [024] d....  1667.912582: sched_switch: prev_comm=tsc_read_cpu_24 prev_pid=27662 prev_prio=110 prev_state=R ==> next_comm=vcpu0 next_pid=16518 next_prio=120
           vcpu0-16518   [024] d.h..  1667.913506: local_apic_timer_interrupt: ffffffffa3a3e860 hrtimer_interrupt+0x0/0x380
           vcpu0-16518   [024] d.h..  1667.913509: clockevents_program_event: seting clock event using lapic_next_deadline+0x0/0x50 with delta 993217           vcpu0-16518   [024] d.h..  1667.914505: local_apic_timer_interrupt: ffffffffa3a3e860 hrtimer_interrupt+0x0/0x380
           vcpu0-16518   [024] d.h..  1667.914508: clockevents_program_event: seting clock event using lapic_next_deadline+0x0/0x50 with delta 994243           vcpu0-16518   [024] d.h..  1667.915504: local_apic_timer_interrupt: ffffffffa3a3e860 hrtimer_interrupt+0x0/0x380
           vcpu0-16518   [024] d.h..  1667.915507: clockevents_program_event: seting clock event using lapic_next_deadline+0x0/0x50 with delta 995212           vcpu0-16518   [024] d.h..  1667.916504: local_apic_timer_interrupt: ffffffffa3a3e860 hrtimer_interrupt+0x0/0x380
           vcpu0-16518   [024] dNh..  1667.916508: clockevents_program_event: seting clock event using lapic_next_deadline+0x0/0x50 with delta 994177           vcpu0-16518   [024] d....  1667.916512: sched_switch: prev_comm=vcpu0 prev_pid=16518 prev_prio=120 prev_state=R ==> next_comm=tsc_read_cpu_24 next_pid=27662 next_prio=110
 tsc_read_cpu_24-27662   [024] d....  1667.916567: sched_switch: prev_comm=tsc_read_cpu_24 prev_pid=27662 prev_prio=110 prev_state=X ==> next_comm=vcpu0 next_pid=16518 next_prio=120
           vcpu0-16518   [024] d....  1667.916571: clockevents_program_event: seting clock event using lapic_next_deadline+0x0/0x50 with delta 251612230           vcpu0-16518   [024] d.h..  1667.916626: __flush_smp_call_function_queue: executing ttwu callback from: '13' to: '24' 0x3
           vcpu0-16518   [024] d....  1667.916631: clockevents_program_event: seting clock event using lapic_next_deadline+0x0/0x50 with delta 870871           vcpu0-16518   [024] d.h..  1667.917504: local_apic_timer_interrupt: ffffffffa3a3e860 hrtimer_interrupt+0x0/0x380
           vcpu0-16518   [024] d.h..  1667.917507: clockevents_program_event: seting clock event using lapic_next_deadline+0x0/0x50 with delta 994910           vcpu0-16518   [024] d.h..  1667.918504: local_apic_timer_interrupt: ffffffffa3a3e860 hrtimer_interrupt+0x0/0x380
           vcpu0-16518   [024] d.h..  1667.918506: clockevents_program_event: seting clock event using lapic_next_deadline+0x0/0x50 with delta 996000           vcpu0-16518   [024] d.h..  1667.919504: local_apic_timer_interrupt: ffffffffa3a3e860 hrtimer_interrupt+0x0/0x380
           vcpu0-16518   [024] d.h..  1667.919506: clockevents_program_event: seting clock event using lapic_next_deadline+0x0/0x50 with delta 995989           vcpu0-16518   [024] d.h..  1667.920504: local_apic_timer_interrupt: ffffffffa3a3e860 hrtimer_interrupt+0x0/0x380
           vcpu0-16518   [024] dNh..  1667.920506: clockevents_program_event: seting clock event using lapic_next_deadline+0x0/0x50 with delta 995980           vcpu0-16518   [024] d....  1667.920510: sched_switch: prev_comm=vcpu0 prev_pid=16518 prev_prio=120 prev_state=R ==> next_comm=tsc_read_cpu_24 next_pid=27664 next_prio=110
 tsc_read_cpu_24-27664   [024] d....  1667.920527: sched_switch: prev_comm=tsc_read_cpu_24 prev_pid=27664 prev_prio=98 prev_state=S ==> next_comm=vcpu0 next_pid=16518 next_prio=120
           vcpu0-16518   [024] dn...  1667.920558: clockevents_program_event: seting clock event using lapic_next_deadline+0x0/0x50 with delta 247651414           vcpu0-16518   [024] d....  1667.920561: sched_switch: prev_comm=vcpu0 prev_pid=16518 prev_prio=120 prev_state=R ==> next_comm=tsc_read_cpu_24 next_pid=27664 next_prio=98
 tsc_read_cpu_24-27664   [024] dN...  1667.920571: clockevents_program_event: seting clock event using lapic_next_deadline+0x0/0x50 with delta 932205 tsc_read_cpu_24-27664   [024] d....  1667.920573: sched_switch: prev_comm=tsc_read_cpu_24 prev_pid=27664 prev_prio=110 prev_state=R ==> next_comm=vcpu0 next_pid=16518 next_prio=120
           vcpu0-16518   [024] d.h..  1667.921506: local_apic_timer_interrupt: ffffffffa3a3e860 hrtimer_interrupt+0x0/0x380
           vcpu0-16518   [024] d.h..  1667.921509: clockevents_program_event: seting clock event using lapic_next_deadline+0x0/0x50 with delta 992880           vcpu0-16518   [024] d.h..  1667.922504: local_apic_timer_interrupt: ffffffffa3a3e860 hrtimer_interrupt+0x0/0x380
           vcpu0-16518   [024] d.h..  1667.922507: clockevents_program_event: seting clock event using lapic_next_deadline+0x0/0x50 with delta 995521           vcpu0-16518   [024] d.h..  1667.923504: local_apic_timer_interrupt: ffffffffa3a3e860 hrtimer_interrupt+0x0/0x380
           vcpu0-16518   [024] d.h..  1667.923506: clockevents_program_event: seting clock event using lapic_next_deadline+0x0/0x50 with delta 995789           vcpu0-16518   [024] d.h..  1667.924531: local_apic_timer_interrupt: ffffffffa3a3e860 hrtimer_interrupt+0x0/0x380
           vcpu0-16518   [024] dNh..  1667.924534: clockevents_program_event: seting clock event using lapic_next_deadline+0x0/0x50 with delta 968082           vcpu0-16518   [024] d....  1667.924539: sched_switch: prev_comm=vcpu0 prev_pid=16518 prev_prio=120 prev_state=R ==> next_comm=tsc_read_cpu_24 next_pid=27664 next_prio=110
 tsc_read_cpu_24-27664   [024] d....  1667.924564: sched_switch: prev_comm=tsc_read_cpu_24 prev_pid=27664 prev_prio=110 prev_state=X ==> next_comm=vcpu0 next_pid=16518 next_prio=120
           vcpu0-16518   [024] d....  1667.924568: clockevents_program_event: seting clock event using lapic_next_deadline+0x0/0x50 with delta 243615254           vcpu0-16518   [024] dnh..  1668.086286: __flush_smp_call_function_queue: executing irq work callback from: '0' to: '24' nohz_full_kick_func+0x0/0x10
           vcpu0-16518   [024] dn...  1668.086290: clockevents_program_event: seting clock event using lapic_next_deadline+0x0/0x50 with delta 212881           vcpu0-16518   [024] d....  1668.086312: sched_switch: prev_comm=vcpu0 prev_pid=16518 prev_prio=120 prev_state=R ==> next_comm=kworker/24:1 next_pid=358 next_prio=120
    kworker/24:1-358     [024] d....  1668.086333: sched_switch: prev_comm=kworker/24:1 prev_pid=358 prev_prio=120 prev_state=I ==> next_comm=vcpu0 next_pid=16518 next_prio=120
           vcpu0-16518   [024] d.h..  1668.086505: local_apic_timer_interrupt: ffffffffa3a3e860 hrtimer_interrupt+0x0/0x380
           vcpu0-16518   [024] d.h..  1668.086509: clockevents_program_event: seting clock event using lapic_next_deadline+0x0/0x50 with delta 993374           vcpu0-16518   [024] d.s..  1668.086513: clockevents_program_event: seting clock event using lapic_next_deadline+0x0/0x50 with delta 81670438           vcpu0-16518   [024] d.h..  1668.168187: local_apic_timer_interrupt: ffffffffa3a3e860 hrtimer_interrupt+0x0/0x380
           vcpu0-16518   [024] d.h..  1668.168189: clockevents_program_event: seting clock event using lapic_next_deadline+0x0/0x50 with delta 150063462           vcpu0-16518   [024] d....  1668.168240: clockevents_program_event: seting clock event using lapic_next_deadline+0x0/0x50 with delta 943467           vcpu0-16518   [024] d....  1668.168258: clockevents_program_event: seting clock event using lapic_next_deadline+0x0/0x50 with delta 149994049           vcpu0-16518   [024] d.h..  1668.318257: local_apic_timer_interrupt: ffffffffa3a3e860 hrtimer_interrupt+0x0/0x380
           vcpu0-16518   [024] d.h..  1668.318262: clockevents_program_event: seting clock event using lapic_next_deadline+0x0/0x50 with delta 353921716           vcpu0-16518   [024] dNs..  1668.318271: clockevents_program_event: seting clock event using lapic_next_deadline+0x0/0x50 with delta 353912897           vcpu0-16518   [024] dNs..  1668.318272: clockevents_program_event: seting clock event using lapic_next_deadline+0x0/0x50 with delta 230515           vcpu0-16518   [024] dNH..  1668.318274: local_apic_timer_interrupt: ffffffffa3a3e860 hrtimer_interrupt+0x0/0x380
           vcpu0-16518   [024] dNH..  1668.318275: clockevents_program_event: seting clock event using lapic_next_deadline+0x0/0x50 with delta 227480           vcpu0-16518   [024] d....  1668.318278: sched_switch: prev_comm=vcpu0 prev_pid=16518 prev_prio=120 prev_state=R ==> next_comm=kcompactd0 next_pid=316 next_prio=120
      kcompactd0-316     [024] d....  1668.318309: sched_switch: prev_comm=kcompactd0 prev_pid=316 prev_prio=120 prev_state=S ==> next_comm=vcpu0 next_pid=16518 next_prio=120
           vcpu0-16518   [024] d.h..  1668.318505: local_apic_timer_interrupt: ffffffffa3a3e860 hrtimer_interrupt+0x0/0x380
           vcpu0-16518   [024] d.h..  1668.318509: clockevents_program_event: seting clock event using lapic_next_deadline+0x0/0x50 with delta 993523           vcpu0-16518   [024] d....  1668.318511: clockevents_program_event: seting clock event using lapic_next_deadline+0x0/0x50 with delta 353671911           vcpu0-16518   [024] d.h..  1668.672187: local_apic_timer_interrupt: ffffffffa3a3e860 hrtimer_interrupt+0x0/0x380
           vcpu0-16518   [024] d.h..  1668.672189: clockevents_program_event: seting clock event using lapic_next_deadline+0x0/0x50 with delta 150063115           vcpu0-16518   [024] d....  1668.672236: clockevents_program_event: seting clock event using lapic_next_deadline+0x0/0x50 with delta 947504           vcpu0-16518   [024] d....  1668.672251: clockevents_program_event: seting clock event using lapic_next_deadline+0x0/0x50 with delta 150000979           vcpu0-16518   [024] d.h..  1668.822257: local_apic_timer_interrupt: ffffffffa3a3e860 hrtimer_interrupt+0x0/0x380
           vcpu0-16518   [024] d.h..  1668.822261: clockevents_program_event: seting clock event using lapic_next_deadline+0x0/0x50 with delta 353921655           vcpu0-16518   [024] dNs..  1668.822269: clockevents_program_event: seting clock event using lapic_next_deadline+0x0/0x50 with delta 353913567           vcpu0-16518   [024] dNs..  1668.822270: clockevents_program_event: seting clock event using lapic_next_deadline+0x0/0x50 with delta 231430           vcpu0-16518   [024] dNH..  1668.822273: local_apic_timer_interrupt: ffffffffa3a3e860 hrtimer_interrupt+0x0/0x380
           vcpu0-16518   [024] dNH..  1668.822274: clockevents_program_event: seting clock event using lapic_next_deadline+0x0/0x50 with delta 227444           vcpu0-16518   [024] d....  1668.822279: sched_switch: prev_comm=vcpu0 prev_pid=16518 prev_prio=120 prev_state=R ==> next_comm=kcompactd0 next_pid=316 next_prio=120
      kcompactd0-316     [024] d....  1668.822284: sched_switch: prev_comm=kcompactd0 prev_pid=316 prev_prio=120 prev_state=S ==> next_comm=vcpu0 next_pid=16518 next_prio=120
           vcpu0-16518   [024] d.h..  1668.822504: local_apic_timer_interrupt: ffffffffa3a3e860 hrtimer_interrupt+0x0/0x380
           vcpu0-16518   [024] d.h..  1668.822508: clockevents_program_event: seting clock event using lapic_next_deadline+0x0/0x50 with delta 994291           vcpu0-16518   [024] d....  1668.822510: clockevents_program_event: seting clock event using lapic_next_deadline+0x0/0x50 with delta 353673419           vcpu0-16518   [024] d.h..  1669.176186: local_apic_timer_interrupt: ffffffffa3a3e860 hrtimer_interrupt+0x0/0x380
           vcpu0-16518   [024] d.h..  1669.176188: clockevents_program_event: seting clock event using lapic_next_deadline+0x0/0x50 with delta 150063359           vcpu0-16518   [024] d....  1669.176241: clockevents_program_event: seting clock event using lapic_next_deadline+0x0/0x50 with delta 942623           vcpu0-16518   [024] d....  1669.176255: clockevents_program_event: seting clock event using lapic_next_deadline+0x0/0x50 with delta 149997382           vcpu0-16518   [024] d.h..  1669.326257: local_apic_timer_interrupt: ffffffffa3a3e860 hrtimer_interrupt+0x0/0x380
           vcpu0-16518   [024] d.h..  1669.326261: clockevents_program_event: seting clock event using lapic_next_deadline+0x0/0x50 with delta 353921811           vcpu0-16518   [024] dNs..  1669.326269: clockevents_program_event: seting clock event using lapic_next_deadline+0x0/0x50 with delta 353914046           vcpu0-16518   [024] dNs..  1669.326269: clockevents_program_event: seting clock event using lapic_next_deadline+0x0/0x50 with delta 232210           vcpu0-16518   [024] dNH..  1669.326272: local_apic_timer_interrupt: ffffffffa3a3e860 hrtimer_interrupt+0x0/0x380
           vcpu0-16518   [024] dNH..  1669.326273: clockevents_program_event: seting clock event using lapic_next_deadline+0x0/0x50 with delta 229028           vcpu0-16518   [024] d....  1669.326279: sched_switch: prev_comm=vcpu0 prev_pid=16518 prev_prio=120 prev_state=R ==> next_comm=kcompactd0 next_pid=316 next_prio=120
      kcompactd0-316     [024] d....  1669.326300: sched_switch: prev_comm=kcompactd0 prev_pid=316 prev_prio=120 prev_state=S ==> next_comm=kworker/24:1 next_pid=358 next_prio=120
    kworker/24:1-358     [024] d....  1669.326316: sched_switch: prev_comm=kworker/24:1 prev_pid=358 prev_prio=120 prev_state=I ==> next_comm=vcpu0 next_pid=16518 next_prio=120
           vcpu0-16518   [024] d.h..  1669.326505: local_apic_timer_interrupt: ffffffffa3a3e860 hrtimer_interrupt+0x0/0x380
           vcpu0-16518   [024] d.h..  1669.326508: clockevents_program_event: seting clock event using lapic_next_deadline+0x0/0x50 with delta 993678           vcpu0-16518   [024] d....  1669.326509: clockevents_program_event: seting clock event using lapic_next_deadline+0x0/0x50 with delta 353673354           vcpu0-16518   [024] d.h..  1669.680186: local_apic_timer_interrupt: ffffffffa3a3e860 hrtimer_interrupt+0x0/0x380
           vcpu0-16518   [024] d.h..  1669.680188: clockevents_program_event: seting clock event using lapic_next_deadline+0x0/0x50 with delta 150064056           vcpu0-16518   [024] d....  1669.680239: clockevents_program_event: seting clock event using lapic_next_deadline+0x0/0x50 with delta 943895           vcpu0-16518   [024] d....  1669.680259: clockevents_program_event: seting clock event using lapic_next_deadline+0x0/0x50 with delta 149993905           vcpu0-16518   [024] d.h..  1669.830257: local_apic_timer_interrupt: ffffffffa3a3e860 hrtimer_interrupt+0x0/0x380
           vcpu0-16518   [024] d.h..  1669.830262: clockevents_program_event: seting clock event using lapic_next_deadline+0x0/0x50 with delta 353920763           vcpu0-16518   [024] dNs..  1669.830270: clockevents_program_event: seting clock event using lapic_next_deadline+0x0/0x50 with delta 353913019           vcpu0-16518   [024] dNs..  1669.830271: clockevents_program_event: seting clock event using lapic_next_deadline+0x0/0x50 with delta 230835           vcpu0-16518   [024] dNH..  1669.830273: local_apic_timer_interrupt: ffffffffa3a3e860 hrtimer_interrupt+0x0/0x380
           vcpu0-16518   [024] dNH..  1669.830274: clockevents_program_event: seting clock event using lapic_next_deadline+0x0/0x50 with delta 227528           vcpu0-16518   [024] d....  1669.830278: sched_switch: prev_comm=vcpu0 prev_pid=16518 prev_prio=120 prev_state=R ==> next_comm=kcompactd0 next_pid=316 next_prio=120
      kcompactd0-316     [024] d....  1669.830284: sched_switch: prev_comm=kcompactd0 prev_pid=316 prev_prio=120 prev_state=S ==> next_comm=vcpu0 next_pid=16518 next_prio=120
           vcpu0-16518   [024] d.h..  1669.830504: local_apic_timer_interrupt: ffffffffa3a3e860 hrtimer_interrupt+0x0/0x380
           vcpu0-16518   [024] d.h..  1669.830507: clockevents_program_event: seting clock event using lapic_next_deadline+0x0/0x50 with delta 994493           vcpu0-16518   [024] d....  1669.830508: clockevents_program_event: seting clock event using lapic_next_deadline+0x0/0x50 with delta 47743410           vcpu0-16518   [024] d.h..  1669.878254: local_apic_timer_interrupt: ffffffffa3a3e860 hrtimer_interrupt+0x0/0x380
           vcpu0-16518   [024] d.h..  1669.878258: clockevents_program_event: seting clock event using lapic_next_deadline+0x0/0x50 with delta 305924343           vcpu0-16518   [024] d.H..  1669.878263: local_apic_timer_interrupt: ffffffffa3a3e860 hrtimer_interrupt+0x0/0x380
           vcpu0-16518   [024] d.H..  1669.878264: clockevents_program_event: seting clock event using lapic_next_deadline+0x0/0x50 with delta 305918363           vcpu0-16518   [024] d.h..  1670.184186: local_apic_timer_interrupt: ffffffffa3a3e860 hrtimer_interrupt+0x0/0x380
           vcpu0-16518   [024] d.h..  1670.184188: clockevents_program_event: seting clock event using lapic_next_deadline+0x0/0x50 with delta 150063351           vcpu0-16518   [024] d....  1670.184234: clockevents_program_event: seting clock event using lapic_next_deadline+0x0/0x50 with delta 948735           vcpu0-16518   [024] d....  1670.184262: clockevents_program_event: seting clock event using lapic_next_deadline+0x0/0x50 with delta 149989689           vcpu0-16518   [024] d.h..  1670.334256: local_apic_timer_interrupt: ffffffffa3a3e860 hrtimer_interrupt+0x0/0x380
           vcpu0-16518   [024] d.h..  1670.334260: clockevents_program_event: seting clock event using lapic_next_deadline+0x0/0x50 with delta 353922075           vcpu0-16518   [024] dNs..  1670.334268: clockevents_program_event: seting clock event using lapic_next_deadline+0x0/0x50 with delta 353914740           vcpu0-16518   [024] dNs..  1670.334269: clockevents_program_event: seting clock event using lapic_next_deadline+0x0/0x50 with delta 232670           vcpu0-16518   [024] dNH..  1670.334271: local_apic_timer_interrupt: ffffffffa3a3e860 hrtimer_interrupt+0x0/0x380
           vcpu0-16518   [024] dNH..  1670.334273: clockevents_program_event: seting clock event using lapic_next_deadline+0x0/0x50 with delta 229037           vcpu0-16518   [024] d....  1670.334277: sched_switch: prev_comm=vcpu0 prev_pid=16518 prev_prio=120 prev_state=R ==> next_comm=kcompactd0 next_pid=316 next_prio=120
      kcompactd0-316     [024] d....  1670.334283: sched_switch: prev_comm=kcompactd0 prev_pid=316 prev_prio=120 prev_state=S ==> next_comm=vcpu0 next_pid=16518 next_prio=120
           vcpu0-16518   [024] d.h..  1670.334505: local_apic_timer_interrupt: ffffffffa3a3e860 hrtimer_interrupt+0x0/0x380
           vcpu0-16518   [024] d.h..  1670.334508: clockevents_program_event: seting clock event using lapic_next_deadline+0x0/0x50 with delta 993384           vcpu0-16518   [024] d....  1670.334509: clockevents_program_event: seting clock event using lapic_next_deadline+0x0/0x50 with delta 353673212           vcpu0-16518   [024] d.h..  1670.688190: local_apic_timer_interrupt: ffffffffa3a3e860 hrtimer_interrupt+0x0/0x380
           vcpu0-16518   [024] d.h..  1670.688192: clockevents_program_event: seting clock event using lapic_next_deadline+0x0/0x50 with delta 150059658           vcpu0-16518   [024] d....  1670.688235: clockevents_program_event: seting clock event using lapic_next_deadline+0x0/0x50 with delta 947291           vcpu0-16518   [024] d....  1670.688260: clockevents_program_event: seting clock event using lapic_next_deadline+0x0/0x50 with delta 149990971           vcpu0-16518   [024] d.h..  1670.838256: local_apic_timer_interrupt: ffffffffa3a3e860 hrtimer_interrupt+0x0/0x380
           vcpu0-16518   [024] d.h..  1670.838260: clockevents_program_event: seting clock event using lapic_next_deadline+0x0/0x50 with delta 353921914           vcpu0-16518   [024] dNs..  1670.838267: clockevents_program_event: seting clock event using lapic_next_deadline+0x0/0x50 with delta 353914730           vcpu0-16518   [024] dNs..  1670.838268: clockevents_program_event: seting clock event using lapic_next_deadline+0x0/0x50 with delta 232834           vcpu0-16518   [024] dNH..  1670.838271: local_apic_timer_interrupt: ffffffffa3a3e860 hrtimer_interrupt+0x0/0x380
           vcpu0-16518   [024] dNH..  1670.838272: clockevents_program_event: seting clock event using lapic_next_deadline+0x0/0x50 with delta 229338           vcpu0-16518   [024] d....  1670.838276: sched_switch: prev_comm=vcpu0 prev_pid=16518 prev_prio=120 prev_state=R ==> next_comm=kcompactd0 next_pid=316 next_prio=120
      kcompactd0-316     [024] d....  1670.838281: sched_switch: prev_comm=kcompactd0 prev_pid=316 prev_prio=120 prev_state=S ==> next_comm=vcpu0 next_pid=16518 next_prio=120
           vcpu0-16518   [024] d.h..  1670.838504: local_apic_timer_interrupt: ffffffffa3a3e860 hrtimer_interrupt+0x0/0x380
           vcpu0-16518   [024] d.h..  1670.838506: clockevents_program_event: seting clock event using lapic_next_deadline+0x0/0x50 with delta 994996           vcpu0-16518   [024] d.s..  1670.838508: clockevents_program_event: seting clock event using lapic_next_deadline+0x0/0x50 with delta 353673743           vcpu0-16518   [024] d.h..  1671.192185: local_apic_timer_interrupt: ffffffffa3a3e860 hrtimer_interrupt+0x0/0x380
           vcpu0-16518   [024] d.h..  1671.192187: clockevents_program_event: seting clock event using lapic_next_deadline+0x0/0x50 with delta 150063846           vcpu0-16518   [024] d....  1671.192238: clockevents_program_event: seting clock event using lapic_next_deadline+0x0/0x50 with delta 952546           vcpu0-16518   [024] d....  1671.192251: clockevents_program_event: seting clock event using lapic_next_deadline+0x0/0x50 with delta 149999876           vcpu0-16518   [024] d.h..  1671.342255: local_apic_timer_interrupt: ffffffffa3a3e860 hrtimer_interrupt+0x0/0x380
           vcpu0-16518   [024] d.h..  1671.342260: clockevents_program_event: seting clock event using lapic_next_deadline+0x0/0x50 with delta 353922021           vcpu0-16518   [024] dNs..  1671.342267: clockevents_program_event: seting clock event using lapic_next_deadline+0x0/0x50 with delta 353914515           vcpu0-16518   [024] dNs..  1671.342268: clockevents_program_event: seting clock event using lapic_next_deadline+0x0/0x50 with delta 232699           vcpu0-16518   [024] dNH..  1671.342271: local_apic_timer_interrupt: ffffffffa3a3e860 hrtimer_interrupt+0x0/0x380
           vcpu0-16518   [024] dNH..  1671.342272: clockevents_program_event: seting clock event using lapic_next_deadline+0x0/0x50 with delta 228833           vcpu0-16518   [024] d....  1671.342276: sched_switch: prev_comm=vcpu0 prev_pid=16518 prev_prio=120 prev_state=R ==> next_comm=kcompactd0 next_pid=316 next_prio=120
      kcompactd0-316     [024] d....  1671.342281: sched_switch: prev_comm=kcompactd0 prev_pid=316 prev_prio=120 prev_state=S ==> next_comm=vcpu0 next_pid=16518 next_prio=120
           vcpu0-16518   [024] d.h..  1671.342503: local_apic_timer_interrupt: ffffffffa3a3e860 hrtimer_interrupt+0x0/0x380
           vcpu0-16518   [024] d.h..  1671.342506: clockevents_program_event: seting clock event using lapic_next_deadline+0x0/0x50 with delta 994950           vcpu0-16518   [024] d.s..  1671.342508: clockevents_program_event: seting clock event using lapic_next_deadline+0x0/0x50 with delta 353673355           vcpu0-16518   [024] d.h..  1671.696185: local_apic_timer_interrupt: ffffffffa3a3e860 hrtimer_interrupt+0x0/0x380
           vcpu0-16518   [024] d.h..  1671.696187: clockevents_program_event: seting clock event using lapic_next_deadline+0x0/0x50 with delta 150063784           vcpu0-16518   [024] d....  1671.696237: clockevents_program_event: seting clock event using lapic_next_deadline+0x0/0x50 with delta 944627           vcpu0-16518   [024] d....  1671.696252: clockevents_program_event: seting clock event using lapic_next_deadline+0x0/0x50 with delta 149999356           vcpu0-16518   [024] d.h..  1671.846256: local_apic_timer_interrupt: ffffffffa3a3e860 hrtimer_interrupt+0x0/0x380
           vcpu0-16518   [024] d.h..  1671.846264: clockevents_program_event: seting clock event using lapic_next_deadline+0x0/0x50 with delta 353917918           vcpu0-16518   [024] dNs..  1671.846272: clockevents_program_event: seting clock event using lapic_next_deadline+0x0/0x50 with delta 353909334           vcpu0-16518   [024] dNs..  1671.846273: clockevents_program_event: seting clock event using lapic_next_deadline+0x0/0x50 with delta 227465           vcpu0-16518   [024] dNH..  1671.846276: local_apic_timer_interrupt: ffffffffa3a3e860 hrtimer_interrupt+0x0/0x380
           vcpu0-16518   [024] dNH..  1671.846277: clockevents_program_event: seting clock event using lapic_next_deadline+0x0/0x50 with delta 223572           vcpu0-16518   [024] d....  1671.846282: sched_switch: prev_comm=vcpu0 prev_pid=16518 prev_prio=120 prev_state=R ==> next_comm=kcompactd0 next_pid=316 next_prio=120
      kcompactd0-316     [024] d....  1671.846313: sched_switch: prev_comm=kcompactd0 prev_pid=316 prev_prio=120 prev_state=S ==> next_comm=vcpu0 next_pid=16518 next_prio=120
           vcpu0-16518   [024] d.h..  1671.846504: local_apic_timer_interrupt: ffffffffa3a3e860 hrtimer_interrupt+0x0/0x380
           vcpu0-16518   [024] d.h..  1671.846506: clockevents_program_event: seting clock event using lapic_next_deadline+0x0/0x50 with delta 994420           vcpu0-16518   [024] d....  1671.846508: clockevents_program_event: seting clock event using lapic_next_deadline+0x0/0x50 with delta 353674070           vcpu0-16518   [024] d.h..  1672.200185: local_apic_timer_interrupt: ffffffffa3a3e860 hrtimer_interrupt+0x0/0x380
           vcpu0-16518   [024] d.h..  1672.200187: clockevents_program_event: seting clock event using lapic_next_deadline+0x0/0x50 with delta 150064046           vcpu0-16518   [024] d....  1672.200242: clockevents_program_event: seting clock event using lapic_next_deadline+0x0/0x50 with delta 967625           vcpu0-16518   [024] d....  1672.200257: clockevents_program_event: seting clock event using lapic_next_deadline+0x0/0x50 with delta 149994176           vcpu0-16518   [024] d.h..  1672.350255: local_apic_timer_interrupt: ffffffffa3a3e860 hrtimer_interrupt+0x0/0x380
           vcpu0-16518   [024] d.h..  1672.350259: clockevents_program_event: seting clock event using lapic_next_deadline+0x0/0x50 with delta 353922456           vcpu0-16518   [024] dNs..  1672.350268: clockevents_program_event: seting clock event using lapic_next_deadline+0x0/0x50 with delta 353913696           vcpu0-16518   [024] dNs..  1672.350270: clockevents_program_event: seting clock event using lapic_next_deadline+0x0/0x50 with delta 230953           vcpu0-16518   [024] dNH..  1672.350272: local_apic_timer_interrupt: ffffffffa3a3e860 hrtimer_interrupt+0x0/0x380
           vcpu0-16518   [024] dNH..  1672.350273: clockevents_program_event: seting clock event using lapic_next_deadline+0x0/0x50 with delta 227543           vcpu0-16518   [024] d....  1672.350278: sched_switch: prev_comm=vcpu0 prev_pid=16518 prev_prio=120 prev_state=R ==> next_comm=kcompactd0 next_pid=316 next_prio=120
      kcompactd0-316     [024] d....  1672.350283: sched_switch: prev_comm=kcompactd0 prev_pid=316 prev_prio=120 prev_state=S ==> next_comm=kworker/24:1 next_pid=358 next_prio=120
    kworker/24:1-358     [024] d....  1672.350318: sched_switch: prev_comm=kworker/24:1 prev_pid=358 prev_prio=120 prev_state=I ==> next_comm=vcpu0 next_pid=16518 next_prio=120
           vcpu0-16518   [024] d.h..  1672.350503: local_apic_timer_interrupt: ffffffffa3a3e860 hrtimer_interrupt+0x0/0x380
           vcpu0-16518   [024] d.h..  1672.350507: clockevents_program_event: seting clock event using lapic_next_deadline+0x0/0x50 with delta 994112           vcpu0-16518   [024] d....  1672.350508: clockevents_program_event: seting clock event using lapic_next_deadline+0x0/0x50 with delta 353673529           vcpu0-16518   [024] d.h..  1672.704190: local_apic_timer_interrupt: ffffffffa3a3e860 hrtimer_interrupt+0x0/0x380
           vcpu0-16518   [024] d.h..  1672.704192: clockevents_program_event: seting clock event using lapic_next_deadline+0x0/0x50 with delta 150058863           vcpu0-16518   [024] d....  1672.704248: clockevents_program_event: seting clock event using lapic_next_deadline+0x0/0x50 with delta 933378           vcpu0-16518   [024] d....  1672.704265: clockevents_program_event: seting clock event using lapic_next_deadline+0x0/0x50 with delta 149986061           vcpu0-16518   [024] d.h..  1672.854255: local_apic_timer_interrupt: ffffffffa3a3e860 hrtimer_interrupt+0x0/0x380
           vcpu0-16518   [024] d.h..  1672.854259: clockevents_program_event: seting clock event using lapic_next_deadline+0x0/0x50 with delta 353922665           vcpu0-16518   [024] dNs..  1672.854266: clockevents_program_event: seting clock event using lapic_next_deadline+0x0/0x50 with delta 353915040           vcpu0-16518   [024] dNs..  1672.854267: clockevents_program_event: seting clock event using lapic_next_deadline+0x0/0x50 with delta 233247           vcpu0-16518   [024] dNH..  1672.854270: local_apic_timer_interrupt: ffffffffa3a3e860 hrtimer_interrupt+0x0/0x380
           vcpu0-16518   [024] dNH..  1672.854272: clockevents_program_event: seting clock event using lapic_next_deadline+0x0/0x50 with delta 228655           vcpu0-16518   [024] d....  1672.854276: sched_switch: prev_comm=vcpu0 prev_pid=16518 prev_prio=120 prev_state=R ==> next_comm=kcompactd0 next_pid=316 next_prio=120
      kcompactd0-316     [024] d....  1672.854281: sched_switch: prev_comm=kcompactd0 prev_pid=316 prev_prio=120 prev_state=S ==> next_comm=vcpu0 next_pid=16518 next_prio=120
           vcpu0-16518   [024] d.h..  1672.854503: local_apic_timer_interrupt: ffffffffa3a3e860 hrtimer_interrupt+0x0/0x380
           vcpu0-16518   [024] d.h..  1672.854506: clockevents_program_event: seting clock event using lapic_next_deadline+0x0/0x50 with delta 994661           vcpu0-16518   [024] d....  1672.854507: clockevents_program_event: seting clock event using lapic_next_deadline+0x0/0x50 with delta 353674298           vcpu0-16518   [024] d.h..  1673.208184: local_apic_timer_interrupt: ffffffffa3a3e860 hrtimer_interrupt+0x0/0x380
           vcpu0-16518   [024] d.h..  1673.208186: clockevents_program_event: seting clock event using lapic_next_deadline+0x0/0x50 with delta 150063881           vcpu0-16518   [024] d....  1673.208241: clockevents_program_event: seting clock event using lapic_next_deadline+0x0/0x50 with delta 967662           vcpu0-16518   [024] d....  1673.208256: clockevents_program_event: seting clock event using lapic_next_deadline+0x0/0x50 with delta 149994404           vcpu0-16518   [024] d.h..  1673.358254: local_apic_timer_interrupt: ffffffffa3a3e860 hrtimer_interrupt+0x0/0x380
           vcpu0-16518   [024] d.h..  1673.358259: clockevents_program_event: seting clock event using lapic_next_deadline+0x0/0x50 with delta 353922497           vcpu0-16518   [024] dNs..  1673.358265: clockevents_program_event: seting clock event using lapic_next_deadline+0x0/0x50 with delta 353915690           vcpu0-16518   [024] dNs..  1673.358266: clockevents_program_event: seting clock event using lapic_next_deadline+0x0/0x50 with delta 233674           vcpu0-16518   [024] dNH..  1673.358269: local_apic_timer_interrupt: ffffffffa3a3e860 hrtimer_interrupt+0x0/0x380
           vcpu0-16518   [024] dNH..  1673.358270: clockevents_program_event: seting clock event using lapic_next_deadline+0x0/0x50 with delta 230178           vcpu0-16518   [024] d....  1673.358274: sched_switch: prev_comm=vcpu0 prev_pid=16518 prev_prio=120 prev_state=R ==> next_comm=kcompactd0 next_pid=316 next_prio=120
      kcompactd0-316     [024] d....  1673.358279: sched_switch: prev_comm=kcompactd0 prev_pid=316 prev_prio=120 prev_state=S ==> next_comm=vcpu0 next_pid=16518 next_prio=120
           vcpu0-16518   [024] d.h..  1673.358502: local_apic_timer_interrupt: ffffffffa3a3e860 hrtimer_interrupt+0x0/0x380
           vcpu0-16518   [024] d.h..  1673.358505: clockevents_program_event: seting clock event using lapic_next_deadline+0x0/0x50 with delta 995456           vcpu0-16518   [024] d....  1673.358506: clockevents_program_event: seting clock event using lapic_next_deadline+0x0/0x50 with delta 353675253           vcpu0-16518   [024] d.h..  1673.712184: local_apic_timer_interrupt: ffffffffa3a3e860 hrtimer_interrupt+0x0/0x380
           vcpu0-16518   [024] d.h..  1673.712186: clockevents_program_event: seting clock event using lapic_next_deadline+0x0/0x50 with delta 150063954           vcpu0-16518   [024] d....  1673.712213: clockevents_program_event: seting clock event using lapic_next_deadline+0x0/0x50 with delta 967965           vcpu0-16518   [024] d....  1673.712243: clockevents_program_event: seting clock event using lapic_next_deadline+0x0/0x50 with delta 150007219           vcpu0-16518   [024] d.h..  1673.862266: local_apic_timer_interrupt: ffffffffa3a3e860 hrtimer_interrupt+0x0/0x380
