      kcompactd0-316     [024] d....  1727.790261: sched_switch: prev_comm=kcompactd0 prev_pid=316 prev_prio=120 prev_state=S ==> next_comm=vcpu0 next_pid=16518 next_prio=120
           vcpu0-16518   [024] d.h..  1727.790483: local_apic_timer_interrupt: ffffffffa3a3e860 hrtimer_interrupt+0x0/0x380
           vcpu0-16518   [024] d.h..  1727.790485: clockevents_program_event: seting clock event using lapic_next_deadline+0x0/0x50 with delta 995291           vcpu0-16518   [024] d....  1727.790486: clockevents_program_event: seting clock event using lapic_next_deadline+0x0/0x50 with delta 353674582           vcpu0-16518   [024] d.h..  1727.864291: __flush_smp_call_function_queue: executing non-sync callback from: '38' to: '24' cpuid_smp_cpuid+0x0/0x30
           vcpu0-16518   [024] d.h..  1727.864301: __flush_smp_call_function_queue: executing non-sync callback from: '38' to: '24' cpuid_smp_cpuid+0x0/0x30
           vcpu0-16518   [024] d.h..  1727.865178: __flush_smp_call_function_queue: executing non-sync callback from: '38' to: '24' cpuid_smp_cpuid+0x0/0x30
           vcpu0-16518   [024] d.h..  1727.865188: __flush_smp_call_function_queue: executing non-sync callback from: '38' to: '24' cpuid_smp_cpuid+0x0/0x30
           vcpu0-16518   [024] d.h..  1727.866072: __flush_smp_call_function_queue: executing non-sync callback from: '38' to: '24' cpuid_smp_cpuid+0x0/0x30
           vcpu0-16518   [024] d.h..  1727.866083: __flush_smp_call_function_queue: executing non-sync callback from: '38' to: '24' cpuid_smp_cpuid+0x0/0x30
           vcpu0-16518   [024] d.h..  1727.866735: __flush_smp_call_function_queue: executing non-sync callback from: '38' to: '24' __rdmsr_safe_on_cpu+0x0/0x70
           vcpu0-16518   [024] d.h..  1727.887080: __flush_smp_call_function_queue: executing non-sync callback from: '38' to: '24' __rdmsr_safe_on_cpu+0x0/0x70
           vcpu0-16518   [024] d.h..  1727.887681: __flush_smp_call_function_queue: executing non-sync callback from: '38' to: '24' __rdmsr_safe_on_cpu+0x0/0x70
           vcpu0-16518   [024] d.h..  1727.887688: __flush_smp_call_function_queue: executing non-sync callback from: '38' to: '24' __rdmsr_safe_on_cpu+0x0/0x70
           vcpu0-16518   [024] d.h..  1727.887694: __flush_smp_call_function_queue: executing non-sync callback from: '38' to: '24' __rdmsr_safe_on_cpu+0x0/0x70
           vcpu0-16518   [024] d.h..  1727.908507: __flush_smp_call_function_queue: executing non-sync callback from: '38' to: '24' __rdmsr_safe_on_cpu+0x0/0x70
           vcpu0-16518   [024] d.h..  1727.908516: __flush_smp_call_function_queue: executing non-sync callback from: '38' to: '24' __rdmsr_safe_on_cpu+0x0/0x70
           vcpu0-16518   [024] d.h..  1727.908522: __flush_smp_call_function_queue: executing non-sync callback from: '38' to: '24' __rdmsr_safe_on_cpu+0x0/0x70
           vcpu0-16518   [024] d.h..  1727.910850: __flush_smp_call_function_queue: executing non-sync callback from: '38' to: '24' cpuid_smp_cpuid+0x0/0x30
           vcpu0-16518   [024] d.h..  1727.910861: __flush_smp_call_function_queue: executing non-sync callback from: '38' to: '24' __rdmsr_safe_on_cpu+0x0/0x70
           vcpu0-16518   [024] d.h..  1727.910872: __flush_smp_call_function_queue: executing non-sync callback from: '38' to: '24' __rdmsr_safe_on_cpu+0x0/0x70
           vcpu0-16518   [024] d.h..  1727.910894: __flush_smp_call_function_queue: executing non-sync callback from: '38' to: '24' __rdmsr_safe_on_cpu+0x0/0x70
           vcpu0-16518   [024] d.h..  1727.910901: __flush_smp_call_function_queue: executing non-sync callback from: '38' to: '24' __rdmsr_safe_on_cpu+0x0/0x70
           vcpu0-16518   [024] d.h..  1727.910908: __flush_smp_call_function_queue: executing non-sync callback from: '38' to: '24' __rdmsr_safe_on_cpu+0x0/0x70
           vcpu0-16518   [024] d.h..  1727.910914: __flush_smp_call_function_queue: executing non-sync callback from: '38' to: '24' __rdmsr_safe_on_cpu+0x0/0x70
           vcpu0-16518   [024] d.h..  1727.910921: __flush_smp_call_function_queue: executing non-sync callback from: '38' to: '24' __rdmsr_safe_on_cpu+0x0/0x70
           vcpu0-16518   [024] d.h..  1727.910929: __flush_smp_call_function_queue: executing non-sync callback from: '38' to: '24' __rdmsr_safe_on_cpu+0x0/0x70
           vcpu0-16518   [024] d.h..  1727.910936: __flush_smp_call_function_queue: executing non-sync callback from: '38' to: '24' __rdmsr_safe_on_cpu+0x0/0x70
           vcpu0-16518   [024] d.h..  1727.910943: __flush_smp_call_function_queue: executing non-sync callback from: '38' to: '24' __rdmsr_safe_on_cpu+0x0/0x70
           vcpu0-16518   [024] d.h..  1727.910950: __flush_smp_call_function_queue: executing non-sync callback from: '38' to: '24' __rdmsr_safe_on_cpu+0x0/0x70
           vcpu0-16518   [024] d.h..  1727.914023: __flush_smp_call_function_queue: executing non-sync callback from: '38' to: '24' __rdmsr_safe_on_cpu+0x0/0x70
           vcpu0-16518   [024] d.h..  1727.914033: __flush_smp_call_function_queue: executing non-sync callback from: '38' to: '24' __rdmsr_safe_on_cpu+0x0/0x70
           vcpu0-16518   [024] d.h..  1727.914044: __flush_smp_call_function_queue: executing non-sync callback from: '38' to: '24' __rdmsr_safe_on_cpu+0x0/0x70
           vcpu0-16518   [024] d.h..  1727.914071: __flush_smp_call_function_queue: executing non-sync callback from: '38' to: '24' cpuid_smp_cpuid+0x0/0x30
           vcpu0-16518   [024] d.h..  1727.914082: __flush_smp_call_function_queue: executing non-sync callback from: '38' to: '24' __rdmsr_safe_on_cpu+0x0/0x70
           vcpu0-16518   [024] d.h..  1727.914093: __flush_smp_call_function_queue: executing non-sync callback from: '38' to: '24' __rdmsr_safe_on_cpu+0x0/0x70
           vcpu0-16518   [024] d.h..  1727.944038: __flush_smp_call_function_queue: executing non-sync callback from: '1' to: '24' __rdmsr_safe_on_cpu+0x0/0x70
           vcpu0-16518   [024] d.h..  1727.944052: __flush_smp_call_function_queue: executing non-sync callback from: '1' to: '24' __rdmsr_safe_on_cpu+0x0/0x70
           vcpu0-16518   [024] d.h..  1727.944065: __flush_smp_call_function_queue: executing non-sync callback from: '1' to: '24' __rdmsr_safe_on_cpu+0x0/0x70
           vcpu0-16518   [024] d.h..  1727.944086: __flush_smp_call_function_queue: executing non-sync callback from: '1' to: '24' __rdmsr_safe_on_cpu+0x0/0x70
           vcpu0-16518   [024] d.h..  1727.944099: __flush_smp_call_function_queue: executing non-sync callback from: '1' to: '24' __rdmsr_safe_on_cpu+0x0/0x70
           vcpu0-16518   [024] d.h..  1727.944112: __flush_smp_call_function_queue: executing non-sync callback from: '1' to: '24' __rdmsr_safe_on_cpu+0x0/0x70
           vcpu0-16518   [024] d.h..  1727.944124: __flush_smp_call_function_queue: executing non-sync callback from: '1' to: '24' __rdmsr_safe_on_cpu+0x0/0x70
           vcpu0-16518   [024] d.h..  1727.944136: __flush_smp_call_function_queue: executing non-sync callback from: '1' to: '24' __rdmsr_safe_on_cpu+0x0/0x70
           vcpu0-16518   [024] d.h..  1727.944149: __flush_smp_call_function_queue: executing non-sync callback from: '1' to: '24' __rdmsr_safe_on_cpu+0x0/0x70
           vcpu0-16518   [024] d.h..  1727.944162: __flush_smp_call_function_queue: executing non-sync callback from: '1' to: '24' __rdmsr_safe_on_cpu+0x0/0x70
           vcpu0-16518   [024] d.h..  1727.944174: __flush_smp_call_function_queue: executing non-sync callback from: '1' to: '24' __rdmsr_safe_on_cpu+0x0/0x70
           vcpu0-16518   [024] d.h..  1727.944186: __flush_smp_call_function_queue: executing non-sync callback from: '1' to: '24' __rdmsr_safe_on_cpu+0x0/0x70
           vcpu0-16518   [024] d.h..  1727.944199: __flush_smp_call_function_queue: executing non-sync callback from: '1' to: '24' __rdmsr_safe_on_cpu+0x0/0x70
           vcpu0-16518   [024] d.h..  1727.944210: __flush_smp_call_function_queue: executing non-sync callback from: '1' to: '24' __rdmsr_safe_on_cpu+0x0/0x70
           vcpu0-16518   [024] d.h..  1727.944223: __flush_smp_call_function_queue: executing non-sync callback from: '1' to: '24' __rdmsr_safe_on_cpu+0x0/0x70
           vcpu0-16518   [024] d.h..  1727.944238: __flush_smp_call_function_queue: executing non-sync callback from: '1' to: '24' __rdmsr_safe_on_cpu+0x0/0x70
           vcpu0-16518   [024] d.h..  1727.944252: __flush_smp_call_function_queue: executing non-sync callback from: '1' to: '24' __rdmsr_safe_on_cpu+0x0/0x70
           vcpu0-16518   [024] d.h..  1727.944265: __flush_smp_call_function_queue: executing non-sync callback from: '1' to: '24' __rdmsr_safe_on_cpu+0x0/0x70
           vcpu0-16518   [024] d.h..  1727.944278: __flush_smp_call_function_queue: executing non-sync callback from: '1' to: '24' __rdmsr_safe_on_cpu+0x0/0x70
           vcpu0-16518   [024] d.h..  1727.944290: __flush_smp_call_function_queue: executing non-sync callback from: '1' to: '24' __rdmsr_safe_on_cpu+0x0/0x70
           vcpu0-16518   [024] d.h..  1727.944303: __flush_smp_call_function_queue: executing non-sync callback from: '1' to: '24' __rdmsr_safe_on_cpu+0x0/0x70
           vcpu0-16518   [024] d.h..  1727.944315: __flush_smp_call_function_queue: executing non-sync callback from: '1' to: '24' __rdmsr_safe_on_cpu+0x0/0x70
           vcpu0-16518   [024] d.h..  1727.944327: __flush_smp_call_function_queue: executing non-sync callback from: '1' to: '24' __rdmsr_safe_on_cpu+0x0/0x70
           vcpu0-16518   [024] d.h..  1727.944340: __flush_smp_call_function_queue: executing non-sync callback from: '1' to: '24' __rdmsr_safe_on_cpu+0x0/0x70
           vcpu0-16518   [024] d.h..  1727.960867: __flush_smp_call_function_queue: executing ttwu callback from: '16' to: '24' 0x1
           vcpu0-16518   [024] d....  1727.960874: clockevents_program_event: seting clock event using lapic_next_deadline+0x0/0x50 with delta 607294           vcpu0-16518   [024] d.h..  1727.961483: local_apic_timer_interrupt: ffffffffa3a3e860 hrtimer_interrupt+0x0/0x380
           vcpu0-16518   [024] dNh..  1727.961487: clockevents_program_event: seting clock event using lapic_next_deadline+0x0/0x50 with delta 994062           vcpu0-16518   [024] d....  1727.961503: sched_switch: prev_comm=vcpu0 prev_pid=16518 prev_prio=120 prev_state=R ==> next_comm=tsc_read_cpu_24 next_pid=27994 next_prio=110
 tsc_read_cpu_24-27994   [024] d....  1727.961539: sched_switch: prev_comm=tsc_read_cpu_24 prev_pid=27994 prev_prio=98 prev_state=S ==> next_comm=vcpu0 next_pid=16518 next_prio=120
           vcpu0-16518   [024] dn...  1727.961544: clockevents_program_event: seting clock event using lapic_next_deadline+0x0/0x50 with delta 182617168           vcpu0-16518   [024] d....  1727.961548: sched_switch: prev_comm=vcpu0 prev_pid=16518 prev_prio=120 prev_state=R ==> next_comm=tsc_read_cpu_24 next_pid=27994 next_prio=98
 tsc_read_cpu_24-27994   [024] dN...  1727.961568: clockevents_program_event: seting clock event using lapic_next_deadline+0x0/0x50 with delta 923371 tsc_read_cpu_24-27994   [024] d....  1727.961571: sched_switch: prev_comm=tsc_read_cpu_24 prev_pid=27994 prev_prio=110 prev_state=R ==> next_comm=vcpu0 next_pid=16518 next_prio=120
           vcpu0-16518   [024] d.h..  1727.962494: local_apic_timer_interrupt: ffffffffa3a3e860 hrtimer_interrupt+0x0/0x380
           vcpu0-16518   [024] d.h..  1727.962498: clockevents_program_event: seting clock event using lapic_next_deadline+0x0/0x50 with delta 982851           vcpu0-16518   [024] d.h..  1727.963482: local_apic_timer_interrupt: ffffffffa3a3e860 hrtimer_interrupt+0x0/0x380
           vcpu0-16518   [024] d.h..  1727.963485: clockevents_program_event: seting clock event using lapic_next_deadline+0x0/0x50 with delta 995390           vcpu0-16518   [024] d.h..  1727.964482: local_apic_timer_interrupt: ffffffffa3a3e860 hrtimer_interrupt+0x0/0x380
           vcpu0-16518   [024] d.h..  1727.964485: clockevents_program_event: seting clock event using lapic_next_deadline+0x0/0x50 with delta 995886           vcpu0-16518   [024] d.h..  1727.965482: local_apic_timer_interrupt: ffffffffa3a3e860 hrtimer_interrupt+0x0/0x380
           vcpu0-16518   [024] dNh..  1727.965485: clockevents_program_event: seting clock event using lapic_next_deadline+0x0/0x50 with delta 996087           vcpu0-16518   [024] d....  1727.965489: sched_switch: prev_comm=vcpu0 prev_pid=16518 prev_prio=120 prev_state=R ==> next_comm=tsc_read_cpu_24 next_pid=27994 next_prio=110
 tsc_read_cpu_24-27994   [024] d....  1727.965533: sched_switch: prev_comm=tsc_read_cpu_24 prev_pid=27994 prev_prio=110 prev_state=X ==> next_comm=vcpu0 next_pid=16518 next_prio=120
           vcpu0-16518   [024] d....  1727.965537: clockevents_program_event: seting clock event using lapic_next_deadline+0x0/0x50 with delta 178623696           vcpu0-16518   [024] d.h..  1727.965597: __flush_smp_call_function_queue: executing ttwu callback from: '47' to: '24' 0x1
           vcpu0-16518   [024] d....  1727.965603: clockevents_program_event: seting clock event using lapic_next_deadline+0x0/0x50 with delta 878255           vcpu0-16518   [024] d.h..  1727.966483: local_apic_timer_interrupt: ffffffffa3a3e860 hrtimer_interrupt+0x0/0x380
           vcpu0-16518   [024] d.h..  1727.966486: clockevents_program_event: seting clock event using lapic_next_deadline+0x0/0x50 with delta 994228           vcpu0-16518   [024] d.h..  1727.967482: local_apic_timer_interrupt: ffffffffa3a3e860 hrtimer_interrupt+0x0/0x380
           vcpu0-16518   [024] d.h..  1727.967485: clockevents_program_event: seting clock event using lapic_next_deadline+0x0/0x50 with delta 996015           vcpu0-16518   [024] d.h..  1727.968482: local_apic_timer_interrupt: ffffffffa3a3e860 hrtimer_interrupt+0x0/0x380
           vcpu0-16518   [024] d.h..  1727.968485: clockevents_program_event: seting clock event using lapic_next_deadline+0x0/0x50 with delta 995909           vcpu0-16518   [024] d.h..  1727.969482: local_apic_timer_interrupt: ffffffffa3a3e860 hrtimer_interrupt+0x0/0x380
           vcpu0-16518   [024] dNh..  1727.969485: clockevents_program_event: seting clock event using lapic_next_deadline+0x0/0x50 with delta 995636           vcpu0-16518   [024] d....  1727.969489: sched_switch: prev_comm=vcpu0 prev_pid=16518 prev_prio=120 prev_state=R ==> next_comm=tsc_read_cpu_24 next_pid=27996 next_prio=110
 tsc_read_cpu_24-27996   [024] d....  1727.969533: sched_switch: prev_comm=tsc_read_cpu_24 prev_pid=27996 prev_prio=98 prev_state=S ==> next_comm=vcpu0 next_pid=16518 next_prio=120
           vcpu0-16518   [024] dn...  1727.969536: clockevents_program_event: seting clock event using lapic_next_deadline+0x0/0x50 with delta 174624905           vcpu0-16518   [024] d....  1727.969541: sched_switch: prev_comm=vcpu0 prev_pid=16518 prev_prio=120 prev_state=R ==> next_comm=tsc_read_cpu_24 next_pid=27996 next_prio=98
 tsc_read_cpu_24-27996   [024] dN...  1727.969550: clockevents_program_event: seting clock event using lapic_next_deadline+0x0/0x50 with delta 931277 tsc_read_cpu_24-27996   [024] d....  1727.969552: sched_switch: prev_comm=tsc_read_cpu_24 prev_pid=27996 prev_prio=110 prev_state=R ==> next_comm=vcpu0 next_pid=16518 next_prio=120
           vcpu0-16518   [024] d.h..  1727.970484: local_apic_timer_interrupt: ffffffffa3a3e860 hrtimer_interrupt+0x0/0x380
           vcpu0-16518   [024] d.h..  1727.970489: clockevents_program_event: seting clock event using lapic_next_deadline+0x0/0x50 with delta 992077           vcpu0-16518   [024] d.h..  1727.971482: local_apic_timer_interrupt: ffffffffa3a3e860 hrtimer_interrupt+0x0/0x380
           vcpu0-16518   [024] d.h..  1727.971485: clockevents_program_event: seting clock event using lapic_next_deadline+0x0/0x50 with delta 995383           vcpu0-16518   [024] d.h..  1727.972482: local_apic_timer_interrupt: ffffffffa3a3e860 hrtimer_interrupt+0x0/0x380
           vcpu0-16518   [024] d.h..  1727.972485: clockevents_program_event: seting clock event using lapic_next_deadline+0x0/0x50 with delta 995891           vcpu0-16518   [024] d.h..  1727.973482: local_apic_timer_interrupt: ffffffffa3a3e860 hrtimer_interrupt+0x0/0x380
           vcpu0-16518   [024] dNh..  1727.973485: clockevents_program_event: seting clock event using lapic_next_deadline+0x0/0x50 with delta 995663           vcpu0-16518   [024] d....  1727.973489: sched_switch: prev_comm=vcpu0 prev_pid=16518 prev_prio=120 prev_state=R ==> next_comm=tsc_read_cpu_24 next_pid=27996 next_prio=110
 tsc_read_cpu_24-27996   [024] d....  1727.973540: sched_switch: prev_comm=tsc_read_cpu_24 prev_pid=27996 prev_prio=110 prev_state=X ==> next_comm=vcpu0 next_pid=16518 next_prio=120
           vcpu0-16518   [024] d....  1727.973544: clockevents_program_event: seting clock event using lapic_next_deadline+0x0/0x50 with delta 170617413           vcpu0-16518   [024] dnh..  1728.118267: __flush_smp_call_function_queue: executing irq work callback from: '0' to: '24' nohz_full_kick_func+0x0/0x10
           vcpu0-16518   [024] dn...  1728.118271: clockevents_program_event: seting clock event using lapic_next_deadline+0x0/0x50 with delta 209873           vcpu0-16518   [024] d....  1728.118278: sched_switch: prev_comm=vcpu0 prev_pid=16518 prev_prio=120 prev_state=R ==> next_comm=kworker/24:1 next_pid=358 next_prio=120
    kworker/24:1-358     [024] d....  1728.118301: sched_switch: prev_comm=kworker/24:1 prev_pid=358 prev_prio=120 prev_state=I ==> next_comm=vcpu0 next_pid=16518 next_prio=120
           vcpu0-16518   [024] d....  1728.118315: clockevents_program_event: seting clock event using lapic_next_deadline+0x0/0x50 with delta 25845904           vcpu0-16518   [024] d.h..  1728.144165: local_apic_timer_interrupt: ffffffffa3a3e860 hrtimer_interrupt+0x0/0x380
           vcpu0-16518   [024] d.h..  1728.144167: clockevents_program_event: seting clock event using lapic_next_deadline+0x0/0x50 with delta 150063121           vcpu0-16518   [024] d....  1728.144234: clockevents_program_event: seting clock event using lapic_next_deadline+0x0/0x50 with delta 927170           vcpu0-16518   [024] d....  1728.144253: clockevents_program_event: seting clock event using lapic_next_deadline+0x0/0x50 with delta 149977424           vcpu0-16518   [024] d.h..  1728.294235: local_apic_timer_interrupt: ffffffffa3a3e860 hrtimer_interrupt+0x0/0x380
           vcpu0-16518   [024] d.h..  1728.294240: clockevents_program_event: seting clock event using lapic_next_deadline+0x0/0x50 with delta 353921408           vcpu0-16518   [024] dNs..  1728.294247: clockevents_program_event: seting clock event using lapic_next_deadline+0x0/0x50 with delta 353913632           vcpu0-16518   [024] dNs..  1728.294248: clockevents_program_event: seting clock event using lapic_next_deadline+0x0/0x50 with delta 232301           vcpu0-16518   [024] dNH..  1728.294251: local_apic_timer_interrupt: ffffffffa3a3e860 hrtimer_interrupt+0x0/0x380
           vcpu0-16518   [024] dNH..  1728.294253: clockevents_program_event: seting clock event using lapic_next_deadline+0x0/0x50 with delta 227907           vcpu0-16518   [024] d....  1728.294256: sched_switch: prev_comm=vcpu0 prev_pid=16518 prev_prio=120 prev_state=R ==> next_comm=kcompactd0 next_pid=316 next_prio=120
      kcompactd0-316     [024] d....  1728.294289: sched_switch: prev_comm=kcompactd0 prev_pid=316 prev_prio=120 prev_state=S ==> next_comm=vcpu0 next_pid=16518 next_prio=120
           vcpu0-16518   [024] d.h..  1728.294483: local_apic_timer_interrupt: ffffffffa3a3e860 hrtimer_interrupt+0x0/0x380
           vcpu0-16518   [024] d.h..  1728.294486: clockevents_program_event: seting clock event using lapic_next_deadline+0x0/0x50 with delta 994495           vcpu0-16518   [024] d....  1728.294488: clockevents_program_event: seting clock event using lapic_next_deadline+0x0/0x50 with delta 353673093           vcpu0-16518   [024] d.h..  1728.648164: local_apic_timer_interrupt: ffffffffa3a3e860 hrtimer_interrupt+0x0/0x380
           vcpu0-16518   [024] d.h..  1728.648167: clockevents_program_event: seting clock event using lapic_next_deadline+0x0/0x50 with delta 150063727           vcpu0-16518   [024] d....  1728.648224: clockevents_program_event: seting clock event using lapic_next_deadline+0x0/0x50 with delta 936586           vcpu0-16518   [024] d....  1728.648245: clockevents_program_event: seting clock event using lapic_next_deadline+0x0/0x50 with delta 149985442           vcpu0-16518   [024] d.h..  1728.798235: local_apic_timer_interrupt: ffffffffa3a3e860 hrtimer_interrupt+0x0/0x380
           vcpu0-16518   [024] d.h..  1728.798239: clockevents_program_event: seting clock event using lapic_next_deadline+0x0/0x50 with delta 353921500           vcpu0-16518   [024] dNs..  1728.798247: clockevents_program_event: seting clock event using lapic_next_deadline+0x0/0x50 with delta 353914100           vcpu0-16518   [024] dNs..  1728.798247: clockevents_program_event: seting clock event using lapic_next_deadline+0x0/0x50 with delta 232699           vcpu0-16518   [024] dNH..  1728.798250: local_apic_timer_interrupt: ffffffffa3a3e860 hrtimer_interrupt+0x0/0x380
           vcpu0-16518   [024] dNH..  1728.798251: clockevents_program_event: seting clock event using lapic_next_deadline+0x0/0x50 with delta 228963           vcpu0-16518   [024] d....  1728.798255: sched_switch: prev_comm=vcpu0 prev_pid=16518 prev_prio=120 prev_state=R ==> next_comm=kcompactd0 next_pid=316 next_prio=120
      kcompactd0-316     [024] d....  1728.798261: sched_switch: prev_comm=kcompactd0 prev_pid=316 prev_prio=120 prev_state=S ==> next_comm=vcpu0 next_pid=16518 next_prio=120
           vcpu0-16518   [024] d.h..  1728.798482: local_apic_timer_interrupt: ffffffffa3a3e860 hrtimer_interrupt+0x0/0x380
           vcpu0-16518   [024] d.h..  1728.798485: clockevents_program_event: seting clock event using lapic_next_deadline+0x0/0x50 with delta 995086           vcpu0-16518   [024] d....  1728.798487: clockevents_program_event: seting clock event using lapic_next_deadline+0x0/0x50 with delta 353673914           vcpu0-16518   [024] d.h..  1729.152164: local_apic_timer_interrupt: ffffffffa3a3e860 hrtimer_interrupt+0x0/0x380
           vcpu0-16518   [024] d.h..  1729.152166: clockevents_program_event: seting clock event using lapic_next_deadline+0x0/0x50 with delta 150063992           vcpu0-16518   [024] d....  1729.152194: clockevents_program_event: seting clock event using lapic_next_deadline+0x0/0x50 with delta 967499           vcpu0-16518   [024] d....  1729.152233: clockevents_program_event: seting clock event using lapic_next_deadline+0x0/0x50 with delta 149997608           vcpu0-16518   [024] d.h..  1729.302234: local_apic_timer_interrupt: ffffffffa3a3e860 hrtimer_interrupt+0x0/0x380
           vcpu0-16518   [024] d.h..  1729.302239: clockevents_program_event: seting clock event using lapic_next_deadline+0x0/0x50 with delta 353921792           vcpu0-16518   [024] dNs..  1729.302246: clockevents_program_event: seting clock event using lapic_next_deadline+0x0/0x50 with delta 353914137           vcpu0-16518   [024] dNs..  1729.302247: clockevents_program_event: seting clock event using lapic_next_deadline+0x0/0x50 with delta 232770           vcpu0-16518   [024] dNH..  1729.302248: local_apic_timer_interrupt: ffffffffa3a3e860 hrtimer_interrupt+0x0/0x380
           vcpu0-16518   [024] dNH..  1729.302249: clockevents_program_event: seting clock event using lapic_next_deadline+0x0/0x50 with delta 230845           vcpu0-16518   [024] d....  1729.302255: sched_switch: prev_comm=vcpu0 prev_pid=16518 prev_prio=120 prev_state=R ==> next_comm=kcompactd0 next_pid=316 next_prio=120
      kcompactd0-316     [024] d....  1729.302260: sched_switch: prev_comm=kcompactd0 prev_pid=316 prev_prio=120 prev_state=S ==> next_comm=kworker/24:1 next_pid=358 next_prio=120
    kworker/24:1-358     [024] d....  1729.302302: sched_switch: prev_comm=kworker/24:1 prev_pid=358 prev_prio=120 prev_state=I ==> next_comm=vcpu0 next_pid=16518 next_prio=120
           vcpu0-16518   [024] d.h..  1729.302482: local_apic_timer_interrupt: ffffffffa3a3e860 hrtimer_interrupt+0x0/0x380
           vcpu0-16518   [024] d.h..  1729.302485: clockevents_program_event: seting clock event using lapic_next_deadline+0x0/0x50 with delta 994444           vcpu0-16518   [024] d....  1729.302487: clockevents_program_event: seting clock event using lapic_next_deadline+0x0/0x50 with delta 353673619           vcpu0-16518   [024] d.h..  1729.656163: local_apic_timer_interrupt: ffffffffa3a3e860 hrtimer_interrupt+0x0/0x380
           vcpu0-16518   [024] d.h..  1729.656166: clockevents_program_event: seting clock event using lapic_next_deadline+0x0/0x50 with delta 150064237           vcpu0-16518   [024] d....  1729.656212: clockevents_program_event: seting clock event using lapic_next_deadline+0x0/0x50 with delta 949304           vcpu0-16518   [024] d....  1729.656241: clockevents_program_event: seting clock event using lapic_next_deadline+0x0/0x50 with delta 149989218           vcpu0-16518   [024] d.h..  1729.806234: local_apic_timer_interrupt: ffffffffa3a3e860 hrtimer_interrupt+0x0/0x380
           vcpu0-16518   [024] d.h..  1729.806239: clockevents_program_event: seting clock event using lapic_next_deadline+0x0/0x50 with delta 353921578           vcpu0-16518   [024] dNs..  1729.806246: clockevents_program_event: seting clock event using lapic_next_deadline+0x0/0x50 with delta 353914490           vcpu0-16518   [024] dNs..  1729.806247: clockevents_program_event: seting clock event using lapic_next_deadline+0x0/0x50 with delta 233017           vcpu0-16518   [024] dNH..  1729.806249: local_apic_timer_interrupt: ffffffffa3a3e860 hrtimer_interrupt+0x0/0x380
           vcpu0-16518   [024] dNH..  1729.806250: clockevents_program_event: seting clock event using lapic_next_deadline+0x0/0x50 with delta 229246           vcpu0-16518   [024] d....  1729.806253: sched_switch: prev_comm=vcpu0 prev_pid=16518 prev_prio=120 prev_state=R ==> next_comm=kcompactd0 next_pid=316 next_prio=120
      kcompactd0-316     [024] d....  1729.806259: sched_switch: prev_comm=kcompactd0 prev_pid=316 prev_prio=120 prev_state=S ==> next_comm=vcpu0 next_pid=16518 next_prio=120
           vcpu0-16518   [024] d.h..  1729.806482: local_apic_timer_interrupt: ffffffffa3a3e860 hrtimer_interrupt+0x0/0x380
           vcpu0-16518   [024] d.h..  1729.806485: clockevents_program_event: seting clock event using lapic_next_deadline+0x0/0x50 with delta 994810           vcpu0-16518   [024] d....  1729.806486: clockevents_program_event: seting clock event using lapic_next_deadline+0x0/0x50 with delta 353674257           vcpu0-16518   [024] d.h..  1730.160163: local_apic_timer_interrupt: ffffffffa3a3e860 hrtimer_interrupt+0x0/0x380
           vcpu0-16518   [024] d.h..  1730.160165: clockevents_program_event: seting clock event using lapic_next_deadline+0x0/0x50 with delta 150063985           vcpu0-16518   [024] d....  1730.160208: clockevents_program_event: seting clock event using lapic_next_deadline+0x0/0x50 with delta 952236           vcpu0-16518   [024] d....  1730.160230: clockevents_program_event: seting clock event using lapic_next_deadline+0x0/0x50 with delta 149999678           vcpu0-16518   [024] d.h..  1730.310234: local_apic_timer_interrupt: ffffffffa3a3e860 hrtimer_interrupt+0x0/0x380
           vcpu0-16518   [024] d.h..  1730.310238: clockevents_program_event: seting clock event using lapic_next_deadline+0x0/0x50 with delta 353921756           vcpu0-16518   [024] dNs..  1730.310246: clockevents_program_event: seting clock event using lapic_next_deadline+0x0/0x50 with delta 353914371           vcpu0-16518   [024] dNs..  1730.310246: clockevents_program_event: seting clock event using lapic_next_deadline+0x0/0x50 with delta 232943           vcpu0-16518   [024] dNH..  1730.310249: local_apic_timer_interrupt: ffffffffa3a3e860 hrtimer_interrupt+0x0/0x380
           vcpu0-16518   [024] dNH..  1730.310249: clockevents_program_event: seting clock event using lapic_next_deadline+0x0/0x50 with delta 229862           vcpu0-16518   [024] d....  1730.310253: sched_switch: prev_comm=vcpu0 prev_pid=16518 prev_prio=120 prev_state=R ==> next_comm=kcompactd0 next_pid=316 next_prio=120
      kcompactd0-316     [024] d....  1730.310259: sched_switch: prev_comm=kcompactd0 prev_pid=316 prev_prio=120 prev_state=S ==> next_comm=vcpu0 next_pid=16518 next_prio=120
           vcpu0-16518   [024] d.h..  1730.310482: local_apic_timer_interrupt: ffffffffa3a3e860 hrtimer_interrupt+0x0/0x380
           vcpu0-16518   [024] d.h..  1730.310485: clockevents_program_event: seting clock event using lapic_next_deadline+0x0/0x50 with delta 994615           vcpu0-16518   [024] d....  1730.310486: clockevents_program_event: seting clock event using lapic_next_deadline+0x0/0x50 with delta 353674143           vcpu0-16518   [024] d.h..  1730.664163: local_apic_timer_interrupt: ffffffffa3a3e860 hrtimer_interrupt+0x0/0x380
           vcpu0-16518   [024] d.h..  1730.664165: clockevents_program_event: seting clock event using lapic_next_deadline+0x0/0x50 with delta 150064433           vcpu0-16518   [024] d....  1730.664209: clockevents_program_event: seting clock event using lapic_next_deadline+0x0/0x50 with delta 950682           vcpu0-16518   [024] d....  1730.664239: clockevents_program_event: seting clock event using lapic_next_deadline+0x0/0x50 with delta 149990820           vcpu0-16518   [024] d.h..  1730.814233: local_apic_timer_interrupt: ffffffffa3a3e860 hrtimer_interrupt+0x0/0x380
           vcpu0-16518   [024] d.h..  1730.814238: clockevents_program_event: seting clock event using lapic_next_deadline+0x0/0x50 with delta 353921933           vcpu0-16518   [024] dNs..  1730.814246: clockevents_program_event: seting clock event using lapic_next_deadline+0x0/0x50 with delta 353914139           vcpu0-16518   [024] dNs..  1730.814247: clockevents_program_event: seting clock event using lapic_next_deadline+0x0/0x50 with delta 232332           vcpu0-16518   [024] dNH..  1730.814249: local_apic_timer_interrupt: ffffffffa3a3e860 hrtimer_interrupt+0x0/0x380
           vcpu0-16518   [024] dNH..  1730.814250: clockevents_program_event: seting clock event using lapic_next_deadline+0x0/0x50 with delta 228711           vcpu0-16518   [024] d....  1730.814254: sched_switch: prev_comm=vcpu0 prev_pid=16518 prev_prio=120 prev_state=R ==> next_comm=kcompactd0 next_pid=316 next_prio=120
      kcompactd0-316     [024] d....  1730.814260: sched_switch: prev_comm=kcompactd0 prev_pid=316 prev_prio=120 prev_state=S ==> next_comm=vcpu0 next_pid=16518 next_prio=120
           vcpu0-16518   [024] d.h..  1730.814481: local_apic_timer_interrupt: ffffffffa3a3e860 hrtimer_interrupt+0x0/0x380
           vcpu0-16518   [024] d.h..  1730.814484: clockevents_program_event: seting clock event using lapic_next_deadline+0x0/0x50 with delta 995108           vcpu0-16518   [024] d....  1730.814485: clockevents_program_event: seting clock event using lapic_next_deadline+0x0/0x50 with delta 353674665           vcpu0-16518   [024] d.h..  1731.168163: local_apic_timer_interrupt: ffffffffa3a3e860 hrtimer_interrupt+0x0/0x380
           vcpu0-16518   [024] d.h..  1731.168165: clockevents_program_event: seting clock event using lapic_next_deadline+0x0/0x50 with delta 150063865           vcpu0-16518   [024] d....  1731.168209: clockevents_program_event: seting clock event using lapic_next_deadline+0x0/0x50 with delta 951288           vcpu0-16518   [024] d....  1731.168231: clockevents_program_event: seting clock event using lapic_next_deadline+0x0/0x50 with delta 149998412           vcpu0-16518   [024] d.h..  1731.318234: local_apic_timer_interrupt: ffffffffa3a3e860 hrtimer_interrupt+0x0/0x380
           vcpu0-16518   [024] d.h..  1731.318238: clockevents_program_event: seting clock event using lapic_next_deadline+0x0/0x50 with delta 353921316           vcpu0-16518   [024] dNs..  1731.318246: clockevents_program_event: seting clock event using lapic_next_deadline+0x0/0x50 with delta 353914132           vcpu0-16518   [024] dNs..  1731.318246: clockevents_program_event: seting clock event using lapic_next_deadline+0x0/0x50 with delta 232535           vcpu0-16518   [024] dNH..  1731.318249: local_apic_timer_interrupt: ffffffffa3a3e860 hrtimer_interrupt+0x0/0x380
           vcpu0-16518   [024] dNH..  1731.318249: clockevents_program_event: seting clock event using lapic_next_deadline+0x0/0x50 with delta 229577           vcpu0-16518   [024] d....  1731.318252: sched_switch: prev_comm=vcpu0 prev_pid=16518 prev_prio=120 prev_state=R ==> next_comm=kcompactd0 next_pid=316 next_prio=120
      kcompactd0-316     [024] d....  1731.318258: sched_switch: prev_comm=kcompactd0 prev_pid=316 prev_prio=120 prev_state=S ==> next_comm=vcpu0 next_pid=16518 next_prio=120
           vcpu0-16518   [024] d.h..  1731.318481: local_apic_timer_interrupt: ffffffffa3a3e860 hrtimer_interrupt+0x0/0x380
           vcpu0-16518   [024] d.h..  1731.318484: clockevents_program_event: seting clock event using lapic_next_deadline+0x0/0x50 with delta 994940           vcpu0-16518   [024] d.s..  1731.318486: clockevents_program_event: seting clock event using lapic_next_deadline+0x0/0x50 with delta 353673331           vcpu0-16518   [024] d.h..  1731.672163: local_apic_timer_interrupt: ffffffffa3a3e860 hrtimer_interrupt+0x0/0x380
           vcpu0-16518   [024] d.h..  1731.672165: clockevents_program_event: seting clock event using lapic_next_deadline+0x0/0x50 with delta 150063936           vcpu0-16518   [024] d....  1731.672210: clockevents_program_event: seting clock event using lapic_next_deadline+0x0/0x50 with delta 950281           vcpu0-16518   [024] d....  1731.672235: clockevents_program_event: seting clock event using lapic_next_deadline+0x0/0x50 with delta 149993577           vcpu0-16518   [024] d.h..  1731.822233: local_apic_timer_interrupt: ffffffffa3a3e860 hrtimer_interrupt+0x0/0x380
           vcpu0-16518   [024] d.h..  1731.822237: clockevents_program_event: seting clock event using lapic_next_deadline+0x0/0x50 with delta 353922121           vcpu0-16518   [024] dNs..  1731.822245: clockevents_program_event: seting clock event using lapic_next_deadline+0x0/0x50 with delta 353914584           vcpu0-16518   [024] dNs..  1731.822245: clockevents_program_event: seting clock event using lapic_next_deadline+0x0/0x50 with delta 233060           vcpu0-16518   [024] dNH..  1731.822246: local_apic_timer_interrupt: ffffffffa3a3e860 hrtimer_interrupt+0x0/0x380
           vcpu0-16518   [024] dNH..  1731.822247: clockevents_program_event: seting clock event using lapic_next_deadline+0x0/0x50 with delta 231575           vcpu0-16518   [024] d....  1731.822252: sched_switch: prev_comm=vcpu0 prev_pid=16518 prev_prio=120 prev_state=R ==> next_comm=kcompactd0 next_pid=316 next_prio=120
      kcompactd0-316     [024] d....  1731.822257: sched_switch: prev_comm=kcompactd0 prev_pid=316 prev_prio=120 prev_state=S ==> next_comm=vcpu0 next_pid=16518 next_prio=120
           vcpu0-16518   [024] d.h..  1731.822481: local_apic_timer_interrupt: ffffffffa3a3e860 hrtimer_interrupt+0x0/0x380
           vcpu0-16518   [024] d.h..  1731.822484: clockevents_program_event: seting clock event using lapic_next_deadline+0x0/0x50 with delta 994975           vcpu0-16518   [024] d.s..  1731.822486: clockevents_program_event: seting clock event using lapic_next_deadline+0x0/0x50 with delta 353673233           vcpu0-16518   [024] d.h..  1732.176163: local_apic_timer_interrupt: ffffffffa3a3e860 hrtimer_interrupt+0x0/0x380
           vcpu0-16518   [024] d.h..  1732.176165: clockevents_program_event: seting clock event using lapic_next_deadline+0x0/0x50 with delta 150063764           vcpu0-16518   [024] d....  1732.176222: clockevents_program_event: seting clock event using lapic_next_deadline+0x0/0x50 with delta 965994           vcpu0-16518   [024] d....  1732.176236: clockevents_program_event: seting clock event using lapic_next_deadline+0x0/0x50 with delta 149992998           vcpu0-16518   [024] d.h..  1732.326233: local_apic_timer_interrupt: ffffffffa3a3e860 hrtimer_interrupt+0x0/0x380
           vcpu0-16518   [024] d.h..  1732.326238: clockevents_program_event: seting clock event using lapic_next_deadline+0x0/0x50 with delta 353921392           vcpu0-16518   [024] dNs..  1732.326246: clockevents_program_event: seting clock event using lapic_next_deadline+0x0/0x50 with delta 353913154           vcpu0-16518   [024] dNs..  1732.326247: clockevents_program_event: seting clock event using lapic_next_deadline+0x0/0x50 with delta 231092           vcpu0-16518   [024] dNH..  1732.326250: local_apic_timer_interrupt: ffffffffa3a3e860 hrtimer_interrupt+0x0/0x380
           vcpu0-16518   [024] dNH..  1732.326251: clockevents_program_event: seting clock event using lapic_next_deadline+0x0/0x50 with delta 227489           vcpu0-16518   [024] d....  1732.326257: sched_switch: prev_comm=vcpu0 prev_pid=16518 prev_prio=120 prev_state=R ==> next_comm=kcompactd0 next_pid=316 next_prio=120
      kcompactd0-316     [024] d....  1732.326287: sched_switch: prev_comm=kcompactd0 prev_pid=316 prev_prio=120 prev_state=S ==> next_comm=kworker/24:1 next_pid=358 next_prio=120
    kworker/24:1-358     [024] d....  1732.326299: sched_switch: prev_comm=kworker/24:1 prev_pid=358 prev_prio=120 prev_state=I ==> next_comm=vcpu0 next_pid=16518 next_prio=120
           vcpu0-16518   [024] d.h..  1732.326481: local_apic_timer_interrupt: ffffffffa3a3e860 hrtimer_interrupt+0x0/0x380
           vcpu0-16518   [024] d.h..  1732.326484: clockevents_program_event: seting clock event using lapic_next_deadline+0x0/0x50 with delta 994046           vcpu0-16518   [024] d....  1732.326485: clockevents_program_event: seting clock event using lapic_next_deadline+0x0/0x50 with delta 353673601           vcpu0-16518   [024] d.h..  1732.680163: local_apic_timer_interrupt: ffffffffa3a3e860 hrtimer_interrupt+0x0/0x380
           vcpu0-16518   [024] d.h..  1732.680166: clockevents_program_event: seting clock event using lapic_next_deadline+0x0/0x50 with delta 150062308           vcpu0-16518   [024] d....  1732.680225: clockevents_program_event: seting clock event using lapic_next_deadline+0x0/0x50 with delta 933970           vcpu0-16518   [024] d....  1732.680244: clockevents_program_event: seting clock event using lapic_next_deadline+0x0/0x50 with delta 149984205           vcpu0-16518   [024] d.h..  1732.830233: local_apic_timer_interrupt: ffffffffa3a3e860 hrtimer_interrupt+0x0/0x380
           vcpu0-16518   [024] d.h..  1732.830237: clockevents_program_event: seting clock event using lapic_next_deadline+0x0/0x50 with delta 353921619           vcpu0-16518   [024] dNs..  1732.830246: clockevents_program_event: seting clock event using lapic_next_deadline+0x0/0x50 with delta 353913459           vcpu0-16518   [024] dNs..  1732.830246: clockevents_program_event: seting clock event using lapic_next_deadline+0x0/0x50 with delta 231775           vcpu0-16518   [024] dNH..  1732.830247: local_apic_timer_interrupt: ffffffffa3a3e860 hrtimer_interrupt+0x0/0x380
           vcpu0-16518   [024] dNH..  1732.830248: clockevents_program_event: seting clock event using lapic_next_deadline+0x0/0x50 with delta 229991           vcpu0-16518   [024] d....  1732.830253: sched_switch: prev_comm=vcpu0 prev_pid=16518 prev_prio=120 prev_state=R ==> next_comm=kcompactd0 next_pid=316 next_prio=120
      kcompactd0-316     [024] d....  1732.830258: sched_switch: prev_comm=kcompactd0 prev_pid=316 prev_prio=120 prev_state=S ==> next_comm=vcpu0 next_pid=16518 next_prio=120
           vcpu0-16518   [024] d.h..  1732.830480: local_apic_timer_interrupt: ffffffffa3a3e860 hrtimer_interrupt+0x0/0x380
           vcpu0-16518   [024] d.h..  1732.830483: clockevents_program_event: seting clock event using lapic_next_deadline+0x0/0x50 with delta 995124           vcpu0-16518   [024] d....  1732.830484: clockevents_program_event: seting clock event using lapic_next_deadline+0x0/0x50 with delta 353674730           vcpu0-16518   [024] d.h..  1733.184162: local_apic_timer_interrupt: ffffffffa3a3e860 hrtimer_interrupt+0x0/0x380
           vcpu0-16518   [024] d.h..  1733.184164: clockevents_program_event: seting clock event using lapic_next_deadline+0x0/0x50 with delta 150063626           vcpu0-16518   [024] d....  1733.184221: clockevents_program_event: seting clock event using lapic_next_deadline+0x0/0x50 with delta 938527           vcpu0-16518   [024] d....  1733.184237: clockevents_program_event: seting clock event using lapic_next_deadline+0x0/0x50 with delta 149991272           vcpu0-16518   [024] d.h..  1733.334232: local_apic_timer_interrupt: ffffffffa3a3e860 hrtimer_interrupt+0x0/0x380
           vcpu0-16518   [024] d.h..  1733.334237: clockevents_program_event: seting clock event using lapic_next_deadline+0x0/0x50 with delta 353921799           vcpu0-16518   [024] dNs..  1733.334245: clockevents_program_event: seting clock event using lapic_next_deadline+0x0/0x50 with delta 353913453           vcpu0-16518   [024] dNs..  1733.334246: clockevents_program_event: seting clock event using lapic_next_deadline+0x0/0x50 with delta 231547           vcpu0-16518   [024] dNH..  1733.334248: local_apic_timer_interrupt: ffffffffa3a3e860 hrtimer_interrupt+0x0/0x380
           vcpu0-16518   [024] dNH..  1733.334250: clockevents_program_event: seting clock event using lapic_next_deadline+0x0/0x50 with delta 228228           vcpu0-16518   [024] d....  1733.334254: sched_switch: prev_comm=vcpu0 prev_pid=16518 prev_prio=120 prev_state=R ==> next_comm=kcompactd0 next_pid=316 next_prio=120
      kcompactd0-316     [024] d....  1733.334260: sched_switch: prev_comm=kcompactd0 prev_pid=316 prev_prio=120 prev_state=S ==> next_comm=vcpu0 next_pid=16518 next_prio=120
           vcpu0-16518   [024] d.h..  1733.334481: local_apic_timer_interrupt: ffffffffa3a3e860 hrtimer_interrupt+0x0/0x380
           vcpu0-16518   [024] d.h..  1733.334484: clockevents_program_event: seting clock event using lapic_next_deadline+0x0/0x50 with delta 994181           vcpu0-16518   [024] d....  1733.334485: clockevents_program_event: seting clock event using lapic_next_deadline+0x0/0x50 with delta 353673786           vcpu0-16518   [024] d.h..  1733.688162: local_apic_timer_interrupt: ffffffffa3a3e860 hrtimer_interrupt+0x0/0x380
           vcpu0-16518   [024] d.h..  1733.688164: clockevents_program_event: seting clock event using lapic_next_deadline+0x0/0x50 with delta 150063513           vcpu0-16518   [024] d....  1733.688209: clockevents_program_event: seting clock event using lapic_next_deadline+0x0/0x50 with delta 949951           vcpu0-16518   [024] d....  1733.688231: clockevents_program_event: seting clock event using lapic_next_deadline+0x0/0x50 with delta 149996717           vcpu0-16518   [024] d.h..  1733.838233: local_apic_timer_interrupt: ffffffffa3a3e860 hrtimer_interrupt+0x0/0x380
           vcpu0-16518   [024] d.h..  1733.838237: clockevents_program_event: seting clock event using lapic_next_deadline+0x0/0x50 with delta 353921154           vcpu0-16518   [024] dNs..  1733.838246: clockevents_program_event: seting clock event using lapic_next_deadline+0x0/0x50 with delta 353912935           vcpu0-16518   [024] dNs..  1733.838246: clockevents_program_event: seting clock event using lapic_next_deadline+0x0/0x50 with delta 231109           vcpu0-16518   [024] dNH..  1733.838249: local_apic_timer_interrupt: ffffffffa3a3e860 hrtimer_interrupt+0x0/0x380
           vcpu0-16518   [024] dNH..  1733.838250: clockevents_program_event: seting clock event using lapic_next_deadline+0x0/0x50 with delta 228002           vcpu0-16518   [024] d....  1733.838269: sched_switch: prev_comm=vcpu0 prev_pid=16518 prev_prio=120 prev_state=R ==> next_comm=kcompactd0 next_pid=316 next_prio=120
      kcompactd0-316     [024] d....  1733.838285: sched_switch: prev_comm=kcompactd0 prev_pid=316 prev_prio=120 prev_state=S ==> next_comm=vcpu0 next_pid=16518 next_prio=120
           vcpu0-16518   [024] d.h..  1733.838480: local_apic_timer_interrupt: ffffffffa3a3e860 hrtimer_interrupt+0x0/0x380
           vcpu0-16518   [024] d.h..  1733.838484: clockevents_program_event: seting clock event using lapic_next_deadline+0x0/0x50 with delta 993589           vcpu0-16518   [024] d.s..  1733.838486: clockevents_program_event: seting clock event using lapic_next_deadline+0x0/0x50 with delta 353672015           vcpu0-16518   [024] d.h..  1734.192167: local_apic_timer_interrupt: ffffffffa3a3e860 hrtimer_interrupt+0x0/0x380
           vcpu0-16518   [024] d.h..  1734.192170: clockevents_program_event: seting clock event using lapic_next_deadline+0x0/0x50 with delta 150057910           vcpu0-16518   [024] d....  1734.192199: clockevents_program_event: seting clock event using lapic_next_deadline+0x0/0x50 with delta 960196           vcpu0-16518   [024] d....  1734.192236: clockevents_program_event: seting clock event using lapic_next_deadline+0x0/0x50 with delta 150014822           vcpu0-16518   [024] d.h..  1734.342255: local_apic_timer_interrupt: ffffffffa3a3e860 hrtimer_interrupt+0x0/0x380
           vcpu0-16518   [024] d.h..  1734.342259: clockevents_program_event: seting clock event using lapic_next_deadline+0x0/0x50 with delta 353899072           vcpu0-16518   [024] dNs..  1734.342267: clockevents_program_event: seting clock event using lapic_next_deadline+0x0/0x50 with delta 353891319           vcpu0-16518   [024] dNs..  1734.342280: clockevents_program_event: seting clock event using lapic_next_deadline+0x0/0x50 with delta 197728           vcpu0-16518   [024] dNH..  1734.342281: local_apic_timer_interrupt: ffffffffa3a3e860 hrtimer_interrupt+0x0/0x380
           vcpu0-16518   [024] dNH..  1734.342281: clockevents_program_event: seting clock event using lapic_next_deadline+0x0/0x50 with delta 196318           vcpu0-16518   [024] d....  1734.342300: sched_switch: prev_comm=vcpu0 prev_pid=16518 prev_prio=120 prev_state=R ==> next_comm=kcompactd0 next_pid=316 next_prio=120
      kcompactd0-316     [024] d....  1734.342306: sched_switch: prev_comm=kcompactd0 prev_pid=316 prev_prio=120 prev_state=S ==> next_comm=vcpu0 next_pid=16518 next_prio=120
           vcpu0-16518   [024] d.h..  1734.342479: local_apic_timer_interrupt: ffffffffa3a3e860 hrtimer_interrupt+0x0/0x380
           vcpu0-16518   [024] d.h..  1734.342482: clockevents_program_event: seting clock event using lapic_next_deadline+0x0/0x50 with delta 995112           vcpu0-16518   [024] d....  1734.342483: clockevents_program_event: seting clock event using lapic_next_deadline+0x0/0x50 with delta 353674830           vcpu0-16518   [024] d.h..  1734.696165: local_apic_timer_interrupt: ffffffffa3a3e860 hrtimer_interrupt+0x0/0x380
           vcpu0-16518   [024] d.h..  1734.696168: clockevents_program_event: seting clock event using lapic_next_deadline+0x0/0x50 with delta 150059600           vcpu0-16518   [024] d....  1734.696212: clockevents_program_event: seting clock event using lapic_next_deadline+0x0/0x50 with delta 946270           vcpu0-16518   [024] d....  1734.696238: clockevents_program_event: seting clock event using lapic_next_deadline+0x0/0x50 with delta 149989663           vcpu0-16518   [024] d.h..  1734.846232: local_apic_timer_interrupt: ffffffffa3a3e860 hrtimer_interrupt+0x0/0x380
           vcpu0-16518   [024] d.h..  1734.846236: clockevents_program_event: seting clock event using lapic_next_deadline+0x0/0x50 with delta 353921867           vcpu0-16518   [024] dNs..  1734.846244: clockevents_program_event: seting clock event using lapic_next_deadline+0x0/0x50 with delta 353913924           vcpu0-16518   [024] dNs..  1734.846245: clockevents_program_event: seting clock event using lapic_next_deadline+0x0/0x50 with delta 232037           vcpu0-16518   [024] dNH..  1734.846248: local_apic_timer_interrupt: ffffffffa3a3e860 hrtimer_interrupt+0x0/0x380
           vcpu0-16518   [024] dNH..  1734.846248: clockevents_program_event: seting clock event using lapic_next_deadline+0x0/0x50 with delta 228576           vcpu0-16518   [024] d....  1734.846252: sched_switch: prev_comm=vcpu0 prev_pid=16518 prev_prio=120 prev_state=R ==> next_comm=kcompactd0 next_pid=316 next_prio=120
      kcompactd0-316     [024] d....  1734.846258: sched_switch: prev_comm=kcompactd0 prev_pid=316 prev_prio=120 prev_state=S ==> next_comm=vcpu0 next_pid=16518 next_prio=120
           vcpu0-16518   [024] d.h..  1734.846479: local_apic_timer_interrupt: ffffffffa3a3e860 hrtimer_interrupt+0x0/0x380
           vcpu0-16518   [024] d.h..  1734.846482: clockevents_program_event: seting clock event using lapic_next_deadline+0x0/0x50 with delta 994863           vcpu0-16518   [024] d....  1734.846483: clockevents_program_event: seting clock event using lapic_next_deadline+0x0/0x50 with delta 353674600           vcpu0-16518   [024] d.h..  1735.200161: local_apic_timer_interrupt: ffffffffa3a3e860 hrtimer_interrupt+0x0/0x380
           vcpu0-16518   [024] d.h..  1735.200163: clockevents_program_event: seting clock event using lapic_next_deadline+0x0/0x50 with delta 150063568           vcpu0-16518   [024] d....  1735.200209: clockevents_program_event: seting clock event using lapic_next_deadline+0x0/0x50 with delta 950448           vcpu0-16518   [024] d....  1735.200220: clockevents_program_event: seting clock event using lapic_next_deadline+0x0/0x50 with delta 150006595           vcpu0-16518   [024] d.h..  1735.350231: local_apic_timer_interrupt: ffffffffa3a3e860 hrtimer_interrupt+0x0/0x380
