         pintest-31662   [024] dNs..  2554.852934: clockevents_program_event: seting clock event using lapic_next_deadline+0x0/0x50 with delta 237593
         pintest-31662   [024] dNH..  2554.852935: local_apic_timer_interrupt: ffffffff9403e860 hrtimer_interrupt+0x0/0x380
         pintest-31662   [024] dNH..  2554.852935: clockevents_program_event: seting clock event using lapic_next_deadline+0x0/0x50 with delta 235960
         pintest-31662   [024] d....  2554.852938: sched_switch: prev_comm=pintest prev_pid=31662 prev_prio=120 prev_state=R ==> next_comm=kcompactd0 next_pid=318 next_prio=120
      kcompactd0-318     [024] d....  2554.852941: sched_switch: prev_comm=kcompactd0 prev_pid=318 prev_prio=120 prev_state=S ==> next_comm=pintest next_pid=31662 next_prio=120
         pintest-31662   [024] d.h..  2554.853172: local_apic_timer_interrupt: ffffffff9403e860 hrtimer_interrupt+0x0/0x380
         pintest-31662   [024] d.h..  2554.853174: clockevents_program_event: seting clock event using lapic_next_deadline+0x0/0x50 with delta 996987
         pintest-31662   [024] d....  2554.853175: clockevents_program_event: seting clock event using lapic_next_deadline+0x0/0x50 with delta 503746058
         pintest-31662   [024] d.h..  2555.356925: local_apic_timer_interrupt: ffffffff9403e860 hrtimer_interrupt+0x0/0x380
         pintest-31662   [024] dNs..  2555.356936: clockevents_program_event: seting clock event using lapic_next_deadline+0x0/0x50 with delta 235042
         pintest-31662   [024] dNH..  2555.356939: local_apic_timer_interrupt: ffffffff9403e860 hrtimer_interrupt+0x0/0x380
         pintest-31662   [024] dNH..  2555.356939: clockevents_program_event: seting clock event using lapic_next_deadline+0x0/0x50 with delta 232062
         pintest-31662   [024] d....  2555.356941: sched_switch: prev_comm=pintest prev_pid=31662 prev_prio=120 prev_state=R ==> next_comm=kcompactd0 next_pid=318 next_prio=120
      kcompactd0-318     [024] d....  2555.356945: sched_switch: prev_comm=kcompactd0 prev_pid=318 prev_prio=120 prev_state=S ==> next_comm=pintest next_pid=31662 next_prio=120
         pintest-31662   [024] d.h..  2555.357172: local_apic_timer_interrupt: ffffffff9403e860 hrtimer_interrupt+0x0/0x380
         pintest-31662   [024] d.h..  2555.357174: clockevents_program_event: seting clock event using lapic_next_deadline+0x0/0x50 with delta 996771
         pintest-31662   [024] d....  2555.357175: clockevents_program_event: seting clock event using lapic_next_deadline+0x0/0x50 with delta 503745777
         pintest-31662   [024] d.h..  2555.860925: local_apic_timer_interrupt: ffffffff9403e860 hrtimer_interrupt+0x0/0x380
         pintest-31662   [024] dNs..  2555.860935: clockevents_program_event: seting clock event using lapic_next_deadline+0x0/0x50 with delta 236176
         pintest-31662   [024] dNH..  2555.860936: local_apic_timer_interrupt: ffffffff9403e860 hrtimer_interrupt+0x0/0x380
         pintest-31662   [024] dNH..  2555.860936: clockevents_program_event: seting clock event using lapic_next_deadline+0x0/0x50 with delta 234494
         pintest-31662   [024] d....  2555.860939: sched_switch: prev_comm=pintest prev_pid=31662 prev_prio=120 prev_state=R ==> next_comm=kcompactd0 next_pid=318 next_prio=120
      kcompactd0-318     [024] d....  2555.860943: sched_switch: prev_comm=kcompactd0 prev_pid=318 prev_prio=120 prev_state=S ==> next_comm=pintest next_pid=31662 next_prio=120
         pintest-31662   [024] d.h..  2555.861172: local_apic_timer_interrupt: ffffffff9403e860 hrtimer_interrupt+0x0/0x380
         pintest-31662   [024] d.h..  2555.861174: clockevents_program_event: seting clock event using lapic_next_deadline+0x0/0x50 with delta 996855
         pintest-31662   [024] d....  2555.861175: clockevents_program_event: seting clock event using lapic_next_deadline+0x0/0x50 with delta 503745961
         pintest-31662   [024] d.h..  2556.364924: local_apic_timer_interrupt: ffffffff9403e860 hrtimer_interrupt+0x0/0x380
         pintest-31662   [024] dNs..  2556.364934: clockevents_program_event: seting clock event using lapic_next_deadline+0x0/0x50 with delta 236850
         pintest-31662   [024] dNH..  2556.364935: local_apic_timer_interrupt: ffffffff9403e860 hrtimer_interrupt+0x0/0x380
         pintest-31662   [024] dNH..  2556.364936: clockevents_program_event: seting clock event using lapic_next_deadline+0x0/0x50 with delta 235158
         pintest-31662   [024] d....  2556.364938: sched_switch: prev_comm=pintest prev_pid=31662 prev_prio=120 prev_state=R ==> next_comm=kcompactd0 next_pid=318 next_prio=120
      kcompactd0-318     [024] d....  2556.364942: sched_switch: prev_comm=kcompactd0 prev_pid=318 prev_prio=120 prev_state=S ==> next_comm=pintest next_pid=31662 next_prio=120
         pintest-31662   [024] d.h..  2556.365172: local_apic_timer_interrupt: ffffffff9403e860 hrtimer_interrupt+0x0/0x380
         pintest-31662   [024] d.h..  2556.365174: clockevents_program_event: seting clock event using lapic_next_deadline+0x0/0x50 with delta 996936
         pintest-31662   [024] d....  2556.365175: clockevents_program_event: seting clock event using lapic_next_deadline+0x0/0x50 with delta 503745893
         pintest-31662   [024] d.h..  2556.868928: local_apic_timer_interrupt: ffffffff9403e860 hrtimer_interrupt+0x0/0x380
         pintest-31662   [024] dNs..  2556.868938: clockevents_program_event: seting clock event using lapic_next_deadline+0x0/0x50 with delta 232274
         pintest-31662   [024] dNH..  2556.868940: local_apic_timer_interrupt: ffffffff9403e860 hrtimer_interrupt+0x0/0x380
         pintest-31662   [024] dNH..  2556.868940: clockevents_program_event: seting clock event using lapic_next_deadline+0x0/0x50 with delta 230317
         pintest-31662   [024] d....  2556.868943: sched_switch: prev_comm=pintest prev_pid=31662 prev_prio=120 prev_state=R ==> next_comm=kcompactd0 next_pid=318 next_prio=120
      kcompactd0-318     [024] d....  2556.868947: sched_switch: prev_comm=kcompactd0 prev_pid=318 prev_prio=120 prev_state=S ==> next_comm=pintest next_pid=31662 next_prio=120
         pintest-31662   [024] d.h..  2556.869171: local_apic_timer_interrupt: ffffffff9403e860 hrtimer_interrupt+0x0/0x380
         pintest-31662   [024] d.h..  2556.869174: clockevents_program_event: seting clock event using lapic_next_deadline+0x0/0x50 with delta 997105
         pintest-31662   [024] d....  2556.869174: clockevents_program_event: seting clock event using lapic_next_deadline+0x0/0x50 with delta 503746094
         pintest-31662   [024] d.h..  2557.372924: local_apic_timer_interrupt: ffffffff9403e860 hrtimer_interrupt+0x0/0x380
         pintest-31662   [024] dNs..  2557.372934: clockevents_program_event: seting clock event using lapic_next_deadline+0x0/0x50 with delta 236880
         pintest-31662   [024] dNH..  2557.372936: local_apic_timer_interrupt: ffffffff9403e860 hrtimer_interrupt+0x0/0x380
         pintest-31662   [024] dNH..  2557.372937: clockevents_program_event: seting clock event using lapic_next_deadline+0x0/0x50 with delta 233966
         pintest-31662   [024] d....  2557.372940: sched_switch: prev_comm=pintest prev_pid=31662 prev_prio=120 prev_state=R ==> next_comm=kcompactd0 next_pid=318 next_prio=120
      kcompactd0-318     [024] d....  2557.372944: sched_switch: prev_comm=kcompactd0 prev_pid=318 prev_prio=120 prev_state=S ==> next_comm=kworker/24:1 next_pid=358 next_prio=120
    kworker/24:1-358     [024] d....  2557.372947: sched_switch: prev_comm=kworker/24:1 prev_pid=358 prev_prio=120 prev_state=I ==> next_comm=pintest next_pid=31662 next_prio=120
         pintest-31662   [024] d.h..  2557.373172: local_apic_timer_interrupt: ffffffff9403e860 hrtimer_interrupt+0x0/0x380
         pintest-31662   [024] d.h..  2557.373175: clockevents_program_event: seting clock event using lapic_next_deadline+0x0/0x50 with delta 995507
         pintest-31662   [024] d....  2557.373176: clockevents_program_event: seting clock event using lapic_next_deadline+0x0/0x50 with delta 503744422
         pintest-31662   [024] d.h..  2557.876924: local_apic_timer_interrupt: ffffffff9403e860 hrtimer_interrupt+0x0/0x380
         pintest-31662   [024] dNs..  2557.876934: clockevents_program_event: seting clock event using lapic_next_deadline+0x0/0x50 with delta 236249
         pintest-31662   [024] dNH..  2557.876935: local_apic_timer_interrupt: ffffffff9403e860 hrtimer_interrupt+0x0/0x380
         pintest-31662   [024] dNH..  2557.876935: clockevents_program_event: seting clock event using lapic_next_deadline+0x0/0x50 with delta 234767
         pintest-31662   [024] d....  2557.876940: sched_switch: prev_comm=pintest prev_pid=31662 prev_prio=120 prev_state=R ==> next_comm=kcompactd0 next_pid=318 next_prio=120
      kcompactd0-318     [024] d....  2557.876945: sched_switch: prev_comm=kcompactd0 prev_pid=318 prev_prio=120 prev_state=S ==> next_comm=pintest next_pid=31662 next_prio=120
         pintest-31662   [024] d.h..  2557.877171: local_apic_timer_interrupt: ffffffff9403e860 hrtimer_interrupt+0x0/0x380
         pintest-31662   [024] d.h..  2557.877174: clockevents_program_event: seting clock event using lapic_next_deadline+0x0/0x50 with delta 996737
         pintest-31662   [024] d....  2557.877174: clockevents_program_event: seting clock event using lapic_next_deadline+0x0/0x50 with delta 503745767
         pintest-31662   [024] d.h..  2558.380923: local_apic_timer_interrupt: ffffffff9403e860 hrtimer_interrupt+0x0/0x380
         pintest-31662   [024] dNs..  2558.380933: clockevents_program_event: seting clock event using lapic_next_deadline+0x0/0x50 with delta 236842
         pintest-31662   [024] dNH..  2558.380935: local_apic_timer_interrupt: ffffffff9403e860 hrtimer_interrupt+0x0/0x380
         pintest-31662   [024] dNH..  2558.380935: clockevents_program_event: seting clock event using lapic_next_deadline+0x0/0x50 with delta 234824
         pintest-31662   [024] d....  2558.380938: sched_switch: prev_comm=pintest prev_pid=31662 prev_prio=120 prev_state=R ==> next_comm=kcompactd0 next_pid=318 next_prio=120
      kcompactd0-318     [024] d....  2558.380942: sched_switch: prev_comm=kcompactd0 prev_pid=318 prev_prio=120 prev_state=S ==> next_comm=pintest next_pid=31662 next_prio=120
         pintest-31662   [024] d.h..  2558.381171: local_apic_timer_interrupt: ffffffff9403e860 hrtimer_interrupt+0x0/0x380
         pintest-31662   [024] d.h..  2558.381173: clockevents_program_event: seting clock event using lapic_next_deadline+0x0/0x50 with delta 996957
         pintest-31662   [024] d....  2558.381174: clockevents_program_event: seting clock event using lapic_next_deadline+0x0/0x50 with delta 503745926
         pintest-31662   [024] d.h..  2558.884923: local_apic_timer_interrupt: ffffffff9403e860 hrtimer_interrupt+0x0/0x380
         pintest-31662   [024] dNs..  2558.884933: clockevents_program_event: seting clock event using lapic_next_deadline+0x0/0x50 with delta 237220
         pintest-31662   [024] dNH..  2558.884934: local_apic_timer_interrupt: ffffffff9403e860 hrtimer_interrupt+0x0/0x380
         pintest-31662   [024] dNH..  2558.884934: clockevents_program_event: seting clock event using lapic_next_deadline+0x0/0x50 with delta 235736
         pintest-31662   [024] d....  2558.884936: sched_switch: prev_comm=pintest prev_pid=31662 prev_prio=120 prev_state=R ==> next_comm=kcompactd0 next_pid=318 next_prio=120
      kcompactd0-318     [024] d....  2558.884940: sched_switch: prev_comm=kcompactd0 prev_pid=318 prev_prio=120 prev_state=S ==> next_comm=pintest next_pid=31662 next_prio=120
         pintest-31662   [024] d.h..  2558.885171: local_apic_timer_interrupt: ffffffff9403e860 hrtimer_interrupt+0x0/0x380
         pintest-31662   [024] d.h..  2558.885173: clockevents_program_event: seting clock event using lapic_next_deadline+0x0/0x50 with delta 996969
         pintest-31662   [024] d....  2558.885174: clockevents_program_event: seting clock event using lapic_next_deadline+0x0/0x50 with delta 503746046
         pintest-31662   [024] d.h..  2559.388923: local_apic_timer_interrupt: ffffffff9403e860 hrtimer_interrupt+0x0/0x380
         pintest-31662   [024] dNs..  2559.388935: clockevents_program_event: seting clock event using lapic_next_deadline+0x0/0x50 with delta 235063
         pintest-31662   [024] dNH..  2559.388938: local_apic_timer_interrupt: ffffffff9403e860 hrtimer_interrupt+0x0/0x380
         pintest-31662   [024] dNH..  2559.388939: clockevents_program_event: seting clock event using lapic_next_deadline+0x0/0x50 with delta 231362
         pintest-31662   [024] d....  2559.388941: sched_switch: prev_comm=pintest prev_pid=31662 prev_prio=120 prev_state=R ==> next_comm=kcompactd0 next_pid=318 next_prio=120
      kcompactd0-318     [024] d....  2559.388945: sched_switch: prev_comm=kcompactd0 prev_pid=318 prev_prio=120 prev_state=S ==> next_comm=pintest next_pid=31662 next_prio=120
         pintest-31662   [024] d.h..  2559.389172: local_apic_timer_interrupt: ffffffff9403e860 hrtimer_interrupt+0x0/0x380
         pintest-31662   [024] d.h..  2559.389174: clockevents_program_event: seting clock event using lapic_next_deadline+0x0/0x50 with delta 995472
         pintest-31662   [024] d....  2559.389175: clockevents_program_event: seting clock event using lapic_next_deadline+0x0/0x50 with delta 503744422
         pintest-31662   [024] d.h..  2559.395278: __flush_smp_call_function_queue: executing non-sync callback from: '3' to: '24' __rdmsr_safe_on_cpu+0x0/0x70
         pintest-31662   [024] d.h..  2559.395292: __flush_smp_call_function_queue: executing non-sync callback from: '3' to: '24' __rdmsr_safe_on_cpu+0x0/0x70
         pintest-31662   [024] d.h..  2559.395304: __flush_smp_call_function_queue: executing non-sync callback from: '3' to: '24' __rdmsr_safe_on_cpu+0x0/0x70
         pintest-31662   [024] d.h..  2559.395316: __flush_smp_call_function_queue: executing non-sync callback from: '3' to: '24' __rdmsr_safe_on_cpu+0x0/0x70
         pintest-31662   [024] d.h..  2559.395339: __flush_smp_call_function_queue: executing non-sync callback from: '3' to: '24' __rdmsr_safe_on_cpu+0x0/0x70
         pintest-31662   [024] d.h..  2559.395353: __flush_smp_call_function_queue: executing non-sync callback from: '3' to: '24' __rdmsr_safe_on_cpu+0x0/0x70
         pintest-31662   [024] d.h..  2559.395367: __flush_smp_call_function_queue: executing non-sync callback from: '3' to: '24' __rdmsr_safe_on_cpu+0x0/0x70
         pintest-31662   [024] d.h..  2559.395380: __flush_smp_call_function_queue: executing non-sync callback from: '3' to: '24' __rdmsr_safe_on_cpu+0x0/0x70
         pintest-31662   [024] d.h..  2559.395392: __flush_smp_call_function_queue: executing non-sync callback from: '3' to: '24' __rdmsr_safe_on_cpu+0x0/0x70
         pintest-31662   [024] d.h..  2559.395405: __flush_smp_call_function_queue: executing non-sync callback from: '3' to: '24' __rdmsr_safe_on_cpu+0x0/0x70
         pintest-31662   [024] d.h..  2559.395418: __flush_smp_call_function_queue: executing non-sync callback from: '3' to: '24' __rdmsr_safe_on_cpu+0x0/0x70
         pintest-31662   [024] d.h..  2559.395430: __flush_smp_call_function_queue: executing non-sync callback from: '3' to: '24' __rdmsr_safe_on_cpu+0x0/0x70
         pintest-31662   [024] d.h..  2559.395441: __flush_smp_call_function_queue: executing non-sync callback from: '3' to: '24' __rdmsr_safe_on_cpu+0x0/0x70
         pintest-31662   [024] d.h..  2559.395454: __flush_smp_call_function_queue: executing non-sync callback from: '3' to: '24' __rdmsr_safe_on_cpu+0x0/0x70
         pintest-31662   [024] d.h..  2559.395466: __flush_smp_call_function_queue: executing non-sync callback from: '3' to: '24' __rdmsr_safe_on_cpu+0x0/0x70
         pintest-31662   [024] d.h..  2559.395478: __flush_smp_call_function_queue: executing non-sync callback from: '3' to: '24' __rdmsr_safe_on_cpu+0x0/0x70
         pintest-31662   [024] d.h..  2559.395490: __flush_smp_call_function_queue: executing non-sync callback from: '3' to: '24' __rdmsr_safe_on_cpu+0x0/0x70
         pintest-31662   [024] d.h..  2559.395502: __flush_smp_call_function_queue: executing non-sync callback from: '3' to: '24' __rdmsr_safe_on_cpu+0x0/0x70
         pintest-31662   [024] d.h..  2559.395514: __flush_smp_call_function_queue: executing non-sync callback from: '3' to: '24' __rdmsr_safe_on_cpu+0x0/0x70
         pintest-31662   [024] d.h..  2559.395525: __flush_smp_call_function_queue: executing non-sync callback from: '3' to: '24' __rdmsr_safe_on_cpu+0x0/0x70
         pintest-31662   [024] d.h..  2559.395539: __flush_smp_call_function_queue: executing non-sync callback from: '3' to: '24' __rdmsr_safe_on_cpu+0x0/0x70
         pintest-31662   [024] d.h..  2559.395551: __flush_smp_call_function_queue: executing non-sync callback from: '3' to: '24' __rdmsr_safe_on_cpu+0x0/0x70
         pintest-31662   [024] d.h..  2559.395563: __flush_smp_call_function_queue: executing non-sync callback from: '3' to: '24' __rdmsr_safe_on_cpu+0x0/0x70
         pintest-31662   [024] d.h..  2559.411811: __flush_smp_call_function_queue: executing irq work callback from: '9' to: '24' nohz_full_kick_func+0x0/0x10
         pintest-31662   [024] d....  2559.411813: clockevents_program_event: seting clock event using lapic_next_deadline+0x0/0x50 with delta 356480
         pintest-31662   [024] d.h..  2559.412171: local_apic_timer_interrupt: ffffffff9403e860 hrtimer_interrupt+0x0/0x380
         pintest-31662   [024] dNh..  2559.412174: clockevents_program_event: seting clock event using lapic_next_deadline+0x0/0x50 with delta 995586
         pintest-31662   [024] d....  2559.412178: sched_switch: prev_comm=pintest prev_pid=31662 prev_prio=120 prev_state=R ==> next_comm=tsc_read_cpu_24 next_pid=32492 next_prio=110
 tsc_read_cpu_24-32492   [024] d....  2559.412191: sched_switch: prev_comm=tsc_read_cpu_24 prev_pid=32492 prev_prio=98 prev_state=S ==> next_comm=pintest next_pid=31662 next_prio=120
         pintest-31662   [024] dn...  2559.412196: clockevents_program_event: seting clock event using lapic_next_deadline+0x0/0x50 with delta 480724190
         pintest-31662   [024] d....  2559.412210: sched_switch: prev_comm=pintest prev_pid=31662 prev_prio=120 prev_state=R ==> next_comm=tsc_read_cpu_24 next_pid=32492 next_prio=98
 tsc_read_cpu_24-32492   [024] dN...  2559.412222: clockevents_program_event: seting clock event using lapic_next_deadline+0x0/0x50 with delta 948597
 tsc_read_cpu_24-32492   [024] d....  2559.412225: sched_switch: prev_comm=tsc_read_cpu_24 prev_pid=32492 prev_prio=110 prev_state=R ==> next_comm=pintest next_pid=31662 next_prio=120
         pintest-31662   [024] d.h..  2559.413173: local_apic_timer_interrupt: ffffffff9403e860 hrtimer_interrupt+0x0/0x380
         pintest-31662   [024] d.h..  2559.413176: clockevents_program_event: seting clock event using lapic_next_deadline+0x0/0x50 with delta 993854
         pintest-31662   [024] d.h..  2559.414171: local_apic_timer_interrupt: ffffffff9403e860 hrtimer_interrupt+0x0/0x380
         pintest-31662   [024] d.h..  2559.414173: clockevents_program_event: seting clock event using lapic_next_deadline+0x0/0x50 with delta 996705
         pintest-31662   [024] d.h..  2559.415171: local_apic_timer_interrupt: ffffffff9403e860 hrtimer_interrupt+0x0/0x380
         pintest-31662   [024] d.h..  2559.415173: clockevents_program_event: seting clock event using lapic_next_deadline+0x0/0x50 with delta 997092
         pintest-31662   [024] d.h..  2559.416171: local_apic_timer_interrupt: ffffffff9403e860 hrtimer_interrupt+0x0/0x380
         pintest-31662   [024] dNh..  2559.416173: clockevents_program_event: seting clock event using lapic_next_deadline+0x0/0x50 with delta 997163
         pintest-31662   [024] d....  2559.416175: sched_switch: prev_comm=pintest prev_pid=31662 prev_prio=120 prev_state=R ==> next_comm=tsc_read_cpu_24 next_pid=32492 next_prio=110
 tsc_read_cpu_24-32492   [024] d....  2559.416196: sched_switch: prev_comm=tsc_read_cpu_24 prev_pid=32492 prev_prio=110 prev_state=X ==> next_comm=pintest next_pid=31662 next_prio=120
         pintest-31662   [024] d....  2559.416200: clockevents_program_event: seting clock event using lapic_next_deadline+0x0/0x50 with delta 476720067
         pintest-31662   [024] d.h..  2559.416272: __flush_smp_call_function_queue: executing ttwu callback from: '44' to: '24' 0x3
         pintest-31662   [024] d....  2559.416278: clockevents_program_event: seting clock event using lapic_next_deadline+0x0/0x50 with delta 891828
         pintest-31662   [024] d.h..  2559.417171: local_apic_timer_interrupt: ffffffff9403e860 hrtimer_interrupt+0x0/0x380
         pintest-31662   [024] d.h..  2559.417173: clockevents_program_event: seting clock event using lapic_next_deadline+0x0/0x50 with delta 996365
         pintest-31662   [024] d.h..  2559.418171: local_apic_timer_interrupt: ffffffff9403e860 hrtimer_interrupt+0x0/0x380
         pintest-31662   [024] d.h..  2559.418173: clockevents_program_event: seting clock event using lapic_next_deadline+0x0/0x50 with delta 996922
         pintest-31662   [024] d.h..  2559.419171: local_apic_timer_interrupt: ffffffff9403e860 hrtimer_interrupt+0x0/0x380
         pintest-31662   [024] d.h..  2559.419173: clockevents_program_event: seting clock event using lapic_next_deadline+0x0/0x50 with delta 996899
         pintest-31662   [024] d.h..  2559.420171: local_apic_timer_interrupt: ffffffff9403e860 hrtimer_interrupt+0x0/0x380
         pintest-31662   [024] dNh..  2559.420174: clockevents_program_event: seting clock event using lapic_next_deadline+0x0/0x50 with delta 996074
         pintest-31662   [024] d....  2559.420177: sched_switch: prev_comm=pintest prev_pid=31662 prev_prio=120 prev_state=R ==> next_comm=tsc_read_cpu_24 next_pid=32494 next_prio=110
 tsc_read_cpu_24-32494   [024] d....  2559.420190: sched_switch: prev_comm=tsc_read_cpu_24 prev_pid=32494 prev_prio=98 prev_state=S ==> next_comm=pintest next_pid=31662 next_prio=120
         pintest-31662   [024] dn...  2559.420194: clockevents_program_event: seting clock event using lapic_next_deadline+0x0/0x50 with delta 472726323
         pintest-31662   [024] d....  2559.420197: sched_switch: prev_comm=pintest prev_pid=31662 prev_prio=120 prev_state=R ==> next_comm=tsc_read_cpu_24 next_pid=32494 next_prio=98
 tsc_read_cpu_24-32494   [024] dN...  2559.420206: clockevents_program_event: seting clock event using lapic_next_deadline+0x0/0x50 with delta 963888
 tsc_read_cpu_24-32494   [024] d....  2559.420210: sched_switch: prev_comm=tsc_read_cpu_24 prev_pid=32494 prev_prio=110 prev_state=R ==> next_comm=pintest next_pid=31662 next_prio=120
         pintest-31662   [024] d.h..  2559.421173: local_apic_timer_interrupt: ffffffff9403e860 hrtimer_interrupt+0x0/0x380
         pintest-31662   [024] d.h..  2559.421176: clockevents_program_event: seting clock event using lapic_next_deadline+0x0/0x50 with delta 993764
         pintest-31662   [024] d.h..  2559.422171: local_apic_timer_interrupt: ffffffff9403e860 hrtimer_interrupt+0x0/0x380
         pintest-31662   [024] d.h..  2559.422173: clockevents_program_event: seting clock event using lapic_next_deadline+0x0/0x50 with delta 996343
         pintest-31662   [024] d.h..  2559.423171: local_apic_timer_interrupt: ffffffff9403e860 hrtimer_interrupt+0x0/0x380
         pintest-31662   [024] d.h..  2559.423173: clockevents_program_event: seting clock event using lapic_next_deadline+0x0/0x50 with delta 997146
         pintest-31662   [024] d.h..  2559.424171: local_apic_timer_interrupt: ffffffff9403e860 hrtimer_interrupt+0x0/0x380
         pintest-31662   [024] dNh..  2559.424173: clockevents_program_event: seting clock event using lapic_next_deadline+0x0/0x50 with delta 996677
         pintest-31662   [024] d....  2559.424176: sched_switch: prev_comm=pintest prev_pid=31662 prev_prio=120 prev_state=R ==> next_comm=tsc_read_cpu_24 next_pid=32494 next_prio=110
 tsc_read_cpu_24-32494   [024] d....  2559.424197: sched_switch: prev_comm=tsc_read_cpu_24 prev_pid=32494 prev_prio=110 prev_state=X ==> next_comm=pintest next_pid=31662 next_prio=120
         pintest-31662   [024] d....  2559.424200: clockevents_program_event: seting clock event using lapic_next_deadline+0x0/0x50 with delta 468719768
         pintest-31662   [024] d.h..  2559.424271: __flush_smp_call_function_queue: executing ttwu callback from: '20' to: '24' 0x3
         pintest-31662   [024] d....  2559.424277: clockevents_program_event: seting clock event using lapic_next_deadline+0x0/0x50 with delta 893086
         pintest-31662   [024] d.h..  2559.425171: local_apic_timer_interrupt: ffffffff9403e860 hrtimer_interrupt+0x0/0x380
         pintest-31662   [024] d.h..  2559.425174: clockevents_program_event: seting clock event using lapic_next_deadline+0x0/0x50 with delta 995785
         pintest-31662   [024] d.h..  2559.426171: local_apic_timer_interrupt: ffffffff9403e860 hrtimer_interrupt+0x0/0x380
         pintest-31662   [024] d.h..  2559.426174: clockevents_program_event: seting clock event using lapic_next_deadline+0x0/0x50 with delta 995946
         pintest-31662   [024] d.h..  2559.427171: local_apic_timer_interrupt: ffffffff9403e860 hrtimer_interrupt+0x0/0x380
         pintest-31662   [024] d.h..  2559.427173: clockevents_program_event: seting clock event using lapic_next_deadline+0x0/0x50 with delta 997045
         pintest-31662   [024] d.h..  2559.428171: local_apic_timer_interrupt: ffffffff9403e860 hrtimer_interrupt+0x0/0x380
         pintest-31662   [024] dNh..  2559.428173: clockevents_program_event: seting clock event using lapic_next_deadline+0x0/0x50 with delta 997011
         pintest-31662   [024] d....  2559.428176: sched_switch: prev_comm=pintest prev_pid=31662 prev_prio=120 prev_state=R ==> next_comm=tsc_read_cpu_24 next_pid=32496 next_prio=110
 tsc_read_cpu_24-32496   [024] d....  2559.428191: sched_switch: prev_comm=tsc_read_cpu_24 prev_pid=32496 prev_prio=98 prev_state=S ==> next_comm=pintest next_pid=31662 next_prio=120
         pintest-31662   [024] dn...  2559.428196: clockevents_program_event: seting clock event using lapic_next_deadline+0x0/0x50 with delta 464724788
         pintest-31662   [024] d....  2559.428199: sched_switch: prev_comm=pintest prev_pid=31662 prev_prio=120 prev_state=R ==> next_comm=tsc_read_cpu_24 next_pid=32496 next_prio=98
 tsc_read_cpu_24-32496   [024] dN...  2559.428219: clockevents_program_event: seting clock event using lapic_next_deadline+0x0/0x50 with delta 951615
 tsc_read_cpu_24-32496   [024] d....  2559.428221: sched_switch: prev_comm=tsc_read_cpu_24 prev_pid=32496 prev_prio=110 prev_state=R ==> next_comm=pintest next_pid=31662 next_prio=120
         pintest-31662   [024] d.h..  2559.429172: local_apic_timer_interrupt: ffffffff9403e860 hrtimer_interrupt+0x0/0x380
         pintest-31662   [024] d.h..  2559.429175: clockevents_program_event: seting clock event using lapic_next_deadline+0x0/0x50 with delta 995048
         pintest-31662   [024] d.h..  2559.430171: local_apic_timer_interrupt: ffffffff9403e860 hrtimer_interrupt+0x0/0x380
         pintest-31662   [024] d.h..  2559.430173: clockevents_program_event: seting clock event using lapic_next_deadline+0x0/0x50 with delta 996940
         pintest-31662   [024] d.h..  2559.431170: local_apic_timer_interrupt: ffffffff9403e860 hrtimer_interrupt+0x0/0x380
         pintest-31662   [024] d.h..  2559.431172: clockevents_program_event: seting clock event using lapic_next_deadline+0x0/0x50 with delta 997436
         pintest-31662   [024] d.h..  2559.432171: local_apic_timer_interrupt: ffffffff9403e860 hrtimer_interrupt+0x0/0x380
         pintest-31662   [024] dNh..  2559.432173: clockevents_program_event: seting clock event using lapic_next_deadline+0x0/0x50 with delta 996979
         pintest-31662   [024] d....  2559.432176: sched_switch: prev_comm=pintest prev_pid=31662 prev_prio=120 prev_state=R ==> next_comm=tsc_read_cpu_24 next_pid=32496 next_prio=110
 tsc_read_cpu_24-32496   [024] d....  2559.432196: sched_switch: prev_comm=tsc_read_cpu_24 prev_pid=32496 prev_prio=110 prev_state=X ==> next_comm=pintest next_pid=31662 next_prio=120
         pintest-31662   [024] d....  2559.432200: clockevents_program_event: seting clock event using lapic_next_deadline+0x0/0x50 with delta 460720206
         pintest-31662   [024] d.h..  2559.892924: local_apic_timer_interrupt: ffffffff9403e860 hrtimer_interrupt+0x0/0x380
         pintest-31662   [024] dNs..  2559.892936: clockevents_program_event: seting clock event using lapic_next_deadline+0x0/0x50 with delta 233704
         pintest-31662   [024] dNH..  2559.892937: local_apic_timer_interrupt: ffffffff9403e860 hrtimer_interrupt+0x0/0x380
         pintest-31662   [024] dNH..  2559.892938: clockevents_program_event: seting clock event using lapic_next_deadline+0x0/0x50 with delta 231431
         pintest-31662   [024] d....  2559.892941: sched_switch: prev_comm=pintest prev_pid=31662 prev_prio=120 prev_state=R ==> next_comm=kcompactd0 next_pid=318 next_prio=120
      kcompactd0-318     [024] d....  2559.892945: sched_switch: prev_comm=kcompactd0 prev_pid=318 prev_prio=120 prev_state=S ==> next_comm=pintest next_pid=31662 next_prio=120
         pintest-31662   [024] d.h..  2559.893171: local_apic_timer_interrupt: ffffffff9403e860 hrtimer_interrupt+0x0/0x380
         pintest-31662   [024] d.h..  2559.893174: clockevents_program_event: seting clock event using lapic_next_deadline+0x0/0x50 with delta 995436
         pintest-31662   [024] d....  2559.893175: clockevents_program_event: seting clock event using lapic_next_deadline+0x0/0x50 with delta 503744338
         pintest-31662   [024] dnh..  2560.116953: __flush_smp_call_function_queue: executing irq work callback from: '0' to: '24' nohz_full_kick_func+0x0/0x10
         pintest-31662   [024] dn...  2560.116957: clockevents_program_event: seting clock event using lapic_next_deadline+0x0/0x50 with delta 213392
         pintest-31662   [024] d....  2560.116962: sched_switch: prev_comm=pintest prev_pid=31662 prev_prio=120 prev_state=R ==> next_comm=kworker/24:1 next_pid=358 next_prio=120
    kworker/24:1-358     [024] d....  2560.116967: sched_switch: prev_comm=kworker/24:1 prev_pid=358 prev_prio=120 prev_state=I ==> next_comm=pintest next_pid=31662 next_prio=120
         pintest-31662   [024] d....  2560.116971: clockevents_program_event: seting clock event using lapic_next_deadline+0x0/0x50 with delta 279948500
         pintest-31662   [024] d.h..  2560.396923: local_apic_timer_interrupt: ffffffff9403e860 hrtimer_interrupt+0x0/0x380
         pintest-31662   [024] dNs..  2560.396933: clockevents_program_event: seting clock event using lapic_next_deadline+0x0/0x50 with delta 236756
         pintest-31662   [024] dNH..  2560.396934: local_apic_timer_interrupt: ffffffff9403e860 hrtimer_interrupt+0x0/0x380
         pintest-31662   [024] dNH..  2560.396934: clockevents_program_event: seting clock event using lapic_next_deadline+0x0/0x50 with delta 235125
         pintest-31662   [024] d....  2560.396942: sched_switch: prev_comm=pintest prev_pid=31662 prev_prio=120 prev_state=R ==> next_comm=kcompactd0 next_pid=318 next_prio=120
      kcompactd0-318     [024] d....  2560.396946: sched_switch: prev_comm=kcompactd0 prev_pid=318 prev_prio=120 prev_state=S ==> next_comm=kworker/24:1 next_pid=358 next_prio=120
    kworker/24:1-358     [024] d....  2560.396958: sched_switch: prev_comm=kworker/24:1 prev_pid=358 prev_prio=120 prev_state=I ==> next_comm=pintest next_pid=31662 next_prio=120
         pintest-31662   [024] d.h..  2560.397175: local_apic_timer_interrupt: ffffffff9403e860 hrtimer_interrupt+0x0/0x380
         pintest-31662   [024] d.h..  2560.397178: clockevents_program_event: seting clock event using lapic_next_deadline+0x0/0x50 with delta 991881
         pintest-31662   [024] d....  2560.397179: clockevents_program_event: seting clock event using lapic_next_deadline+0x0/0x50 with delta 503740235
         pintest-31662   [024] d.h..  2560.900923: local_apic_timer_interrupt: ffffffff9403e860 hrtimer_interrupt+0x0/0x380
         pintest-31662   [024] dNs..  2560.900933: clockevents_program_event: seting clock event using lapic_next_deadline+0x0/0x50 with delta 236007
         pintest-31662   [024] dNH..  2560.900936: local_apic_timer_interrupt: ffffffff9403e860 hrtimer_interrupt+0x0/0x380
         pintest-31662   [024] dNH..  2560.900936: clockevents_program_event: seting clock event using lapic_next_deadline+0x0/0x50 with delta 232957
         pintest-31662   [024] d....  2560.900939: sched_switch: prev_comm=pintest prev_pid=31662 prev_prio=120 prev_state=R ==> next_comm=kcompactd0 next_pid=318 next_prio=120
      kcompactd0-318     [024] d....  2560.900943: sched_switch: prev_comm=kcompactd0 prev_pid=318 prev_prio=120 prev_state=S ==> next_comm=pintest next_pid=31662 next_prio=120
         pintest-31662   [024] d.h..  2560.901171: local_apic_timer_interrupt: ffffffff9403e860 hrtimer_interrupt+0x0/0x380
         pintest-31662   [024] d.h..  2560.901173: clockevents_program_event: seting clock event using lapic_next_deadline+0x0/0x50 with delta 996279
         pintest-31662   [024] d....  2560.901175: clockevents_program_event: seting clock event using lapic_next_deadline+0x0/0x50 with delta 503744559
         pintest-31662   [024] d.h..  2561.404922: local_apic_timer_interrupt: ffffffff9403e860 hrtimer_interrupt+0x0/0x380
         pintest-31662   [024] dNs..  2561.404933: clockevents_program_event: seting clock event using lapic_next_deadline+0x0/0x50 with delta 236386
         pintest-31662   [024] dNH..  2561.404934: local_apic_timer_interrupt: ffffffff9403e860 hrtimer_interrupt+0x0/0x380
         pintest-31662   [024] dNH..  2561.404935: clockevents_program_event: seting clock event using lapic_next_deadline+0x0/0x50 with delta 234378
         pintest-31662   [024] d....  2561.404939: sched_switch: prev_comm=pintest prev_pid=31662 prev_prio=120 prev_state=R ==> next_comm=kcompactd0 next_pid=318 next_prio=120
      kcompactd0-318     [024] d....  2561.404943: sched_switch: prev_comm=kcompactd0 prev_pid=318 prev_prio=120 prev_state=S ==> next_comm=kworker/24:1 next_pid=358 next_prio=120
    kworker/24:1-358     [024] d....  2561.404946: sched_switch: prev_comm=kworker/24:1 prev_pid=358 prev_prio=120 prev_state=I ==> next_comm=pintest next_pid=31662 next_prio=120
         pintest-31662   [024] d.h..  2561.405170: local_apic_timer_interrupt: ffffffff9403e860 hrtimer_interrupt+0x0/0x380
         pintest-31662   [024] d.h..  2561.405173: clockevents_program_event: seting clock event using lapic_next_deadline+0x0/0x50 with delta 996639
         pintest-31662   [024] d....  2561.405174: clockevents_program_event: seting clock event using lapic_next_deadline+0x0/0x50 with delta 503744959
         pintest-31662   [024] d.h..  2561.908922: local_apic_timer_interrupt: ffffffff9403e860 hrtimer_interrupt+0x0/0x380
         pintest-31662   [024] dNs..  2561.908932: clockevents_program_event: seting clock event using lapic_next_deadline+0x0/0x50 with delta 236791
         pintest-31662   [024] dNH..  2561.908933: local_apic_timer_interrupt: ffffffff9403e860 hrtimer_interrupt+0x0/0x380
         pintest-31662   [024] dNH..  2561.908934: clockevents_program_event: seting clock event using lapic_next_deadline+0x0/0x50 with delta 235055
         pintest-31662   [024] d....  2561.908937: sched_switch: prev_comm=pintest prev_pid=31662 prev_prio=120 prev_state=R ==> next_comm=kcompactd0 next_pid=318 next_prio=120
      kcompactd0-318     [024] d....  2561.908940: sched_switch: prev_comm=kcompactd0 prev_pid=318 prev_prio=120 prev_state=S ==> next_comm=pintest next_pid=31662 next_prio=120
         pintest-31662   [024] d.h..  2561.909170: local_apic_timer_interrupt: ffffffff9403e860 hrtimer_interrupt+0x0/0x380
         pintest-31662   [024] d.h..  2561.909172: clockevents_program_event: seting clock event using lapic_next_deadline+0x0/0x50 with delta 996920
         pintest-31662   [024] d....  2561.909173: clockevents_program_event: seting clock event using lapic_next_deadline+0x0/0x50 with delta 503746010
         pintest-31662   [024] d.h..  2562.412922: local_apic_timer_interrupt: ffffffff9403e860 hrtimer_interrupt+0x0/0x380
         pintest-31662   [024] dNs..  2562.412932: clockevents_program_event: seting clock event using lapic_next_deadline+0x0/0x50 with delta 236564
         pintest-31662   [024] dNH..  2562.412933: local_apic_timer_interrupt: ffffffff9403e860 hrtimer_interrupt+0x0/0x380
         pintest-31662   [024] dNH..  2562.412934: clockevents_program_event: seting clock event using lapic_next_deadline+0x0/0x50 with delta 234792
         pintest-31662   [024] d....  2562.412937: sched_switch: prev_comm=pintest prev_pid=31662 prev_prio=120 prev_state=R ==> next_comm=kcompactd0 next_pid=318 next_prio=120
      kcompactd0-318     [024] d....  2562.412941: sched_switch: prev_comm=kcompactd0 prev_pid=318 prev_prio=120 prev_state=S ==> next_comm=pintest next_pid=31662 next_prio=120
         pintest-31662   [024] d.h..  2562.413179: local_apic_timer_interrupt: ffffffff9403e860 hrtimer_interrupt+0x0/0x380
         pintest-31662   [024] d.h..  2562.413182: clockevents_program_event: seting clock event using lapic_next_deadline+0x0/0x50 with delta 987106
         pintest-31662   [024] d....  2562.413183: clockevents_program_event: seting clock event using lapic_next_deadline+0x0/0x50 with delta 503736033
         pintest-31662   [024] d.h..  2562.916922: local_apic_timer_interrupt: ffffffff9403e860 hrtimer_interrupt+0x0/0x380
         pintest-31662   [024] dNs..  2562.916932: clockevents_program_event: seting clock event using lapic_next_deadline+0x0/0x50 with delta 236691
         pintest-31662   [024] dNH..  2562.916934: local_apic_timer_interrupt: ffffffff9403e860 hrtimer_interrupt+0x0/0x380
         pintest-31662   [024] dNH..  2562.916935: clockevents_program_event: seting clock event using lapic_next_deadline+0x0/0x50 with delta 233891
         pintest-31662   [024] d....  2562.916936: sched_switch: prev_comm=pintest prev_pid=31662 prev_prio=120 prev_state=R ==> next_comm=kcompactd0 next_pid=318 next_prio=120
      kcompactd0-318     [024] d....  2562.916940: sched_switch: prev_comm=kcompactd0 prev_pid=318 prev_prio=120 prev_state=S ==> next_comm=pintest next_pid=31662 next_prio=120
         pintest-31662   [024] d.h..  2562.917170: local_apic_timer_interrupt: ffffffff9403e860 hrtimer_interrupt+0x0/0x380
         pintest-31662   [024] d.h..  2562.917172: clockevents_program_event: seting clock event using lapic_next_deadline+0x0/0x50 with delta 996843
         pintest-31662   [024] d....  2562.917173: clockevents_program_event: seting clock event using lapic_next_deadline+0x0/0x50 with delta 503745909
         pintest-31662   [024] d.h..  2563.420923: local_apic_timer_interrupt: ffffffff9403e860 hrtimer_interrupt+0x0/0x380
         pintest-31662   [024] dNs..  2563.420935: clockevents_program_event: seting clock event using lapic_next_deadline+0x0/0x50 with delta 233726
         pintest-31662   [024] dNH..  2563.420936: local_apic_timer_interrupt: ffffffff9403e860 hrtimer_interrupt+0x0/0x380
         pintest-31662   [024] dNH..  2563.420936: clockevents_program_event: seting clock event using lapic_next_deadline+0x0/0x50 with delta 231928
         pintest-31662   [024] d....  2563.420940: sched_switch: prev_comm=pintest prev_pid=31662 prev_prio=120 prev_state=R ==> next_comm=kcompactd0 next_pid=318 next_prio=120
      kcompactd0-318     [024] d....  2563.420944: sched_switch: prev_comm=kcompactd0 prev_pid=318 prev_prio=120 prev_state=S ==> next_comm=kworker/24:1 next_pid=358 next_prio=120
    kworker/24:1-358     [024] d....  2563.420955: sched_switch: prev_comm=kworker/24:1 prev_pid=358 prev_prio=120 prev_state=I ==> next_comm=pintest next_pid=31662 next_prio=120
         pintest-31662   [024] d.h..  2563.421169: local_apic_timer_interrupt: ffffffff9403e860 hrtimer_interrupt+0x0/0x380
         pintest-31662   [024] d.h..  2563.421173: clockevents_program_event: seting clock event using lapic_next_deadline+0x0/0x50 with delta 995894
         pintest-31662   [024] d....  2563.421174: clockevents_program_event: seting clock event using lapic_next_deadline+0x0/0x50 with delta 503744649
         pintest-31662   [024] d.h..  2563.924922: local_apic_timer_interrupt: ffffffff9403e860 hrtimer_interrupt+0x0/0x380
         pintest-31662   [024] dNs..  2563.924932: clockevents_program_event: seting clock event using lapic_next_deadline+0x0/0x50 with delta 236288
         pintest-31662   [024] dNH..  2563.924935: local_apic_timer_interrupt: ffffffff9403e860 hrtimer_interrupt+0x0/0x380
         pintest-31662   [024] dNH..  2563.924935: clockevents_program_event: seting clock event using lapic_next_deadline+0x0/0x50 with delta 233159
         pintest-31662   [024] d....  2563.924937: sched_switch: prev_comm=pintest prev_pid=31662 prev_prio=120 prev_state=R ==> next_comm=kcompactd0 next_pid=318 next_prio=120
      kcompactd0-318     [024] d....  2563.924941: sched_switch: prev_comm=kcompactd0 prev_pid=318 prev_prio=120 prev_state=S ==> next_comm=pintest next_pid=31662 next_prio=120
         pintest-31662   [024] d.h..  2563.925169: local_apic_timer_interrupt: ffffffff9403e860 hrtimer_interrupt+0x0/0x380
         pintest-31662   [024] d.h..  2563.925171: clockevents_program_event: seting clock event using lapic_next_deadline+0x0/0x50 with delta 996993
         pintest-31662   [024] d....  2563.925172: clockevents_program_event: seting clock event using lapic_next_deadline+0x0/0x50 with delta 503745939
         pintest-31662   [024] d.h..  2564.428921: local_apic_timer_interrupt: ffffffff9403e860 hrtimer_interrupt+0x0/0x380
         pintest-31662   [024] dNs..  2564.428931: clockevents_program_event: seting clock event using lapic_next_deadline+0x0/0x50 with delta 237008
         pintest-31662   [024] dNH..  2564.428932: local_apic_timer_interrupt: ffffffff9403e860 hrtimer_interrupt+0x0/0x380
         pintest-31662   [024] dNH..  2564.428933: clockevents_program_event: seting clock event using lapic_next_deadline+0x0/0x50 with delta 235248
         pintest-31662   [024] d....  2564.428936: sched_switch: prev_comm=pintest prev_pid=31662 prev_prio=120 prev_state=R ==> next_comm=kcompactd0 next_pid=318 next_prio=120
      kcompactd0-318     [024] d....  2564.428939: sched_switch: prev_comm=kcompactd0 prev_pid=318 prev_prio=120 prev_state=S ==> next_comm=pintest next_pid=31662 next_prio=120
         pintest-31662   [024] d.h..  2564.429169: local_apic_timer_interrupt: ffffffff9403e860 hrtimer_interrupt+0x0/0x380
         pintest-31662   [024] d.h..  2564.429171: clockevents_program_event: seting clock event using lapic_next_deadline+0x0/0x50 with delta 997258
         pintest-31662   [024] d....  2564.429172: clockevents_program_event: seting clock event using lapic_next_deadline+0x0/0x50 with delta 503746236
         pintest-31662   [024] d.h..  2564.932921: local_apic_timer_interrupt: ffffffff9403e860 hrtimer_interrupt+0x0/0x380
         pintest-31662   [024] dNs..  2564.932931: clockevents_program_event: seting clock event using lapic_next_deadline+0x0/0x50 with delta 237131
         pintest-31662   [024] dNH..  2564.932932: local_apic_timer_interrupt: ffffffff9403e860 hrtimer_interrupt+0x0/0x380
         pintest-31662   [024] dNH..  2564.932933: clockevents_program_event: seting clock event using lapic_next_deadline+0x0/0x50 with delta 235294
         pintest-31662   [024] d....  2564.932936: sched_switch: prev_comm=pintest prev_pid=31662 prev_prio=120 prev_state=R ==> next_comm=kcompactd0 next_pid=318 next_prio=120
      kcompactd0-318     [024] d....  2564.932939: sched_switch: prev_comm=kcompactd0 prev_pid=318 prev_prio=120 prev_state=S ==> next_comm=pintest next_pid=31662 next_prio=120
         pintest-31662   [024] d.h..  2564.933169: local_apic_timer_interrupt: ffffffff9403e860 hrtimer_interrupt+0x0/0x380
         pintest-31662   [024] d.h..  2564.933171: clockevents_program_event: seting clock event using lapic_next_deadline+0x0/0x50 with delta 997187
         pintest-31662   [024] d....  2564.933172: clockevents_program_event: seting clock event using lapic_next_deadline+0x0/0x50 with delta 503746244
         pintest-31662   [024] d.h..  2565.436925: local_apic_timer_interrupt: ffffffff9403e860 hrtimer_interrupt+0x0/0x380
         pintest-31662   [024] dNs..  2565.436935: clockevents_program_event: seting clock event using lapic_next_deadline+0x0/0x50 with delta 233264
         pintest-31662   [024] dNH..  2565.436936: local_apic_timer_interrupt: ffffffff9403e860 hrtimer_interrupt+0x0/0x380
         pintest-31662   [024] dNH..  2565.436936: clockevents_program_event: seting clock event using lapic_next_deadline+0x0/0x50 with delta 231675
         pintest-31662   [024] d....  2565.436939: sched_switch: prev_comm=pintest prev_pid=31662 prev_prio=120 prev_state=R ==> next_comm=kcompactd0 next_pid=318 next_prio=120
      kcompactd0-318     [024] d....  2565.436942: sched_switch: prev_comm=kcompactd0 prev_pid=318 prev_prio=120 prev_state=S ==> next_comm=pintest next_pid=31662 next_prio=120
         pintest-31662   [024] d.h..  2565.437169: local_apic_timer_interrupt: ffffffff9403e860 hrtimer_interrupt+0x0/0x380
         pintest-31662   [024] d.h..  2565.437171: clockevents_program_event: seting clock event using lapic_next_deadline+0x0/0x50 with delta 996717
         pintest-31662   [024] d....  2565.437172: clockevents_program_event: seting clock event using lapic_next_deadline+0x0/0x50 with delta 503745489
         pintest-31662   [024] d.h..  2565.940921: local_apic_timer_interrupt: ffffffff9403e860 hrtimer_interrupt+0x0/0x380
         pintest-31662   [024] dNs..  2565.940932: clockevents_program_event: seting clock event using lapic_next_deadline+0x0/0x50 with delta 235736
         pintest-31662   [024] dNH..  2565.940933: local_apic_timer_interrupt: ffffffff9403e860 hrtimer_interrupt+0x0/0x380
         pintest-31662   [024] dNH..  2565.940934: clockevents_program_event: seting clock event using lapic_next_deadline+0x0/0x50 with delta 233977
         pintest-31662   [024] d....  2565.940936: sched_switch: prev_comm=pintest prev_pid=31662 prev_prio=120 prev_state=R ==> next_comm=kcompactd0 next_pid=318 next_prio=120
      kcompactd0-318     [024] d....  2565.940942: sched_switch: prev_comm=kcompactd0 prev_pid=318 prev_prio=120 prev_state=S ==> next_comm=pintest next_pid=31662 next_prio=120
         pintest-31662   [024] d.h..  2565.941169: local_apic_timer_interrupt: ffffffff9403e860 hrtimer_interrupt+0x0/0x380
         pintest-31662   [024] d.h..  2565.941171: clockevents_program_event: seting clock event using lapic_next_deadline+0x0/0x50 with delta 997005
         pintest-31662   [024] d....  2565.941172: clockevents_program_event: seting clock event using lapic_next_deadline+0x0/0x50 with delta 503745933
         pintest-31662   [024] d.h..  2566.079462: __flush_smp_call_function_queue: executing non-sync callback from: '21' to: '24' cpuid_smp_cpuid+0x0/0x30
         pintest-31662   [024] d.h..  2566.079472: __flush_smp_call_function_queue: executing non-sync callback from: '21' to: '24' cpuid_smp_cpuid+0x0/0x30
         pintest-31662   [024] d.h..  2566.080384: __flush_smp_call_function_queue: executing non-sync callback from: '21' to: '24' cpuid_smp_cpuid+0x0/0x30
         pintest-31662   [024] d.h..  2566.080397: __flush_smp_call_function_queue: executing non-sync callback from: '21' to: '24' cpuid_smp_cpuid+0x0/0x30
         pintest-31662   [024] d.h..  2566.081264: __flush_smp_call_function_queue: executing non-sync callback from: '21' to: '24' cpuid_smp_cpuid+0x0/0x30
         pintest-31662   [024] d.h..  2566.081274: __flush_smp_call_function_queue: executing non-sync callback from: '21' to: '24' cpuid_smp_cpuid+0x0/0x30
         pintest-31662   [024] d.h..  2566.081926: __flush_smp_call_function_queue: executing non-sync callback from: '21' to: '24' __rdmsr_safe_on_cpu+0x0/0x70
         pintest-31662   [024] d.h..  2566.102217: __flush_smp_call_function_queue: executing non-sync callback from: '21' to: '24' __rdmsr_safe_on_cpu+0x0/0x70
         pintest-31662   [024] d.h..  2566.102766: __flush_smp_call_function_queue: executing non-sync callback from: '21' to: '24' __rdmsr_safe_on_cpu+0x0/0x70
         pintest-31662   [024] d.h..  2566.102772: __flush_smp_call_function_queue: executing non-sync callback from: '21' to: '24' __rdmsr_safe_on_cpu+0x0/0x70
         pintest-31662   [024] d.h..  2566.102777: __flush_smp_call_function_queue: executing non-sync callback from: '21' to: '24' __rdmsr_safe_on_cpu+0x0/0x70
         pintest-31662   [024] d.h..  2566.123478: __flush_smp_call_function_queue: executing non-sync callback from: '21' to: '24' __rdmsr_safe_on_cpu+0x0/0x70
         pintest-31662   [024] d.h..  2566.123483: __flush_smp_call_function_queue: executing non-sync callback from: '21' to: '24' __rdmsr_safe_on_cpu+0x0/0x70
         pintest-31662   [024] d.h..  2566.123488: __flush_smp_call_function_queue: executing non-sync callback from: '21' to: '24' __rdmsr_safe_on_cpu+0x0/0x70
         pintest-31662   [024] d.h..  2566.125412: __flush_smp_call_function_queue: executing non-sync callback from: '21' to: '24' cpuid_smp_cpuid+0x0/0x30
         pintest-31662   [024] d.h..  2566.125421: __flush_smp_call_function_queue: executing non-sync callback from: '21' to: '24' __rdmsr_safe_on_cpu+0x0/0x70
         pintest-31662   [024] d.h..  2566.125430: __flush_smp_call_function_queue: executing non-sync callback from: '21' to: '24' __rdmsr_safe_on_cpu+0x0/0x70
         pintest-31662   [024] d.h..  2566.125436: __flush_smp_call_function_queue: executing non-sync callback from: '21' to: '24' __rdmsr_safe_on_cpu+0x0/0x70
